Archive member included to satisfy reference by file (symbol)

/opt/st/stm32cubeide_1.3.0/plugins/com.st.stm32cube.ide.mcu.externaltools.gnu-tools-for-stm32.7-2018-q2-update.linux64_1.0.0.201904181610/tools/bin/../lib/gcc/arm-none-eabi/7.3.1/../../../../arm-none-eabi/lib/thumb/v7-m/libc_nano.a(lib_a-errno.o)
                              Src/syscalls.o (__errno)
/opt/st/stm32cubeide_1.3.0/plugins/com.st.stm32cube.ide.mcu.externaltools.gnu-tools-for-stm32.7-2018-q2-update.linux64_1.0.0.201904181610/tools/bin/../lib/gcc/arm-none-eabi/7.3.1/../../../../arm-none-eabi/lib/thumb/v7-m/libc_nano.a(lib_a-exit.o)
                              /opt/st/stm32cubeide_1.3.0/plugins/com.st.stm32cube.ide.mcu.externaltools.gnu-tools-for-stm32.7-2018-q2-update.linux64_1.0.0.201904181610/tools/bin/../lib/gcc/arm-none-eabi/7.3.1/../../../../arm-none-eabi/lib/thumb/v7-m/crt0.o (exit)
/opt/st/stm32cubeide_1.3.0/plugins/com.st.stm32cube.ide.mcu.externaltools.gnu-tools-for-stm32.7-2018-q2-update.linux64_1.0.0.201904181610/tools/bin/../lib/gcc/arm-none-eabi/7.3.1/../../../../arm-none-eabi/lib/thumb/v7-m/libc_nano.a(lib_a-impure.o)
                              /opt/st/stm32cubeide_1.3.0/plugins/com.st.stm32cube.ide.mcu.externaltools.gnu-tools-for-stm32.7-2018-q2-update.linux64_1.0.0.201904181610/tools/bin/../lib/gcc/arm-none-eabi/7.3.1/../../../../arm-none-eabi/lib/thumb/v7-m/libc_nano.a(lib_a-exit.o) (_global_impure_ptr)
/opt/st/stm32cubeide_1.3.0/plugins/com.st.stm32cube.ide.mcu.externaltools.gnu-tools-for-stm32.7-2018-q2-update.linux64_1.0.0.201904181610/tools/bin/../lib/gcc/arm-none-eabi/7.3.1/../../../../arm-none-eabi/lib/thumb/v7-m/libc_nano.a(lib_a-init.o)
                              /opt/st/stm32cubeide_1.3.0/plugins/com.st.stm32cube.ide.mcu.externaltools.gnu-tools-for-stm32.7-2018-q2-update.linux64_1.0.0.201904181610/tools/bin/../lib/gcc/arm-none-eabi/7.3.1/../../../../arm-none-eabi/lib/thumb/v7-m/crt0.o (__libc_init_array)
/opt/st/stm32cubeide_1.3.0/plugins/com.st.stm32cube.ide.mcu.externaltools.gnu-tools-for-stm32.7-2018-q2-update.linux64_1.0.0.201904181610/tools/bin/../lib/gcc/arm-none-eabi/7.3.1/../../../../arm-none-eabi/lib/thumb/v7-m/libc_nano.a(lib_a-memset.o)
                              /opt/st/stm32cubeide_1.3.0/plugins/com.st.stm32cube.ide.mcu.externaltools.gnu-tools-for-stm32.7-2018-q2-update.linux64_1.0.0.201904181610/tools/bin/../lib/gcc/arm-none-eabi/7.3.1/../../../../arm-none-eabi/lib/thumb/v7-m/crt0.o (memset)
/opt/st/stm32cubeide_1.3.0/plugins/com.st.stm32cube.ide.mcu.externaltools.gnu-tools-for-stm32.7-2018-q2-update.linux64_1.0.0.201904181610/tools/bin/../lib/gcc/arm-none-eabi/7.3.1/../../../../arm-none-eabi/lib/thumb/v7-m/libc_nano.a(lib_a-nano-vfprintf_float.o)
                              (_printf_float)
/opt/st/stm32cubeide_1.3.0/plugins/com.st.stm32cube.ide.mcu.externaltools.gnu-tools-for-stm32.7-2018-q2-update.linux64_1.0.0.201904181610/tools/bin/../lib/gcc/arm-none-eabi/7.3.1/../../../../arm-none-eabi/lib/thumb/v7-m/libc_nano.a(lib_a-nano-vfprintf_i.o)
                              /opt/st/stm32cubeide_1.3.0/plugins/com.st.stm32cube.ide.mcu.externaltools.gnu-tools-for-stm32.7-2018-q2-update.linux64_1.0.0.201904181610/tools/bin/../lib/gcc/arm-none-eabi/7.3.1/../../../../arm-none-eabi/lib/thumb/v7-m/libc_nano.a(lib_a-nano-vfprintf_float.o) (_printf_common)
/opt/st/stm32cubeide_1.3.0/plugins/com.st.stm32cube.ide.mcu.externaltools.gnu-tools-for-stm32.7-2018-q2-update.linux64_1.0.0.201904181610/tools/bin/../lib/gcc/arm-none-eabi/7.3.1/../../../../arm-none-eabi/lib/thumb/v7-m/libc_nano.a(lib_a-snprintf.o)
                              Src/main.o (snprintf)
/opt/st/stm32cubeide_1.3.0/plugins/com.st.stm32cube.ide.mcu.externaltools.gnu-tools-for-stm32.7-2018-q2-update.linux64_1.0.0.201904181610/tools/bin/../lib/gcc/arm-none-eabi/7.3.1/../../../../arm-none-eabi/lib/thumb/v7-m/libc_nano.a(lib_a-sprintf.o)
                              Src/LCD.o (sprintf)
/opt/st/stm32cubeide_1.3.0/plugins/com.st.stm32cube.ide.mcu.externaltools.gnu-tools-for-stm32.7-2018-q2-update.linux64_1.0.0.201904181610/tools/bin/../lib/gcc/arm-none-eabi/7.3.1/../../../../arm-none-eabi/lib/thumb/v7-m/libc_nano.a(lib_a-strlen.o)
                              Src/LCD.o (strlen)
/opt/st/stm32cubeide_1.3.0/plugins/com.st.stm32cube.ide.mcu.externaltools.gnu-tools-for-stm32.7-2018-q2-update.linux64_1.0.0.201904181610/tools/bin/../lib/gcc/arm-none-eabi/7.3.1/../../../../arm-none-eabi/lib/thumb/v7-m/libc_nano.a(lib_a-dtoa.o)
                              /opt/st/stm32cubeide_1.3.0/plugins/com.st.stm32cube.ide.mcu.externaltools.gnu-tools-for-stm32.7-2018-q2-update.linux64_1.0.0.201904181610/tools/bin/../lib/gcc/arm-none-eabi/7.3.1/../../../../arm-none-eabi/lib/thumb/v7-m/libc_nano.a(lib_a-nano-vfprintf_float.o) (_dtoa_r)
[...]
Memory Configuration

Name             Origin             Length             Attributes
RAM              0x0000000020000000 0x0000000000010000 xrw
FLASH            0x0000000008000000 0x0000000000080000 xr
*default*        0x0000000000000000 0xffffffffffffffff

Linker script and memory map

LOAD /opt/st/stm32cubeide_1.3.0/plugins/com.st.stm32cube.ide.mcu.externaltools.gnu-tools-for-stm32.7-2018-q2-update.linux64_1.0.0.201904181610/tools/bin/../lib/gcc/arm-none-eabi/7.3.1/thumb/v7-m/crti.o
LOAD /opt/st/stm32cubeide_1.3.0/plugins/com.st.stm32cube.ide.mcu.externaltools.gnu-tools-for-stm32.7-2018-q2-update.linux64_1.0.0.201904181610/tools/bin/../lib/gcc/arm-none-eabi/7.3.1/thumb/v7-m/crtbegin.o
LOAD /opt/st/stm32cubeide_1.3.0/plugins/com.st.stm32cube.ide.mcu.externaltools.gnu-tools-for-stm32.7-2018-q2-update.linux64_1.0.0.201904181610/tools/bin/../lib/gcc/arm-none-eabi/7.3.1/../../../../arm-none-eabi/lib/thumb/v7-m/crt0.o
LOAD Drivers/STM32F1xx_HAL_Driver/Src/stm32f1xx_hal.o
LOAD Drivers/STM32F1xx_HAL_Driver/Src/stm32f1xx_hal_cortex.o
LOAD Drivers/STM32F1xx_HAL_Driver/Src/stm32f1xx_hal_dma.o
LOAD Drivers/STM32F1xx_HAL_Driver/Src/stm32f1xx_hal_exti.o
LOAD Drivers/STM32F1xx_HAL_Driver/Src/stm32f1xx_hal_flash.o
LOAD Drivers/STM32F1xx_HAL_Driver/Src/stm32f1xx_hal_flash_ex.o
LOAD Drivers/STM32F1xx_HAL_Driver/Src/stm32f1xx_hal_gpio.o
LOAD Drivers/STM32F1xx_HAL_Driver/Src/stm32f1xx_hal_gpio_ex.o
LOAD Drivers/STM32F1xx_HAL_Driver/Src/stm32f1xx_hal_i2c.o
LOAD Drivers/STM32F1xx_HAL_Driver/Src/stm32f1xx_hal_pwr.o
LOAD Drivers/STM32F1xx_HAL_Driver/Src/stm32f1xx_hal_rcc.o
LOAD Drivers/STM32F1xx_HAL_Driver/Src/stm32f1xx_hal_rcc_ex.o
LOAD Drivers/STM32F1xx_HAL_Driver/Src/stm32f1xx_hal_spi.o
LOAD Drivers/STM32F1xx_HAL_Driver/Src/stm32f1xx_hal_tim.o
LOAD Drivers/STM32F1xx_HAL_Driver/Src/stm32f1xx_hal_tim_ex.o
LOAD Drivers/STM32F1xx_HAL_Driver/Src/stm32f1xx_hal_uart.o
LOAD Drivers/u8glib/src/u8g_arm.o
LOAD Drivers/u8glib/src/u8g_bitmap.o
LOAD Drivers/u8glib/src/u8g_circle.o
LOAD Drivers/u8glib/src/u8g_clip.o
LOAD Drivers/u8glib/src/u8g_com_api.o
LOAD Drivers/u8glib/src/u8g_com_api_16gr.o
LOAD Drivers/u8glib/src/u8g_com_i2c.o
LOAD Drivers/u8glib/src/u8g_com_io.o
LOAD Drivers/u8glib/src/u8g_com_msp430_hw_spi.o
LOAD Drivers/u8glib/src/u8g_com_null.o
LOAD Drivers/u8glib/src/u8g_com_std_sw_spi.o
LOAD Drivers/u8glib/src/u8g_cursor.o
LOAD Drivers/u8glib/src/u8g_delay.o
LOAD Drivers/u8glib/src/u8g_dev_gprof.o
LOAD Drivers/u8glib/src/u8g_dev_null.o
LOAD Drivers/u8glib/src/u8g_dev_ssd1306_128x32.o
LOAD Drivers/u8glib/src/u8g_dev_ssd1306_128x64.o
LOAD Drivers/u8glib/src/u8g_dev_ssd1306_64x48.o
LOAD Drivers/u8glib/src/u8g_dev_ssd1309_128x64.o
LOAD Drivers/u8glib/src/u8g_ellipse.o
LOAD Drivers/u8glib/src/u8g_font.o
LOAD Drivers/u8glib/src/u8g_font_data.o
LOAD Drivers/u8glib/src/u8g_line.o
LOAD Drivers/u8glib/src/u8g_ll_api.o
LOAD Drivers/u8glib/src/u8g_page.o
LOAD Drivers/u8glib/src/u8g_pb.o
LOAD Drivers/u8glib/src/u8g_pb14v1.o
LOAD Drivers/u8glib/src/u8g_pb16h1.o
LOAD Drivers/u8glib/src/u8g_pb16h2.o
LOAD Drivers/u8glib/src/u8g_pb16v1.o
LOAD Drivers/u8glib/src/u8g_pb16v2.o
LOAD Drivers/u8glib/src/u8g_pb32h1.o
LOAD Drivers/u8glib/src/u8g_pb8h1.o
LOAD Drivers/u8glib/src/u8g_pb8h1f.o
LOAD Drivers/u8glib/src/u8g_pb8h2.o
LOAD Drivers/u8glib/src/u8g_pb8h8.o
LOAD Drivers/u8glib/src/u8g_pb8v1.o
LOAD Drivers/u8glib/src/u8g_pb8v2.o
LOAD Drivers/u8glib/src/u8g_pbxh16.o
LOAD Drivers/u8glib/src/u8g_pbxh24.o
LOAD Drivers/u8glib/src/u8g_polygon.o
LOAD Drivers/u8glib/src/u8g_rect.o
LOAD Drivers/u8glib/src/u8g_rot.o
LOAD Drivers/u8glib/src/u8g_scale.o
LOAD Drivers/u8glib/src/u8g_state.o
LOAD Drivers/u8glib/src/u8g_u16toa.o
LOAD Drivers/u8glib/src/u8g_u8toa.o
LOAD Drivers/u8glib/src/u8g_virtual_screen.o
LOAD Src/LCD.o
LOAD Src/gpio.o
LOAD Src/i2c.o
LOAD Src/main.o
LOAD Src/spi.o
LOAD Src/stm32f1xx_hal_msp.o
LOAD Src/stm32f1xx_it.o
LOAD Src/syscalls.o
LOAD Src/system_stm32f1xx.o
LOAD Src/tim.o
LOAD Src/usart.o
LOAD startup/startup_stm32f103xe.o
START GROUP
LOAD /opt/st/stm32cubeide_1.3.0/plugins/com.st.stm32cube.ide.mcu.externaltools.gnu-tools-for-stm32.7-2018-q2-update.linux64_1.0.0.201904181610/tools/bin/../lib/gcc/arm-none-eabi/7.3.1/../../../../arm-none-eabi/lib/thumb/v7-m/libc_nano.a
LOAD /opt/st/stm32cubeide_1.3.0/plugins/com.st.stm32cube.ide.mcu.externaltools.gnu-tools-for-stm32.7-2018-q2-update.linux64_1.0.0.201904181610/tools/bin/../lib/gcc/arm-none-eabi/7.3.1/../../../../arm-none-eabi/lib/thumb/v7-m/libm.a
END GROUP
START GROUP
LOAD /opt/st/stm32cubeide_1.3.0/plugins/com.st.stm32cube.ide.mcu.externaltools.gnu-tools-for-stm32.7-2018-q2-update.linux64_1.0.0.201904181610/tools/bin/../lib/gcc/arm-none-eabi/7.3.1/thumb/v7-m/libgcc.a
LOAD /opt/st/stm32cubeide_1.3.0/plugins/com.st.stm32cube.ide.mcu.externaltools.gnu-tools-for-stm32.7-2018-q2-update.linux64_1.0.0.201904181610/tools/bin/../lib/gcc/arm-none-eabi/7.3.1/../../../../arm-none-eabi/lib/thumb/v7-m/libc_nano.a
END GROUP
START GROUP
LOAD /opt/st/stm32cubeide_1.3.0/plugins/com.st.stm32cube.ide.mcu.externaltools.gnu-tools-for-stm32.7-2018-q2-update.linux64_1.0.0.201904181610/tools/bin/../lib/gcc/arm-none-eabi/7.3.1/thumb/v7-m/libgcc.a
LOAD /opt/st/stm32cubeide_1.3.0/plugins/com.st.stm32cube.ide.mcu.externaltools.gnu-tools-for-stm32.7-2018-q2-update.linux64_1.0.0.201904181610/tools/bin/../lib/gcc/arm-none-eabi/7.3.1/../../../../arm-none-eabi/lib/thumb/v7-m/libc_nano.a
LOAD /opt/st/stm32cubeide_1.3.0/plugins/com.st.stm32cube.ide.mcu.externaltools.gnu-tools-for-stm32.7-2018-q2-update.linux64_1.0.0.201904181610/tools/bin/../lib/gcc/arm-none-eabi/7.3.1/../../../../arm-none-eabi/lib/thumb/v7-m/libnosys.a
END GROUP
START GROUP
LOAD /opt/st/stm32cubeide_1.3.0/plugins/com.st.stm32cube.ide.mcu.externaltools.gnu-tools-for-stm32.7-2018-q2-update.linux64_1.0.0.201904181610/tools/bin/../lib/gcc/arm-none-eabi/7.3.1/thumb/v7-m/libgcc.a
LOAD /opt/st/stm32cubeide_1.3.0/plugins/com.st.stm32cube.ide.mcu.externaltools.gnu-tools-for-stm32.7-2018-q2-update.linux64_1.0.0.201904181610/tools/bin/../lib/gcc/arm-none-eabi/7.3.1/../../../../arm-none-eabi/lib/thumb/v7-m/libc_nano.a
LOAD /opt/st/stm32cubeide_1.3.0/plugins/com.st.stm32cube.ide.mcu.externaltools.gnu-tools-for-stm32.7-2018-q2-update.linux64_1.0.0.201904181610/tools/bin/../lib/gcc/arm-none-eabi/7.3.1/../../../../arm-none-eabi/lib/thumb/v7-m/libnosys.a
END GROUP
LOAD /opt/st/stm32cubeide_1.3.0/plugins/com.st.stm32cube.ide.mcu.externaltools.gnu-tools-for-stm32.7-2018-q2-update.linux64_1.0.0.201904181610/tools/bin/../lib/gcc/arm-none-eabi/7.3.1/thumb/v7-m/crtend.o
LOAD /opt/st/stm32cubeide_1.3.0/plugins/com.st.stm32cube.ide.mcu.externaltools.gnu-tools-for-stm32.7-2018-q2-update.linux64_1.0.0.201904181610/tools/bin/../lib/gcc/arm-none-eabi/7.3.1/thumb/v7-m/crtn.o
                0x0000000020010000                _estack = 0x20010000
                0x0000000000000200                _Min_Heap_Size = 0x200
                0x0000000000000400                _Min_Stack_Size = 0x400

.isr_vector     0x0000000008000000      0x1e4
                0x0000000008000000                . = ALIGN (0x4)
 *(.isr_vector)
 .isr_vector    0x0000000008000000      0x1e4 startup/startup_stm32f103xe.o
                0x0000000008000000                g_pfnVectors
                0x00000000080001e4                . = ALIGN (0x4)

.text           0x00000000080001e8     0x6c20
                0x00000000080001e8                . = ALIGN (0x4)
 *(.text)
 .text          0x00000000080001e8       0x40 /opt/st/stm32cubeide_1.3.0/plugins/com.st.stm32cube.ide.mcu.externaltools.gnu-tools-for-stm32.7-2018-q2-update.linux64_1.0.0.201904181610/tools/bin/../lib/gcc/arm-none-eabi/7.3.1/thumb/v7-m/crtbegin.o
 .text          0x0000000008000228       0x10 /opt/st/stm32cubeide_1.3.0/plugins/com.st.stm32cube.ide.mcu.externaltools.gnu-tools-for-stm32.7-2018-q2-update.linux64_1.0.0.201904181610/tools/bin/../lib/gcc/arm-none-eabi/7.3.1/../../../../arm-none-eabi/lib/thumb/v7-m/libc_nano.a(lib_a-strlen.o)
                0x0000000008000228                strlen
 .text          0x0000000008000238      0x378 /opt/st/stm32cubeide_1.3.0/plugins/com.st.stm32cube.ide.mcu.externaltools.gnu-tools-for-stm32.7-2018-q2-update.linux64_1.0.0.201904181610/tools/bin/../lib/gcc/arm-none-eabi/7.3.1/thumb/v7-m/libgcc.a(_arm_addsubdf3.o)
                0x0000000008000238                __aeabi_drsub
                0x0000000008000240                __aeabi_dsub
                0x0000000008000240                __subdf3
                0x0000000008000244                __adddf3
                0x0000000008000244                __aeabi_dadd
                0x00000000080004bc                __aeabi_ui2d
                0x00000000080004bc                __floatunsidf
                0x00000000080004dc                __floatsidf
                0x00000000080004dc                __aeabi_i2d
                0x0000000008000500                __extendsfdf2
                0x0000000008000500                __aeabi_f2d
                0x0000000008000544                __aeabi_ul2d
                0x0000000008000544                __floatundidf
                0x0000000008000554                __floatdidf
                0x0000000008000554                __aeabi_l2d
 .text          0x00000000080005b0      0x424 /opt/st/stm32cubeide_1.3.0/plugins/com.st.stm32cube.ide.mcu.externaltools.gnu-tools-for-stm32.7-2018-q2-update.linux64_1.0.0.201904181610/tools/bin/../lib/gcc/arm-none-eabi/7.3.1/thumb/v7-m/libgcc.a(_arm_muldivdf3.o)
                0x00000000080005b0                __aeabi_dmul
                0x00000000080005b0                __muldf3
                0x0000000008000804                __aeabi_ddiv
                0x0000000008000804                __divdf3
 .text          0x00000000080009d4      0x110 /opt/st/stm32cubeide_1.3.0/plugins/com.st.stm32cube.ide.mcu.externaltools.gnu-tools-for-stm32.7-2018-q2-update.linux64_1.0.0.201904181610/tools/bin/../lib/gcc/arm-none-eabi/7.3.1/thumb/v7-m/libgcc.a(_arm_cmpdf2.o)
                0x00000000080009d4                __gtdf2
                0x00000000080009d4                __gedf2
                0x00000000080009dc                __ltdf2
                0x00000000080009dc                __ledf2
                0x00000000080009e4                __cmpdf2
                0x00000000080009e4                __eqdf2
                0x00000000080009e4                __nedf2
                0x0000000008000a60                __aeabi_cdrcmple
                0x0000000008000a70                __aeabi_cdcmple
                0x0000000008000a70                __aeabi_cdcmpeq
                0x0000000008000a80                __aeabi_dcmpeq
                0x0000000008000a94                __aeabi_dcmplt
                0x0000000008000aa8                __aeabi_dcmple
                0x0000000008000abc                __aeabi_dcmpge
                0x0000000008000ad0                __aeabi_dcmpgt
 .text          0x0000000008000ae4       0x2c /opt/st/stm32cubeide_1.3.0/plugins/com.st.stm32cube.ide.mcu.externaltools.gnu-tools-for-stm32.7-2018-q2-update.linux64_1.0.0.201904181610/tools/bin/../lib/gcc/arm-none-eabi/7.3.1/thumb/v7-m/libgcc.a(_arm_unorddf2.o)
                0x0000000008000ae4                __aeabi_dcmpun
                0x0000000008000ae4                __unorddf2
 .text          0x0000000008000b10       0x50 /opt/st/stm32cubeide_1.3.0/plugins/com.st.stm32cube.ide.mcu.externaltools.gnu-tools-for-stm32.7-2018-q2-update.linux64_1.0.0.201904181610/tools/bin/../lib/gcc/arm-none-eabi/7.3.1/thumb/v7-m/libgcc.a(_arm_fixdfsi.o)
                0x0000000008000b10                __fixdfsi
                0x0000000008000b10                __aeabi_d2iz
 .text          0x0000000008000b60       0x40 /opt/st/stm32cubeide_1.3.0/plugins/com.st.stm32cube.ide.mcu.externaltools.gnu-tools-for-stm32.7-2018-q2-update.linux64_1.0.0.201904181610/tools/bin/../lib/gcc/arm-none-eabi/7.3.1/thumb/v7-m/libgcc.a(_arm_fixunsdfsi.o)
                0x0000000008000b60                __fixunsdfsi
                0x0000000008000b60                __aeabi_d2uiz
 *(.text*)
 .text.HAL_InitTick
                0x0000000008000ba0       0x4c Drivers/STM32F1xx_HAL_Driver/Src/stm32f1xx_hal.o
                0x0000000008000ba0                HAL_InitTick
 .text.HAL_Init
                0x0000000008000bec       0x24 Drivers/STM32F1xx_HAL_Driver/Src/stm32f1xx_hal.o
                0x0000000008000bec                HAL_Init
 .text.HAL_IncTick
                0x0000000008000c10       0x18 Drivers/STM32F1xx_HAL_Driver/Src/stm32f1xx_hal.o
                0x0000000008000c10                HAL_IncTick
 .text.HAL_GetTick
                0x0000000008000c28        0xc Drivers/STM32F1xx_HAL_Driver/Src/stm32f1xx_hal.o
                0x0000000008000c28                HAL_GetTick
 .text.HAL_Delay
                0x0000000008000c34       0x28 Drivers/STM32F1xx_HAL_Driver/Src/stm32f1xx_hal.o
                0x0000000008000c34                HAL_Delay
 .text.HAL_NVIC_SetPriorityGrouping
                0x0000000008000c5c       0x24 Drivers/STM32F1xx_HAL_Driver/Src/stm32f1xx_hal_cortex.o
                0x0000000008000c5c                HAL_NVIC_SetPriorityGrouping
 .text.HAL_NVIC_SetPriority
                0x0000000008000c80       0x68 Drivers/STM32F1xx_HAL_Driver/Src/stm32f1xx_hal_cortex.o
                0x0000000008000c80                HAL_NVIC_SetPriority
 .text.HAL_SYSTICK_Config
                0x0000000008000ce8       0x2c Drivers/STM32F1xx_HAL_Driver/Src/stm32f1xx_hal_cortex.o
                0x0000000008000ce8                HAL_SYSTICK_Config
 .text.HAL_GPIO_Init
                0x0000000008000d14      0x1f4 Drivers/STM32F1xx_HAL_Driver/Src/stm32f1xx_hal_gpio.o
                0x0000000008000d14                HAL_GPIO_Init
 .text.HAL_GPIO_WritePin
                0x0000000008000f08        0xc Drivers/STM32F1xx_HAL_Driver/Src/stm32f1xx_hal_gpio.o
                0x0000000008000f08                HAL_GPIO_WritePin
 .text.I2C_IsAcknowledgeFailed
                0x0000000008000f14       0x32 Drivers/STM32F1xx_HAL_Driver/Src/stm32f1xx_hal_i2c.o
 .text.I2C_WaitOnFlagUntilTimeout
                0x0000000008000f46       0x70 Drivers/STM32F1xx_HAL_Driver/Src/stm32f1xx_hal_i2c.o
 .text.I2C_WaitOnMasterAddressFlagUntilTimeout
                0x0000000008000fb6       0xa4 Drivers/STM32F1xx_HAL_Driver/Src/stm32f1xx_hal_i2c.o
 *fill*         0x000000000800105a        0x2 
 .text.I2C_MasterRequestWrite
                0x000000000800105c       0xa8 Drivers/STM32F1xx_HAL_Driver/Src/stm32f1xx_hal_i2c.o
 .text.I2C_WaitOnTXEFlagUntilTimeout
                0x0000000008001104       0x54 Drivers/STM32F1xx_HAL_Driver/Src/stm32f1xx_hal_i2c.o
 .text.I2C_RequestMemoryWrite
                0x0000000008001158       0xc8 Drivers/STM32F1xx_HAL_Driver/Src/stm32f1xx_hal_i2c.o
 .text.I2C_WaitOnBTFFlagUntilTimeout
                0x0000000008001220       0x54 Drivers/STM32F1xx_HAL_Driver/Src/stm32f1xx_hal_i2c.o
 .text.HAL_I2C_Init
                0x0000000008001274      0x1a0 Drivers/STM32F1xx_HAL_Driver/Src/stm32f1xx_hal_i2c.o
                0x0000000008001274                HAL_I2C_Init
 .text.HAL_I2C_Master_Transmit
                0x0000000008001414      0x174 Drivers/STM32F1xx_HAL_Driver/Src/stm32f1xx_hal_i2c.o
                0x0000000008001414                HAL_I2C_Master_Transmit
 .text.HAL_I2C_Mem_Write
                0x0000000008001588      0x168 Drivers/STM32F1xx_HAL_Driver/Src/stm32f1xx_hal_i2c.o
                0x0000000008001588                HAL_I2C_Mem_Write
 .text.RCC_Delay
                0x00000000080016f0       0x2c Drivers/STM32F1xx_HAL_Driver/Src/stm32f1xx_hal_rcc.o
 .text.HAL_RCC_OscConfig
                0x000000000800171c      0x410 Drivers/STM32F1xx_HAL_Driver/Src/stm32f1xx_hal_rcc.o
                0x000000000800171c                HAL_RCC_OscConfig
 .text.HAL_RCC_GetSysClockFreq
                0x0000000008001b2c       0x7c Drivers/STM32F1xx_HAL_Driver/Src/stm32f1xx_hal_rcc.o
                0x0000000008001b2c                HAL_RCC_GetSysClockFreq
 .text.HAL_RCC_ClockConfig
                0x0000000008001ba8      0x168 Drivers/STM32F1xx_HAL_Driver/Src/stm32f1xx_hal_rcc.o
                0x0000000008001ba8                HAL_RCC_ClockConfig
 .text.HAL_RCC_GetHCLKFreq
                0x0000000008001d10        0xc Drivers/STM32F1xx_HAL_Driver/Src/stm32f1xx_hal_rcc.o
                0x0000000008001d10                HAL_RCC_GetHCLKFreq
 .text.HAL_RCC_GetPCLK1Freq
                0x0000000008001d1c       0x20 Drivers/STM32F1xx_HAL_Driver/Src/stm32f1xx_hal_rcc.o
                0x0000000008001d1c                HAL_RCC_GetPCLK1Freq
 .text.HAL_RCC_GetPCLK2Freq
                0x0000000008001d3c       0x20 Drivers/STM32F1xx_HAL_Driver/Src/stm32f1xx_hal_rcc.o
                0x0000000008001d3c                HAL_RCC_GetPCLK2Freq
 .text.SPI_WaitFlagStateUntilTimeout
                0x0000000008001d5c       0x90 Drivers/STM32F1xx_HAL_Driver/Src/stm32f1xx_hal_spi.o
 .text.SPI_EndRxTxTransaction
                0x0000000008001dec       0x28 Drivers/STM32F1xx_HAL_Driver/Src/stm32f1xx_hal_spi.o
 .text.HAL_SPI_Init
                0x0000000008001e14       0x7c Drivers/STM32F1xx_HAL_Driver/Src/stm32f1xx_hal_spi.o
                0x0000000008001e14                HAL_SPI_Init
 .text.HAL_SPI_Transmit
                0x0000000008001e90      0x19a Drivers/STM32F1xx_HAL_Driver/Src/stm32f1xx_hal_spi.o
                0x0000000008001e90                HAL_SPI_Transmit
 .text.HAL_SPI_GetState
                0x000000000800202a        0x6 Drivers/STM32F1xx_HAL_Driver/Src/stm32f1xx_hal_spi.o
                0x000000000800202a                HAL_SPI_GetState
 .text.TIM_OC1_SetConfig
                0x0000000008002030       0x68 Drivers/STM32F1xx_HAL_Driver/Src/stm32f1xx_hal_tim.o
 .text.TIM_OC3_SetConfig
                0x0000000008002098       0x70 Drivers/STM32F1xx_HAL_Driver/Src/stm32f1xx_hal_tim.o
 .text.TIM_OC4_SetConfig
                0x0000000008002108       0x50 Drivers/STM32F1xx_HAL_Driver/Src/stm32f1xx_hal_tim.o
 .text.TIM_TI1_ConfigInputStage
                0x0000000008002158       0x24 Drivers/STM32F1xx_HAL_Driver/Src/stm32f1xx_hal_tim.o
 .text.TIM_TI2_ConfigInputStage
                0x000000000800217c       0x26 Drivers/STM32F1xx_HAL_Driver/Src/stm32f1xx_hal_tim.o
 .text.TIM_ITRx_SetConfig
                0x00000000080021a2       0x10 Drivers/STM32F1xx_HAL_Driver/Src/stm32f1xx_hal_tim.o
 .text.HAL_TIM_PWM_MspInit
                0x00000000080021b2        0x2 Drivers/STM32F1xx_HAL_Driver/Src/stm32f1xx_hal_tim.o
                0x00000000080021b2                HAL_TIM_PWM_MspInit
 .text.TIM_Base_SetConfig
                0x00000000080021b4       0x98 Drivers/STM32F1xx_HAL_Driver/Src/stm32f1xx_hal_tim.o
                0x00000000080021b4                TIM_Base_SetConfig
 .text.HAL_TIM_Base_Init
                0x000000000800224c       0x32 Drivers/STM32F1xx_HAL_Driver/Src/stm32f1xx_hal_tim.o
                0x000000000800224c                HAL_TIM_Base_Init
 .text.HAL_TIM_PWM_Init
                0x000000000800227e       0x32 Drivers/STM32F1xx_HAL_Driver/Src/stm32f1xx_hal_tim.o
                0x000000000800227e                HAL_TIM_PWM_Init
 .text.TIM_OC2_SetConfig
                0x00000000080022b0       0x70 Drivers/STM32F1xx_HAL_Driver/Src/stm32f1xx_hal_tim.o
                0x00000000080022b0                TIM_OC2_SetConfig
 .text.HAL_TIM_PWM_ConfigChannel
                0x0000000008002320       0xdc Drivers/STM32F1xx_HAL_Driver/Src/stm32f1xx_hal_tim.o
                0x0000000008002320                HAL_TIM_PWM_ConfigChannel
 .text.TIM_ETR_SetConfig
                0x00000000080023fc       0x16 Drivers/STM32F1xx_HAL_Driver/Src/stm32f1xx_hal_tim.o
                0x00000000080023fc                TIM_ETR_SetConfig
 .text.HAL_TIM_ConfigClockSource
                0x0000000008002412       0xda Drivers/STM32F1xx_HAL_Driver/Src/stm32f1xx_hal_tim.o
                0x0000000008002412                HAL_TIM_ConfigClockSource
 .text.TIM_CCxChannelCmd
                0x00000000080024ec       0x20 Drivers/STM32F1xx_HAL_Driver/Src/stm32f1xx_hal_tim.o
                0x00000000080024ec                TIM_CCxChannelCmd
 .text.HAL_TIM_PWM_Start
                0x000000000800250c       0x40 Drivers/STM32F1xx_HAL_Driver/Src/stm32f1xx_hal_tim.o
                0x000000000800250c                HAL_TIM_PWM_Start
 .text.HAL_TIMEx_MasterConfigSynchronization
                0x000000000800254c       0x46 Drivers/STM32F1xx_HAL_Driver/Src/stm32f1xx_hal_tim_ex.o
                0x000000000800254c                HAL_TIMEx_MasterConfigSynchronization
 *fill*         0x0000000008002592        0x2 
 .text.UART_SetConfig
                0x0000000008002594       0xcc Drivers/STM32F1xx_HAL_Driver/Src/stm32f1xx_hal_uart.o
 .text.UART_WaitOnFlagUntilTimeout
                0x0000000008002660       0x62 Drivers/STM32F1xx_HAL_Driver/Src/stm32f1xx_hal_uart.o
 .text.HAL_UART_Init
                0x00000000080026c2       0x5e Drivers/STM32F1xx_HAL_Driver/Src/stm32f1xx_hal_uart.o
                0x00000000080026c2                HAL_UART_Init
 .text.HAL_UART_Transmit
                0x0000000008002720       0xe0 Drivers/STM32F1xx_HAL_Driver/Src/stm32f1xx_hal_uart.o
                0x0000000008002720                HAL_UART_Transmit
 .text.u8g_Delay
                0x0000000008002800       0x14 Drivers/u8glib/src/u8g_arm.o
                0x0000000008002800                u8g_Delay
 .text.u8g_MicroDelay
                0x0000000008002814        0x8 Drivers/u8glib/src/u8g_arm.o
                0x0000000008002814                u8g_MicroDelay
 .text.u8g_10MicroDelay
                0x000000000800281c        0xe Drivers/u8glib/src/u8g_arm.o
                0x000000000800281c                u8g_10MicroDelay
 *fill*         0x000000000800282a        0x2 
 .text.u8g_com_hw_spi_fn
                0x000000000800282c       0xa8 Drivers/u8glib/src/u8g_arm.o
                0x000000000800282c                u8g_com_hw_spi_fn
 .text.u8g_com_hw_i2c_fn
                0x00000000080028d4       0x94 Drivers/u8glib/src/u8g_arm.o
                0x00000000080028d4                u8g_com_hw_i2c_fn
 .text.u8g_DrawHBitmap
                0x0000000008002968       0x36 Drivers/u8glib/src/u8g_bitmap.o
                0x0000000008002968                u8g_DrawHBitmap
 .text.u8g_DrawBitmap
                0x000000000800299e       0x46 Drivers/u8glib/src/u8g_bitmap.o
                0x000000000800299e                u8g_DrawBitmap
 .text.u8g_IsBBXIntersection
                0x00000000080029e4       0x74 Drivers/u8glib/src/u8g_clip.o
                0x00000000080029e4                u8g_IsBBXIntersection
 .text.u8g_InitCom
                0x0000000008002a58        0xc Drivers/u8glib/src/u8g_com_api.o
                0x0000000008002a58                u8g_InitCom
 .text.u8g_SetChipSelect
                0x0000000008002a64        0xc Drivers/u8glib/src/u8g_com_api.o
                0x0000000008002a64                u8g_SetChipSelect
 .text.u8g_SetResetLow
                0x0000000008002a70        0xe Drivers/u8glib/src/u8g_com_api.o
                0x0000000008002a70                u8g_SetResetLow
 .text.u8g_SetResetHigh
                0x0000000008002a7e        0xe Drivers/u8glib/src/u8g_com_api.o
                0x0000000008002a7e                u8g_SetResetHigh
 .text.u8g_SetAddress
                0x0000000008002a8c        0xc Drivers/u8glib/src/u8g_com_api.o
                0x0000000008002a8c                u8g_SetAddress
 .text.u8g_WriteByte
                0x0000000008002a98        0xc Drivers/u8glib/src/u8g_com_api.o
                0x0000000008002a98                u8g_WriteByte
 .text.u8g_WriteSequence
                0x0000000008002aa4        0xa Drivers/u8glib/src/u8g_com_api.o
                0x0000000008002aa4                u8g_WriteSequence
 .text.u8g_WriteEscSeqP
                0x0000000008002aae       0xc6 Drivers/u8glib/src/u8g_com_api.o
                0x0000000008002aae                u8g_WriteEscSeqP
 .text.u8g_com_null_fn
                0x0000000008002b74        0x4 Drivers/u8glib/src/u8g_com_null.o
                0x0000000008002b74                u8g_com_null_fn
 .text.u8g_dev_ssd1306_128x32_2x_fn
                0x0000000008002b78       0xfc Drivers/u8glib/src/u8g_dev_ssd1306_128x32.o
                0x0000000008002b78                u8g_dev_ssd1306_128x32_2x_fn
 .text.u8g_dev_ssd1309_128x64_fn
                0x0000000008002c74       0xe0 Drivers/u8glib/src/u8g_dev_ssd1309_128x64.o
                0x0000000008002c74                u8g_dev_ssd1309_128x64_fn
 .text.u8g_font_get_byte
                0x0000000008002d54        0x4 Drivers/u8glib/src/u8g_font.o
 .text.u8g_font_get_word
                0x0000000008002d58        0xe Drivers/u8glib/src/u8g_font.o
 .text.u8g_font_GetFormat
                0x0000000008002d66        0xa Drivers/u8glib/src/u8g_font.o
 .text.u8g_font_GetFontGlyphStructureSize
                0x0000000008002d70       0x14 Drivers/u8glib/src/u8g_font.o
 .text.u8g_font_GetGlyphDataStart
                0x0000000008002d84        0xc Drivers/u8glib/src/u8g_font.o
 .text.u8g_CopyGlyphDataToCache
                0x0000000008002d90       0x54 Drivers/u8glib/src/u8g_font.o
 .text.u8g_FillEmptyGlyphCache
                0x0000000008002de4       0x10 Drivers/u8glib/src/u8g_font.o
 .text.u8g_font_calc_vref_font
                0x0000000008002df4        0x4 Drivers/u8glib/src/u8g_font.o
                0x0000000008002df4                u8g_font_calc_vref_font
 .text.u8g_font_GetEncoding65Pos
                0x0000000008002df8        0xa Drivers/u8glib/src/u8g_font.o
                0x0000000008002df8                u8g_font_GetEncoding65Pos
 .text.u8g_font_GetEncoding97Pos
                0x0000000008002e02        0xa Drivers/u8glib/src/u8g_font.o
                0x0000000008002e02                u8g_font_GetEncoding97Pos
 .text.u8g_font_GetFontStartEncoding
                0x0000000008002e0c        0xa Drivers/u8glib/src/u8g_font.o
                0x0000000008002e0c                u8g_font_GetFontStartEncoding
 .text.u8g_font_GetFontEndEncoding
                0x0000000008002e16        0xa Drivers/u8glib/src/u8g_font.o
                0x0000000008002e16                u8g_font_GetFontEndEncoding
 .text.u8g_GetGlyph
                0x0000000008002e20       0xa8 Drivers/u8glib/src/u8g_font.o
                0x0000000008002e20                u8g_GetGlyph
 .text.u8g_draw_glyph
                0x0000000008002ec8       0xb0 Drivers/u8glib/src/u8g_font.o
                0x0000000008002ec8                u8g_draw_glyph
 .text.u8g_DrawStr
                0x0000000008002f78       0x3a Drivers/u8glib/src/u8g_font.o
                0x0000000008002f78                u8g_DrawStr
 *fill*         0x0000000008002fb2        0x2 
 .text.u8g_SetFontPosBaseline
                0x0000000008002fb4        0xc Drivers/u8glib/src/u8g_font.o
                0x0000000008002fb4                u8g_SetFontPosBaseline
 .text.u8g_call_dev_fn
                0x0000000008002fc0        0x8 Drivers/u8glib/src/u8g_ll_api.o
                0x0000000008002fc0                u8g_call_dev_fn
 .text.u8g_InitLL
                0x0000000008002fc8       0x2a Drivers/u8glib/src/u8g_ll_api.o
                0x0000000008002fc8                u8g_InitLL
 .text.u8g_FirstPageLL
                0x0000000008002ff2       0x34 Drivers/u8glib/src/u8g_ll_api.o
                0x0000000008002ff2                u8g_FirstPageLL
 .text.u8g_NextPageLL
                0x0000000008003026       0x3c Drivers/u8glib/src/u8g_ll_api.o
                0x0000000008003026                u8g_NextPageLL
 .text.u8g_SetContrastLL
                0x0000000008003062       0x16 Drivers/u8glib/src/u8g_ll_api.o
                0x0000000008003062                u8g_SetContrastLL
 .text.u8g_Draw8PixelLL
                0x0000000008003078       0x26 Drivers/u8glib/src/u8g_ll_api.o
                0x0000000008003078                u8g_Draw8PixelLL
 .text.u8g_GetWidthLL
                0x000000000800309e       0x18 Drivers/u8glib/src/u8g_ll_api.o
                0x000000000800309e                u8g_GetWidthLL
 .text.u8g_GetHeightLL
                0x00000000080030b6       0x18 Drivers/u8glib/src/u8g_ll_api.o
                0x00000000080030b6                u8g_GetHeightLL
 .text.u8g_GetModeLL
                0x00000000080030ce        0xc Drivers/u8glib/src/u8g_ll_api.o
                0x00000000080030ce                u8g_GetModeLL
 .text.u8g_UpdateDimension
                0x00000000080030da       0x30 Drivers/u8glib/src/u8g_ll_api.o
                0x00000000080030da                u8g_UpdateDimension
 .text.u8g_Begin
                0x000000000800310a       0x1c Drivers/u8glib/src/u8g_ll_api.o
                0x000000000800310a                u8g_Begin
 .text.u8g_FirstPage
                0x0000000008003126        0xa Drivers/u8glib/src/u8g_ll_api.o
                0x0000000008003126                u8g_FirstPage
 .text.u8g_NextPage
                0x0000000008003130       0x14 Drivers/u8glib/src/u8g_ll_api.o
                0x0000000008003130                u8g_NextPage
 .text.u8g_SetContrast
                0x0000000008003144        0xc Drivers/u8glib/src/u8g_ll_api.o
                0x0000000008003144                u8g_SetContrast
 .text.u8g_Draw8Pixel
                0x0000000008003150       0x1c Drivers/u8glib/src/u8g_ll_api.o
                0x0000000008003150                u8g_Draw8Pixel
 .text.u8g_SetColorIndex
                0x000000000800316c        0x6 Drivers/u8glib/src/u8g_ll_api.o
                0x000000000800316c                u8g_SetColorIndex
 *fill*         0x0000000008003172        0x2 
 .text.u8g_init_data
                0x0000000008003174       0x44 Drivers/u8glib/src/u8g_ll_api.o
 .text.u8g_InitComFn
                0x00000000080031b8       0x18 Drivers/u8glib/src/u8g_ll_api.o
                0x00000000080031b8                u8g_InitComFn
 .text.u8g_page_First
                0x00000000080031d0        0xe Drivers/u8glib/src/u8g_page.o
                0x00000000080031d0                u8g_page_First
 .text.u8g_page_Next
                0x00000000080031de       0x2e Drivers/u8glib/src/u8g_page.o
                0x00000000080031de                u8g_page_Next
 .text.u8g_pb_Clear
                0x000000000800320c       0x14 Drivers/u8glib/src/u8g_pb.o
                0x000000000800320c                u8g_pb_Clear
 .text.u8g_pb_IsYIntersection
                0x0000000008003220       0x2c Drivers/u8glib/src/u8g_pb.o
                0x0000000008003220                u8g_pb_IsYIntersection
 .text.u8g_pb_GetPageBox
                0x000000000800324c       0x14 Drivers/u8glib/src/u8g_pb.o
                0x000000000800324c                u8g_pb_GetPageBox
 .text.u8g_pb_Is8PixelVisible
                0x0000000008003260       0x2a Drivers/u8glib/src/u8g_pb.o
                0x0000000008003260                u8g_pb_Is8PixelVisible
 .text.u8g_pb_WriteBuffer
                0x000000000800328a       0x12 Drivers/u8glib/src/u8g_pb.o
                0x000000000800328a                u8g_pb_WriteBuffer
 .text.u8g_pb16v1_Clear
                0x000000000800329c       0x16 Drivers/u8glib/src/u8g_pb16v1.o
                0x000000000800329c                u8g_pb16v1_Clear
 .text.u8g_pb16v1_set_pixel
                0x00000000080032b2       0x34 Drivers/u8glib/src/u8g_pb16v1.o
                0x00000000080032b2                u8g_pb16v1_set_pixel
 .text.u8g_pb16v1_SetPixel
                0x00000000080032e6       0x26 Drivers/u8glib/src/u8g_pb16v1.o
                0x00000000080032e6                u8g_pb16v1_SetPixel
 .text.u8g_pb16v1_Set8PixelOpt2
                0x000000000800330c       0x5e Drivers/u8glib/src/u8g_pb16v1.o
                0x000000000800330c                u8g_pb16v1_Set8PixelOpt2
 .text.u8g_dev_pb16v1_base_fn
                0x000000000800336a       0xb0 Drivers/u8glib/src/u8g_pb16v1.o
                0x000000000800336a                u8g_dev_pb16v1_base_fn
 .text.u8g_pb8v1_set_pixel
                0x000000000800341a       0x28 Drivers/u8glib/src/u8g_pb8v1.o
                0x000000000800341a                u8g_pb8v1_set_pixel
 .text.u8g_pb8v1_SetPixel
                0x0000000008003442       0x26 Drivers/u8glib/src/u8g_pb8v1.o
                0x0000000008003442                u8g_pb8v1_SetPixel
 .text.u8g_pb8v1_Set8PixelOpt2
                0x0000000008003468       0x5e Drivers/u8glib/src/u8g_pb8v1.o
                0x0000000008003468                u8g_pb8v1_Set8PixelOpt2
 .text.u8g_dev_pb8v1_base_fn
                0x00000000080034c6       0xb0 Drivers/u8glib/src/u8g_pb8v1.o
                0x00000000080034c6                u8g_dev_pb8v1_base_fn
 .text.u8g_state_dummy_cb
                0x0000000008003576        0x2 Drivers/u8glib/src/u8g_state.o
                0x0000000008003576                u8g_state_dummy_cb
 .text.lcd_write_command
                0x0000000008003578       0x50 Src/LCD.o
 .text.lcd_write_data
                0x00000000080035c8       0x4c Src/LCD.o
 .text.Lcd_init
                0x0000000008003614      0x108 Src/LCD.o
                0x0000000008003614                Lcd_init
 .text.Lcd_clr  0x000000000800371c       0x10 Src/LCD.o
                0x000000000800371c                Lcd_clr
 .text.Lcd_string
                0x000000000800372c       0x1e Src/LCD.o
                0x000000000800372c                Lcd_string
 *fill*         0x000000000800374a        0x2 
 .text.Lcd_int  0x000000000800374c       0x20 Src/LCD.o
                0x000000000800374c                Lcd_int
 .text.Lcd_cursor
                0x000000000800376c       0x14 Src/LCD.o
                0x000000000800376c                Lcd_cursor
 .text.MX_GPIO_Init
                0x0000000008003780      0x110 Src/gpio.o
                0x0000000008003780                MX_GPIO_Init
 .text.MX_I2C1_Init
                0x0000000008003890       0x3c Src/i2c.o
                0x0000000008003890                MX_I2C1_Init
 .text.HAL_I2C_MspInit
                0x00000000080038cc       0x64 Src/i2c.o
                0x00000000080038cc                HAL_I2C_MspInit
 .text.display_battery
                0x0000000008003930       0x84 Src/main.o
                0x0000000008003930                display_battery
 .text.display_gear
                0x00000000080039b4       0xb4 Src/main.o
                0x00000000080039b4                display_gear
 .text.display_power_disable
                0x0000000008003a68       0x50 Src/main.o
                0x0000000008003a68                display_power_disable
 .text.display_battery_disable
                0x0000000008003ab8       0x50 Src/main.o
                0x0000000008003ab8                display_battery_disable
 .text.display_gear_disable
                0x0000000008003b08       0x50 Src/main.o
                0x0000000008003b08                display_gear_disable
 .text.display_power
                0x0000000008003b58       0xa4 Src/main.o
                0x0000000008003b58                display_power
 *fill*         0x0000000008003bfc        0x4 
 .text.display_speed
                0x0000000008003c00      0x110 Src/main.o
                0x0000000008003c00                display_speed
 .text.displays_init
                0x0000000008003d10      0x10c Src/main.o
                0x0000000008003d10                displays_init
 .text.display_logo
                0x0000000008003e1c       0x38 Src/main.o
                0x0000000008003e1c                display_logo
 .text.displays_set_brightness
                0x0000000008003e54       0x7c Src/main.o
                0x0000000008003e54                displays_set_brightness
 .text.ws_senddata
                0x0000000008003ed0       0x88 Src/main.o
                0x0000000008003ed0                ws_senddata
 .text.ws_set_leds
                0x0000000008003f58       0x14 Src/main.o
                0x0000000008003f58                ws_set_leds
 .text.ws_set_speed
                0x0000000008003f6c       0x2c Src/main.o
                0x0000000008003f6c                ws_set_speed
 .text.ws_set_power
                0x0000000008003f98       0x60 Src/main.o
                0x0000000008003f98                ws_set_power
 .text.ws_set_battery
                0x0000000008003ff8       0xbc Src/main.o
                0x0000000008003ff8                ws_set_battery
 .text.ws_set_brightness
                0x00000000080040b4        0xc Src/main.o
                0x00000000080040b4                ws_set_brightness
 .text.set_backlight
                0x00000000080040c0       0x10 Src/main.o
                0x00000000080040c0                set_backlight
 .text.pwm_init
                0x00000000080040d0       0x24 Src/main.o
                0x00000000080040d0                pwm_init
 .text.gui_init
                0x00000000080040f4       0x28 Src/main.o
                0x00000000080040f4                gui_init
 *fill*         0x000000000800411c        0x4 
 .text.gui_screen_intro
                0x0000000008004120       0xc4 Src/main.o
                0x0000000008004120                gui_screen_intro
 .text.gui_display_statement
                0x00000000080041e4      0x100 Src/main.o
                0x00000000080041e4                gui_display_statement
 *fill*         0x00000000080042e4        0x4 
 .text.gui_screen_main
                0x00000000080042e8      0x300 Src/main.o
                0x00000000080042e8                gui_screen_main
 .text.Error_Handler
                0x00000000080045e8        0x2 Src/main.o
                0x00000000080045e8                Error_Handler
 .text.SystemClock_Config
                0x00000000080045ea       0x66 Src/main.o
                0x00000000080045ea                SystemClock_Config
 .text.main     0x0000000008004650       0x34 Src/main.o
                0x0000000008004650                main
 .text.MX_SPI2_Init
                0x0000000008004684       0x44 Src/spi.o
                0x0000000008004684                MX_SPI2_Init
 .text.MX_SPI3_Init
                0x00000000080046c8       0x44 Src/spi.o
                0x00000000080046c8                MX_SPI3_Init
 .text.HAL_SPI_MspInit
                0x000000000800470c       0xac Src/spi.o
                0x000000000800470c                HAL_SPI_MspInit
 .text.HAL_MspInit
                0x00000000080047b8       0x44 Src/stm32f1xx_hal_msp.o
                0x00000000080047b8                HAL_MspInit
 .text.NMI_Handler
                0x00000000080047fc        0x2 Src/stm32f1xx_it.o
                0x00000000080047fc                NMI_Handler
 .text.HardFault_Handler
                0x00000000080047fe        0x2 Src/stm32f1xx_it.o
                0x00000000080047fe                HardFault_Handler
 .text.MemManage_Handler
                0x0000000008004800        0x2 Src/stm32f1xx_it.o
                0x0000000008004800                MemManage_Handler
 .text.BusFault_Handler
                0x0000000008004802        0x2 Src/stm32f1xx_it.o
                0x0000000008004802                BusFault_Handler
 .text.UsageFault_Handler
                0x0000000008004804        0x2 Src/stm32f1xx_it.o
                0x0000000008004804                UsageFault_Handler
 .text.SVC_Handler
                0x0000000008004806        0x2 Src/stm32f1xx_it.o
                0x0000000008004806                SVC_Handler
 .text.DebugMon_Handler
                0x0000000008004808        0x2 Src/stm32f1xx_it.o
                0x0000000008004808                DebugMon_Handler
 .text.PendSV_Handler
                0x000000000800480a        0x2 Src/stm32f1xx_it.o
                0x000000000800480a                PendSV_Handler
 .text.SysTick_Handler
                0x000000000800480c        0x8 Src/stm32f1xx_it.o
                0x000000000800480c                SysTick_Handler
 .text._sbrk    0x0000000008004814       0x3c Src/syscalls.o
                0x0000000008004814                _sbrk
 .text.SystemInit
                0x0000000008004850       0x4c Src/system_stm32f1xx.o
                0x0000000008004850                SystemInit
 .text.HAL_TIM_Base_MspInit
                0x000000000800489c       0x2c Src/tim.o
                0x000000000800489c                HAL_TIM_Base_MspInit
 .text.HAL_TIM_MspPostInit
                0x00000000080048c8       0x74 Src/tim.o
                0x00000000080048c8                HAL_TIM_MspPostInit
 .text.MX_TIM3_Init
                0x000000000800493c       0xd8 Src/tim.o
                0x000000000800493c                MX_TIM3_Init
 .text.MX_USART1_UART_Init
                0x0000000008004a14       0x34 Src/usart.o
                0x0000000008004a14                MX_USART1_UART_Init
 .text.MX_USART2_UART_Init
                0x0000000008004a48       0x34 Src/usart.o
                0x0000000008004a48                MX_USART2_UART_Init
 .text.HAL_UART_MspInit
                0x0000000008004a7c       0xd4 Src/usart.o
                0x0000000008004a7c                HAL_UART_MspInit
 .text.Reset_Handler
                0x0000000008004b50       0x48 startup/startup_stm32f103xe.o
                0x0000000008004b50                Reset_Handler
 .text.Default_Handler
                0x0000000008004b98        0x2 startup/startup_stm32f103xe.o
                0x0000000008004b98                RTC_Alarm_IRQHandler
                0x0000000008004b98                EXTI2_IRQHandler
                0x0000000008004b98                TIM8_TRG_COM_IRQHandler
                0x0000000008004b98                TIM8_CC_IRQHandler
                0x0000000008004b98                TIM1_CC_IRQHandler
                0x0000000008004b98                TIM6_IRQHandler
                0x0000000008004b98                PVD_IRQHandler
                0x0000000008004b98                SDIO_IRQHandler
                0x0000000008004b98                EXTI3_IRQHandler
                0x0000000008004b98                EXTI0_IRQHandler
                0x0000000008004b98                I2C2_EV_IRQHandler
                0x0000000008004b98                ADC1_2_IRQHandler
                0x0000000008004b98                SPI1_IRQHandler
                0x0000000008004b98                TAMPER_IRQHandler
                0x0000000008004b98                TIM8_UP_IRQHandler
                0x0000000008004b98                DMA2_Channel2_IRQHandler
                0x0000000008004b98                DMA1_Channel4_IRQHandler
                0x0000000008004b98                USART3_IRQHandler
                0x0000000008004b98                RTC_IRQHandler
                0x0000000008004b98                DMA1_Channel7_IRQHandler
                0x0000000008004b98                CAN1_RX1_IRQHandler
                0x0000000008004b98                UART5_IRQHandler
                0x0000000008004b98                ADC3_IRQHandler
                0x0000000008004b98                TIM4_IRQHandler
                0x0000000008004b98                DMA2_Channel1_IRQHandler
                0x0000000008004b98                I2C1_EV_IRQHandler
                0x0000000008004b98                DMA1_Channel6_IRQHandler
                0x0000000008004b98                UART4_IRQHandler
                0x0000000008004b98                TIM3_IRQHandler
                0x0000000008004b98                RCC_IRQHandler
                0x0000000008004b98                TIM1_TRG_COM_IRQHandler
                0x0000000008004b98                DMA1_Channel1_IRQHandler
                0x0000000008004b98                Default_Handler
                0x0000000008004b98                EXTI15_10_IRQHandler
                0x0000000008004b98                TIM7_IRQHandler
                0x0000000008004b98                TIM5_IRQHandler
                0x0000000008004b98                EXTI9_5_IRQHandler
                0x0000000008004b98                SPI2_IRQHandler
                0x0000000008004b98                DMA1_Channel5_IRQHandler
                0x0000000008004b98                EXTI4_IRQHandler
                0x0000000008004b98                USB_LP_CAN1_RX0_IRQHandler
                0x0000000008004b98                USB_HP_CAN1_TX_IRQHandler
                0x0000000008004b98                DMA1_Channel3_IRQHandler
                0x0000000008004b98                FSMC_IRQHandler
                0x0000000008004b98                TIM1_UP_IRQHandler
                0x0000000008004b98                WWDG_IRQHandler
                0x0000000008004b98                TIM2_IRQHandler
                0x0000000008004b98                TIM1_BRK_IRQHandler
                0x0000000008004b98                EXTI1_IRQHandler
                0x0000000008004b98                DMA2_Channel4_5_IRQHandler
                0x0000000008004b98                USART2_IRQHandler
                0x0000000008004b98                I2C2_ER_IRQHandler
                0x0000000008004b98                DMA1_Channel2_IRQHandler
                0x0000000008004b98                TIM8_BRK_IRQHandler
                0x0000000008004b98                CAN1_SCE_IRQHandler
                0x0000000008004b98                FLASH_IRQHandler
                0x0000000008004b98                USART1_IRQHandler
                0x0000000008004b98                SPI3_IRQHandler
                0x0000000008004b98                I2C1_ER_IRQHandler
                0x0000000008004b98                USBWakeUp_IRQHandler
                0x0000000008004b98                DMA2_Channel3_IRQHandler
 *fill*         0x0000000008004b9a        0x2 
 .text.__errno  0x0000000008004b9c        0xc /opt/st/stm32cubeide_1.3.0/plugins/com.st.stm32cube.ide.mcu.externaltools.gnu-tools-for-stm32.7-2018-q2-update.linux64_1.0.0.201904181610/tools/bin/../lib/gcc/arm-none-eabi/7.3.1/../../../../arm-none-eabi/lib/thumb/v7-m/libc_nano.a(lib_a-errno.o)
                0x0000000008004b9c                __errno
 .text.__libc_init_array
                0x0000000008004ba8       0x48 /opt/st/stm32cubeide_1.3.0/plugins/com.st.stm32cube.ide.mcu.externaltools.gnu-tools-for-stm32.7-2018-q2-update.linux64_1.0.0.201904181610/tools/bin/../lib/gcc/arm-none-eabi/7.3.1/../../../../arm-none-eabi/lib/thumb/v7-m/libc_nano.a(lib_a-init.o)
                0x0000000008004ba8                __libc_init_array
 .text.memset   0x0000000008004bf0       0x10 /opt/st/stm32cubeide_1.3.0/plugins/com.st.stm32cube.ide.mcu.externaltools.gnu-tools-for-stm32.7-2018-q2-update.linux64_1.0.0.201904181610/tools/bin/../lib/gcc/arm-none-eabi/7.3.1/../../../../arm-none-eabi/lib/thumb/v7-m/libc_nano.a(lib_a-memset.o)
                0x0000000008004bf0                memset
 .text.__cvt    0x0000000008004c00       0xb8 /opt/st/stm32cubeide_1.3.0/plugins/com.st.stm32cube.ide.mcu.externaltools.gnu-tools-for-stm32.7-2018-q2-update.linux64_1.0.0.201904181610/tools/bin/../lib/gcc/arm-none-eabi/7.3.1/../../../../arm-none-eabi/lib/thumb/v7-m/libc_nano.a(lib_a-nano-vfprintf_float.o)
                0x0000000008004c00                __cvt
 .text.__exponent
                0x0000000008004cb8       0x6a /opt/st/stm32cubeide_1.3.0/plugins/com.st.stm32cube.ide.mcu.externaltools.gnu-tools-for-stm32.7-2018-q2-update.linux64_1.0.0.201904181610/tools/bin/../lib/gcc/arm-none-eabi/7.3.1/../../../../arm-none-eabi/lib/thumb/v7-m/libc_nano.a(lib_a-nano-vfprintf_float.o)
                0x0000000008004cb8                __exponent
 *fill*         0x0000000008004d22        0x2 
 .text._printf_float
                0x0000000008004d24      0x46c /opt/st/stm32cubeide_1.3.0/plugins/com.st.stm32cube.ide.mcu.externaltools.gnu-tools-for-stm32.7-2018-q2-update.linux64_1.0.0.201904181610/tools/bin/../lib/gcc/arm-none-eabi/7.3.1/../../../../arm-none-eabi/lib/thumb/v7-m/libc_nano.a(lib_a-nano-vfprintf_float.o)
                0x0000000008004d24                _printf_float
 .text._printf_common
                0x0000000008005190       0xec /opt/st/stm32cubeide_1.3.0/plugins/com.st.stm32cube.ide.mcu.externaltools.gnu-tools-for-stm32.7-2018-q2-update.linux64_1.0.0.201904181610/tools/bin/../lib/gcc/arm-none-eabi/7.3.1/../../../../arm-none-eabi/lib/thumb/v7-m/libc_nano.a(lib_a-nano-vfprintf_i.o)
                0x0000000008005190                _printf_common
 .text._printf_i
                0x000000000800527c      0x224 /opt/st/stm32cubeide_1.3.0/plugins/com.st.stm32cube.ide.mcu.externaltools.gnu-tools-for-stm32.7-2018-q2-update.linux64_1.0.0.201904181610/tools/bin/../lib/gcc/arm-none-eabi/7.3.1/../../../../arm-none-eabi/lib/thumb/v7-m/libc_nano.a(lib_a-nano-vfprintf_i.o)
                0x000000000800527c                _printf_i
 .text.snprintf
                0x00000000080054a0       0x68 /opt/st/stm32cubeide_1.3.0/plugins/com.st.stm32cube.ide.mcu.externaltools.gnu-tools-for-stm32.7-2018-q2-update.linux64_1.0.0.201904181610/tools/bin/../lib/gcc/arm-none-eabi/7.3.1/../../../../arm-none-eabi/lib/thumb/v7-m/libc_nano.a(lib_a-snprintf.o)
                0x00000000080054a0                snprintf
                0x00000000080054a0                sniprintf
 .text.sprintf  0x0000000008005508       0x40 /opt/st/stm32cubeide_1.3.0/plugins/com.st.stm32cube.ide.mcu.externaltools.gnu-tools-for-stm32.7-2018-q2-update.linux64_1.0.0.201904181610/tools/bin/../lib/gcc/arm-none-eabi/7.3.1/../../../../arm-none-eabi/lib/thumb/v7-m/libc_nano.a(lib_a-sprintf.o)
                0x0000000008005508                sprintf
                0x0000000008005508                siprintf
 .text.quorem   0x0000000008005548      0x11c /opt/st/stm32cubeide_1.3.0/plugins/com.st.stm32cube.ide.mcu.externaltools.gnu-tools-for-stm32.7-2018-q2-update.linux64_1.0.0.201904181610/tools/bin/../lib/gcc/arm-none-eabi/7.3.1/../../../../arm-none-eabi/lib/thumb/v7-m/libc_nano.a(lib_a-dtoa.o)
 *fill*         0x0000000008005664        0x4 
 .text._dtoa_r  0x0000000008005668      0xb68 /opt/st/stm32cubeide_1.3.0/plugins/com.st.stm32cube.ide.mcu.externaltools.gnu-tools-for-stm32.7-2018-q2-update.linux64_1.0.0.201904181610/tools/bin/../lib/gcc/arm-none-eabi/7.3.1/../../../../arm-none-eabi/lib/thumb/v7-m/libc_nano.a(lib_a-dtoa.o)
                0x0000000008005668                _dtoa_r
 .text._localeconv_r
                0x00000000080061d0       0x1c /opt/st/stm32cubeide_1.3.0/plugins/com.st.stm32cube.ide.mcu.externaltools.gnu-tools-for-stm32.7-2018-q2-update.linux64_1.0.0.201904181610/tools/bin/../lib/gcc/arm-none-eabi/7.3.1/../../../../arm-none-eabi/lib/thumb/v7-m/libc_nano.a(lib_a-localeconv.o)
                0x00000000080061d0                _localeconv_r
 .text.malloc   0x00000000080061ec       0x10 /opt/st/stm32cubeide_1.3.0/plugins/com.st.stm32cube.ide.mcu.externaltools.gnu-tools-for-stm32.7-2018-q2-update.linux64_1.0.0.201904181610/tools/bin/../lib/gcc/arm-none-eabi/7.3.1/../../../../arm-none-eabi/lib/thumb/v7-m/libc_nano.a(lib_a-malloc.o)
                0x00000000080061ec                malloc
 .text.memchr   0x00000000080061fc       0x1c /opt/st/stm32cubeide_1.3.0/plugins/com.st.stm32cube.ide.mcu.externaltools.gnu-tools-for-stm32.7-2018-q2-update.linux64_1.0.0.201904181610/tools/bin/../lib/gcc/arm-none-eabi/7.3.1/../../../../arm-none-eabi/lib/thumb/v7-m/libc_nano.a(lib_a-memchr-stub.o)
                0x00000000080061fc                memchr
 .text.memcpy   0x0000000008006218       0x16 /opt/st/stm32cubeide_1.3.0/plugins/com.st.stm32cube.ide.mcu.externaltools.gnu-tools-for-stm32.7-2018-q2-update.linux64_1.0.0.201904181610/tools/bin/../lib/gcc/arm-none-eabi/7.3.1/../../../../arm-none-eabi/lib/thumb/v7-m/libc_nano.a(lib_a-memcpy-stub.o)
                0x0000000008006218                memcpy
 .text._Balloc  0x000000000800622e       0x68 /opt/st/stm32cubeide_1.3.0/plugins/com.st.stm32cube.ide.mcu.externaltools.gnu-tools-for-stm32.7-2018-q2-update.linux64_1.0.0.201904181610/tools/bin/../lib/gcc/arm-none-eabi/7.3.1/../../../../arm-none-eabi/lib/thumb/v7-m/libc_nano.a(lib_a-mprec.o)
                0x000000000800622e                _Balloc
 .text._Bfree   0x0000000008006296       0x2e /opt/st/stm32cubeide_1.3.0/plugins/com.st.stm32cube.ide.mcu.externaltools.gnu-tools-for-stm32.7-2018-q2-update.linux64_1.0.0.201904181610/tools/bin/../lib/gcc/arm-none-eabi/7.3.1/../../../../arm-none-eabi/lib/thumb/v7-m/libc_nano.a(lib_a-mprec.o)
                0x0000000008006296                _Bfree
 .text.__multadd
                0x00000000080062c4       0x76 /opt/st/stm32cubeide_1.3.0/plugins/com.st.stm32cube.ide.mcu.externaltools.gnu-tools-for-stm32.7-2018-q2-update.linux64_1.0.0.201904181610/tools/bin/../lib/gcc/arm-none-eabi/7.3.1/../../../../arm-none-eabi/lib/thumb/v7-m/libc_nano.a(lib_a-mprec.o)
                0x00000000080062c4                __multadd
 .text.__hi0bits
                0x000000000800633a       0x3e /opt/st/stm32cubeide_1.3.0/plugins/com.st.stm32cube.ide.mcu.externaltools.gnu-tools-for-stm32.7-2018-q2-update.linux64_1.0.0.201904181610/tools/bin/../lib/gcc/arm-none-eabi/7.3.1/../../../../arm-none-eabi/lib/thumb/v7-m/libc_nano.a(lib_a-mprec.o)
                0x000000000800633a                __hi0bits
 .text.__lo0bits
                0x0000000008006378       0x5e /opt/st/stm32cubeide_1.3.0/plugins/com.st.stm32cube.ide.mcu.externaltools.gnu-tools-for-stm32.7-2018-q2-update.linux64_1.0.0.201904181610/tools/bin/../lib/gcc/arm-none-eabi/7.3.1/../../../../arm-none-eabi/lib/thumb/v7-m/libc_nano.a(lib_a-mprec.o)
                0x0000000008006378                __lo0bits
 .text.__i2b    0x00000000080063d6       0x12 /opt/st/stm32cubeide_1.3.0/plugins/com.st.stm32cube.ide.mcu.externaltools.gnu-tools-for-stm32.7-2018-q2-update.linux64_1.0.0.201904181610/tools/bin/../lib/gcc/arm-none-eabi/7.3.1/../../../../arm-none-eabi/lib/thumb/v7-m/libc_nano.a(lib_a-mprec.o)
                0x00000000080063d6                __i2b
 .text.__multiply
                0x00000000080063e8      0x12a /opt/st/stm32cubeide_1.3.0/plugins/com.st.stm32cube.ide.mcu.externaltools.gnu-tools-for-stm32.7-2018-q2-update.linux64_1.0.0.201904181610/tools/bin/../lib/gcc/arm-none-eabi/7.3.1/../../../../arm-none-eabi/lib/thumb/v7-m/libc_nano.a(lib_a-mprec.o)
                0x00000000080063e8                __multiply
 *fill*         0x0000000008006512        0x2 
 .text.__pow5mult
                0x0000000008006514       0x9c /opt/st/stm32cubeide_1.3.0/plugins/com.st.stm32cube.ide.mcu.externaltools.gnu-tools-for-stm32.7-2018-q2-update.linux64_1.0.0.201904181610/tools/bin/../lib/gcc/arm-none-eabi/7.3.1/../../../../arm-none-eabi/lib/thumb/v7-m/libc_nano.a(lib_a-mprec.o)
                0x0000000008006514                __pow5mult
 .text.__lshift
                0x00000000080065b0       0xa8 /opt/st/stm32cubeide_1.3.0/plugins/com.st.stm32cube.ide.mcu.externaltools.gnu-tools-for-stm32.7-2018-q2-update.linux64_1.0.0.201904181610/tools/bin/../lib/gcc/arm-none-eabi/7.3.1/../../../../arm-none-eabi/lib/thumb/v7-m/libc_nano.a(lib_a-mprec.o)
                0x00000000080065b0                __lshift
 .text.__mcmp   0x0000000008006658       0x34 /opt/st/stm32cubeide_1.3.0/plugins/com.st.stm32cube.ide.mcu.externaltools.gnu-tools-for-stm32.7-2018-q2-update.linux64_1.0.0.201904181610/tools/bin/../lib/gcc/arm-none-eabi/7.3.1/../../../../arm-none-eabi/lib/thumb/v7-m/libc_nano.a(lib_a-mprec.o)
                0x0000000008006658                __mcmp
 .text.__mdiff  0x000000000800668c       0xbc /opt/st/stm32cubeide_1.3.0/plugins/com.st.stm32cube.ide.mcu.externaltools.gnu-tools-for-stm32.7-2018-q2-update.linux64_1.0.0.201904181610/tools/bin/../lib/gcc/arm-none-eabi/7.3.1/../../../../arm-none-eabi/lib/thumb/v7-m/libc_nano.a(lib_a-mprec.o)
                0x000000000800668c                __mdiff
 .text.__d2b    0x0000000008006748       0x9e /opt/st/stm32cubeide_1.3.0/plugins/com.st.stm32cube.ide.mcu.externaltools.gnu-tools-for-stm32.7-2018-q2-update.linux64_1.0.0.201904181610/tools/bin/../lib/gcc/arm-none-eabi/7.3.1/../../../../arm-none-eabi/lib/thumb/v7-m/libc_nano.a(lib_a-mprec.o)
                0x0000000008006748                __d2b
 .text._calloc_r
                0x00000000080067e6       0x1c /opt/st/stm32cubeide_1.3.0/plugins/com.st.stm32cube.ide.mcu.externaltools.gnu-tools-for-stm32.7-2018-q2-update.linux64_1.0.0.201904181610/tools/bin/../lib/gcc/arm-none-eabi/7.3.1/../../../../arm-none-eabi/lib/thumb/v7-m/libc_nano.a(lib_a-nano-callocr.o)
                0x00000000080067e6                _calloc_r
 *fill*         0x0000000008006802        0x2 
 .text._free_r  0x0000000008006804       0x98 /opt/st/stm32cubeide_1.3.0/plugins/com.st.stm32cube.ide.mcu.externaltools.gnu-tools-for-stm32.7-2018-q2-update.linux64_1.0.0.201904181610/tools/bin/../lib/gcc/arm-none-eabi/7.3.1/../../../../arm-none-eabi/lib/thumb/v7-m/libc_nano.a(lib_a-nano-freer.o)
                0x0000000008006804                _free_r
 .text._malloc_r
                0x000000000800689c       0xb4 /opt/st/stm32cubeide_1.3.0/plugins/com.st.stm32cube.ide.mcu.externaltools.gnu-tools-for-stm32.7-2018-q2-update.linux64_1.0.0.201904181610/tools/bin/../lib/gcc/arm-none-eabi/7.3.1/../../../../arm-none-eabi/lib/thumb/v7-m/libc_nano.a(lib_a-nano-mallocr.o)
                0x000000000800689c                _malloc_r
 .text.__ssputs_r
                0x0000000008006950       0xb4 /opt/st/stm32cubeide_1.3.0/plugins/com.st.stm32cube.ide.mcu.externaltools.gnu-tools-for-stm32.7-2018-q2-update.linux64_1.0.0.201904181610/tools/bin/../lib/gcc/arm-none-eabi/7.3.1/../../../../arm-none-eabi/lib/thumb/v7-m/libc_nano.a(lib_a-nano-svfprintf.o)
                0x0000000008006950                __ssputs_r
 .text._svfprintf_r
                0x0000000008006a04      0x1f0 /opt/st/stm32cubeide_1.3.0/plugins/com.st.stm32cube.ide.mcu.externaltools.gnu-tools-for-stm32.7-2018-q2-update.linux64_1.0.0.201904181610/tools/bin/../lib/gcc/arm-none-eabi/7.3.1/../../../../arm-none-eabi/lib/thumb/v7-m/libc_nano.a(lib_a-nano-svfprintf.o)
                0x0000000008006a04                _svfprintf_r
                0x0000000008006a04                _svfiprintf_r
 .text._sbrk_r  0x0000000008006bf4       0x20 /opt/st/stm32cubeide_1.3.0/plugins/com.st.stm32cube.ide.mcu.externaltools.gnu-tools-for-stm32.7-2018-q2-update.linux64_1.0.0.201904181610/tools/bin/../lib/gcc/arm-none-eabi/7.3.1/../../../../arm-none-eabi/lib/thumb/v7-m/libc_nano.a(lib_a-sbrkr.o)
                0x0000000008006bf4                _sbrk_r
 .text.__ascii_mbtowc
                0x0000000008006c14       0x24 /opt/st/stm32cubeide_1.3.0/plugins/com.st.stm32cube.ide.mcu.externaltools.gnu-tools-for-stm32.7-2018-q2-update.linux64_1.0.0.201904181610/tools/bin/../lib/gcc/arm-none-eabi/7.3.1/../../../../arm-none-eabi/lib/thumb/v7-m/libc_nano.a(lib_a-mbtowc_r.o)
                0x0000000008006c14                __ascii_mbtowc
 .text.memmove  0x0000000008006c38       0x32 /opt/st/stm32cubeide_1.3.0/plugins/com.st.stm32cube.ide.mcu.externaltools.gnu-tools-for-stm32.7-2018-q2-update.linux64_1.0.0.201904181610/tools/bin/../lib/gcc/arm-none-eabi/7.3.1/../../../../arm-none-eabi/lib/thumb/v7-m/libc_nano.a(lib_a-memmove.o)
                0x0000000008006c38                memmove
 .text.__malloc_lock
                0x0000000008006c6a        0x2 /opt/st/stm32cubeide_1.3.0/plugins/com.st.stm32cube.ide.mcu.externaltools.gnu-tools-for-stm32.7-2018-q2-update.linux64_1.0.0.201904181610/tools/bin/../lib/gcc/arm-none-eabi/7.3.1/../../../../arm-none-eabi/lib/thumb/v7-m/libc_nano.a(lib_a-mlock.o)
                0x0000000008006c6a                __malloc_lock
 .text.__malloc_unlock
                0x0000000008006c6c        0x2 /opt/st/stm32cubeide_1.3.0/plugins/com.st.stm32cube.ide.mcu.externaltools.gnu-tools-for-stm32.7-2018-q2-update.linux64_1.0.0.201904181610/tools/bin/../lib/gcc/arm-none-eabi/7.3.1/../../../../arm-none-eabi/lib/thumb/v7-m/libc_nano.a(lib_a-mlock.o)
                0x0000000008006c6c                __malloc_unlock
 .text._realloc_r
                0x0000000008006c6e       0x4c /opt/st/stm32cubeide_1.3.0/plugins/com.st.stm32cube.ide.mcu.externaltools.gnu-tools-for-stm32.7-2018-q2-update.linux64_1.0.0.201904181610/tools/bin/../lib/gcc/arm-none-eabi/7.3.1/../../../../arm-none-eabi/lib/thumb/v7-m/libc_nano.a(lib_a-nano-reallocr.o)
                0x0000000008006c6e                _realloc_r
 .text.__ascii_wctomb
                0x0000000008006cba       0x1a /opt/st/stm32cubeide_1.3.0/plugins/com.st.stm32cube.ide.mcu.externaltools.gnu-tools-for-stm32.7-2018-q2-update.linux64_1.0.0.201904181610/tools/bin/../lib/gcc/arm-none-eabi/7.3.1/../../../../arm-none-eabi/lib/thumb/v7-m/libc_nano.a(lib_a-wctomb_r.o)
                0x0000000008006cba                __ascii_wctomb
 .text._malloc_usable_size_r
                0x0000000008006cd4       0x10 /opt/st/stm32cubeide_1.3.0/plugins/com.st.stm32cube.ide.mcu.externaltools.gnu-tools-for-stm32.7-2018-q2-update.linux64_1.0.0.201904181610/tools/bin/../lib/gcc/arm-none-eabi/7.3.1/../../../../arm-none-eabi/lib/thumb/v7-m/libc_nano.a(lib_a-nano-msizer.o)
                0x0000000008006cd4                _malloc_usable_size_r
 *fill*         0x0000000008006ce4        0x4 
 .text.floor    0x0000000008006ce8      0x108 /opt/st/stm32cubeide_1.3.0/plugins/com.st.stm32cube.ide.mcu.externaltools.gnu-tools-for-stm32.7-2018-q2-update.linux64_1.0.0.201904181610/tools/bin/../lib/gcc/arm-none-eabi/7.3.1/../../../../arm-none-eabi/lib/thumb/v7-m/libm.a(lib_a-s_floor.o)
                0x0000000008006ce8                floor
 *(.glue_7)
 .glue_7        0x0000000008006df0        0x0 linker stubs
 *(.glue_7t)
 .glue_7t       0x0000000008006df0        0x0 linker stubs
 *(.eh_frame)
 .eh_frame      0x0000000008006df0        0x0 /opt/st/stm32cubeide_1.3.0/plugins/com.st.stm32cube.ide.mcu.externaltools.gnu-tools-for-stm32.7-2018-q2-update.linux64_1.0.0.201904181610/tools/bin/../lib/gcc/arm-none-eabi/7.3.1/thumb/v7-m/crtbegin.o
 *(.init)
 .init          0x0000000008006df0        0x4 /opt/st/stm32cubeide_1.3.0/plugins/com.st.stm32cube.ide.mcu.externaltools.gnu-tools-for-stm32.7-2018-q2-update.linux64_1.0.0.201904181610/tools/bin/../lib/gcc/arm-none-eabi/7.3.1/thumb/v7-m/crti.o
                0x0000000008006df0                _init
 .init          0x0000000008006df4        0x8 /opt/st/stm32cubeide_1.3.0/plugins/com.st.stm32cube.ide.mcu.externaltools.gnu-tools-for-stm32.7-2018-q2-update.linux64_1.0.0.201904181610/tools/bin/../lib/gcc/arm-none-eabi/7.3.1/thumb/v7-m/crtn.o
 *(.fini)
 .fini          0x0000000008006dfc        0x4 /opt/st/stm32cubeide_1.3.0/plugins/com.st.stm32cube.ide.mcu.externaltools.gnu-tools-for-stm32.7-2018-q2-update.linux64_1.0.0.201904181610/tools/bin/../lib/gcc/arm-none-eabi/7.3.1/thumb/v7-m/crti.o
                0x0000000008006dfc                _fini
 .fini          0x0000000008006e00        0x8 /opt/st/stm32cubeide_1.3.0/plugins/com.st.stm32cube.ide.mcu.externaltools.gnu-tools-for-stm32.7-2018-q2-update.linux64_1.0.0.201904181610/tools/bin/../lib/gcc/arm-none-eabi/7.3.1/thumb/v7-m/crtn.o
                0x0000000008006e08                . = ALIGN (0x4)
                0x0000000008006e08                _etext = .

.vfp11_veneer   0x0000000008006e08        0x0
 .vfp11_veneer  0x0000000008006e08        0x0 linker stubs

.v4_bx          0x0000000008006e08        0x0
 .v4_bx         0x0000000008006e08        0x0 linker stubs

.iplt           0x0000000008006e08        0x0
 .iplt          0x0000000008006e08        0x0 /opt/st/stm32cubeide_1.3.0/plugins/com.st.stm32cube.ide.mcu.externaltools.gnu-tools-for-stm32.7-2018-q2-update.linux64_1.0.0.201904181610/tools/bin/../lib/gcc/arm-none-eabi/7.3.1/thumb/v7-m/crtbegin.o

.rodata         0x0000000008006e08     0x41d8
                0x0000000008006e08                . = ALIGN (0x4)
 *(.rodata)
 .rodata        0x0000000008006e08       0x12 Drivers/STM32F1xx_HAL_Driver/Src/stm32f1xx_hal_rcc.o
 *(.rodata*)
 *fill*         0x0000000008006e1a        0x2 
 .rodata.u8g_dev_ssd1306_128x32_adafruit3_init_seq
                0x0000000008006e1c       0x26 Drivers/u8glib/src/u8g_dev_ssd1306_128x32.o
 *fill*         0x0000000008006e42        0x2 
 .rodata.u8g_dev_ssd1306_128x32_data_start
                0x0000000008006e44        0x8 Drivers/u8glib/src/u8g_dev_ssd1306_128x32.o
 .rodata.u8g_dev_ssd13xx_sleep_off
                0x0000000008006e4c        0xb Drivers/u8glib/src/u8g_dev_ssd1306_128x32.o
 *fill*         0x0000000008006e57        0x1 
 .rodata.u8g_dev_ssd13xx_sleep_on
                0x0000000008006e58        0x9 Drivers/u8glib/src/u8g_dev_ssd1306_128x32.o
 *fill*         0x0000000008006e61        0x3 
 .rodata.u8g_dev_ssd1309_128x64_data_start
                0x0000000008006e64        0x8 Drivers/u8glib/src/u8g_dev_ssd1309_128x64.o
 .rodata.u8g_dev_ssd1309_128x64_init_seq
                0x0000000008006e6c       0x29 Drivers/u8glib/src/u8g_dev_ssd1309_128x64.o
 *fill*         0x0000000008006e95        0x3 
 .rodata.u8g_dev_ssd13xx_sleep_off
                0x0000000008006e98        0xb Drivers/u8glib/src/u8g_dev_ssd1309_128x64.o
 *fill*         0x0000000008006ea3        0x1 
 .rodata.u8g_dev_ssd13xx_sleep_on
                0x0000000008006ea4        0x9 Drivers/u8glib/src/u8g_dev_ssd1309_128x64.o
 *fill*         0x0000000008006ead        0x3 
 .rodata.u8g_font_6x10
                0x0000000008006eb0      0x74a Drivers/u8glib/src/u8g_font_data.o
                0x0000000008006eb0                u8g_font_6x10
 *fill*         0x00000000080075fa        0x2 
 .rodata.u8g_font_fub30r
                0x00000000080075fc     0x1e06 Drivers/u8glib/src/u8g_font_data.o
                0x00000000080075fc                u8g_font_fub30r
 *fill*         0x0000000008009402        0x2 
 .rodata.u8g_font_fur49n
                0x0000000008009404      0xa7b Drivers/u8glib/src/u8g_font_data.o
                0x0000000008009404                u8g_font_fur49n
 *fill*         0x0000000008009e7f        0x1 
 .rodata.Lcd_int.str1.4
                0x0000000008009e80        0x3 Src/LCD.o
 *fill*         0x0000000008009e83        0x1 
 .rodata.blank_small
                0x0000000008009e84      0x200 Src/main.o
                0x0000000008009e84                blank_small
 .rodata.charge
                0x000000000800a084      0x200 Src/main.o
                0x000000000800a084                charge
 .rodata.display_battery.str1.4
                0x000000000800a284        0x6 Src/main.o
 *fill*         0x000000000800a28a        0x2 
 .rodata.display_speed.str1.4
                0x000000000800a28c       0x15 Src/main.o
                                         0x19 (size before relaxing)
 *fill*         0x000000000800a2a1        0x3 
 .rodata.drive  0x000000000800a2a4      0x200 Src/main.o
                0x000000000800a2a4                drive
 .rodata.gui_display_statement.str1.4
                0x000000000800a4a4       0x83 Src/main.o
                                         0x87 (size before relaxing)
 *fill*         0x000000000800a527        0x1 
 .rodata.gui_screen_intro.str1.4
                0x000000000800a528       0x1d Src/main.o
 *fill*         0x000000000800a545        0x3 
 .rodata.gui_screen_main.str1.4
                0x000000000800a548       0x20 Src/main.o
 .rodata.neutral
                0x000000000800a568      0x200 Src/main.o
                0x000000000800a568                neutral
 .rodata.psd_logo_big
                0x000000000800a768      0x400 Src/main.o
                0x000000000800a768                psd_logo_big
 .rodata.reverse
                0x000000000800ab68      0x200 Src/main.o
                0x000000000800ab68                reverse
 .rodata.AHBPrescTable
                0x000000000800ad68       0x10 Src/system_stm32f1xx.o
                0x000000000800ad68                AHBPrescTable
 .rodata.APBPrescTable
                0x000000000800ad78        0x8 Src/system_stm32f1xx.o
                0x000000000800ad78                APBPrescTable
 .rodata._printf_float.str1.1
                0x000000000800ad80       0x12 /opt/st/stm32cubeide_1.3.0/plugins/com.st.stm32cube.ide.mcu.externaltools.gnu-tools-for-stm32.7-2018-q2-update.linux64_1.0.0.201904181610/tools/bin/../lib/gcc/arm-none-eabi/7.3.1/../../../../arm-none-eabi/lib/thumb/v7-m/libc_nano.a(lib_a-nano-vfprintf_float.o)
 .rodata._printf_i.str1.1
                0x000000000800ad92       0x22 /opt/st/stm32cubeide_1.3.0/plugins/com.st.stm32cube.ide.mcu.externaltools.gnu-tools-for-stm32.7-2018-q2-update.linux64_1.0.0.201904181610/tools/bin/../lib/gcc/arm-none-eabi/7.3.1/../../../../arm-none-eabi/lib/thumb/v7-m/libc_nano.a(lib_a-nano-vfprintf_i.o)
 .rodata._dtoa_r.str1.1
                0x000000000800adb4        0xd /opt/st/stm32cubeide_1.3.0/plugins/com.st.stm32cube.ide.mcu.externaltools.gnu-tools-for-stm32.7-2018-q2-update.linux64_1.0.0.201904181610/tools/bin/../lib/gcc/arm-none-eabi/7.3.1/../../../../arm-none-eabi/lib/thumb/v7-m/libc_nano.a(lib_a-dtoa.o)
                                          0xf (size before relaxing)
 *fill*         0x000000000800adc1        0x7 
 .rodata.__mprec_bigtens
                0x000000000800adc8       0x28 /opt/st/stm32cubeide_1.3.0/plugins/com.st.stm32cube.ide.mcu.externaltools.gnu-tools-for-stm32.7-2018-q2-update.linux64_1.0.0.201904181610/tools/bin/../lib/gcc/arm-none-eabi/7.3.1/../../../../arm-none-eabi/lib/thumb/v7-m/libc_nano.a(lib_a-mprec.o)
                0x000000000800adc8                __mprec_bigtens
 .rodata.__mprec_tens
                0x000000000800adf0       0xc8 /opt/st/stm32cubeide_1.3.0/plugins/com.st.stm32cube.ide.mcu.externaltools.gnu-tools-for-stm32.7-2018-q2-update.linux64_1.0.0.201904181610/tools/bin/../lib/gcc/arm-none-eabi/7.3.1/../../../../arm-none-eabi/lib/thumb/v7-m/libc_nano.a(lib_a-mprec.o)
                0x000000000800adf0                __mprec_tens
 .rodata.p05.6084
                0x000000000800aeb8        0xc /opt/st/stm32cubeide_1.3.0/plugins/com.st.stm32cube.ide.mcu.externaltools.gnu-tools-for-stm32.7-2018-q2-update.linux64_1.0.0.201904181610/tools/bin/../lib/gcc/arm-none-eabi/7.3.1/../../../../arm-none-eabi/lib/thumb/v7-m/libc_nano.a(lib_a-mprec.o)
 .rodata._svfprintf_r.str1.1
                0x000000000800aec4       0x11 /opt/st/stm32cubeide_1.3.0/plugins/com.st.stm32cube.ide.mcu.externaltools.gnu-tools-for-stm32.7-2018-q2-update.linux64_1.0.0.201904181610/tools/bin/../lib/gcc/arm-none-eabi/7.3.1/../../../../arm-none-eabi/lib/thumb/v7-m/libc_nano.a(lib_a-nano-svfprintf.o)
 .rodata._setlocale_r.str1.1
                0x000000000800aed5        0x8 /opt/st/stm32cubeide_1.3.0/plugins/com.st.stm32cube.ide.mcu.externaltools.gnu-tools-for-stm32.7-2018-q2-update.linux64_1.0.0.201904181610/tools/bin/../lib/gcc/arm-none-eabi/7.3.1/../../../../arm-none-eabi/lib/thumb/v7-m/libc_nano.a(lib_a-locale.o)
                                          0x9 (size before relaxing)
 .rodata.str1.1
                0x000000000800aedd        0x2 /opt/st/stm32cubeide_1.3.0/plugins/com.st.stm32cube.ide.mcu.externaltools.gnu-tools-for-stm32.7-2018-q2-update.linux64_1.0.0.201904181610/tools/bin/../lib/gcc/arm-none-eabi/7.3.1/../../../../arm-none-eabi/lib/thumb/v7-m/libc_nano.a(lib_a-locale.o)
 .rodata._ctype_
                0x000000000800aedf      0x101 /opt/st/stm32cubeide_1.3.0/plugins/com.st.stm32cube.ide.mcu.externaltools.gnu-tools-for-stm32.7-2018-q2-update.linux64_1.0.0.201904181610/tools/bin/../lib/gcc/arm-none-eabi/7.3.1/../../../../arm-none-eabi/lib/thumb/v7-m/libc_nano.a(lib_a-ctype_.o)
                0x000000000800aedf                _ctype_
                0x000000000800afe0                . = ALIGN (0x4)

.rel.dyn        0x000000000800afe0        0x0
 .rel.iplt      0x000000000800afe0        0x0 /opt/st/stm32cubeide_1.3.0/plugins/com.st.stm32cube.ide.mcu.externaltools.gnu-tools-for-stm32.7-2018-q2-update.linux64_1.0.0.201904181610/tools/bin/../lib/gcc/arm-none-eabi/7.3.1/thumb/v7-m/crtbegin.o

.ARM.extab
 *(.ARM.extab* .gnu.linkonce.armextab.*)

.ARM            0x000000000800afe0        0x0
                0x000000000800afe0                __exidx_start = .
 *(.ARM.exidx*)
                0x000000000800afe0                __exidx_end = .

.preinit_array  0x000000000800afe0        0x0
                0x000000000800afe0                PROVIDE (__preinit_array_start = .)
 *(.preinit_array*)
                0x000000000800afe0                PROVIDE (__preinit_array_end = .)

.init_array     0x000000000800afe0        0x4
                0x000000000800afe0                PROVIDE (__init_array_start = .)
 *(SORT_BY_NAME(.init_array.*))
 *(.init_array*)
 .init_array    0x000000000800afe0        0x4 /opt/st/stm32cubeide_1.3.0/plugins/com.st.stm32cube.ide.mcu.externaltools.gnu-tools-for-stm32.7-2018-q2-update.linux64_1.0.0.201904181610/tools/bin/../lib/gcc/arm-none-eabi/7.3.1/thumb/v7-m/crtbegin.o
                0x000000000800afe4                PROVIDE (__init_array_end = .)

.fini_array     0x000000000800afe4        0x4
                [!provide]                        PROVIDE (__fini_array_start = .)
 *(SORT_BY_NAME(.fini_array.*))
 *(.fini_array*)
 .fini_array    0x000000000800afe4        0x4 /opt/st/stm32cubeide_1.3.0/plugins/com.st.stm32cube.ide.mcu.externaltools.gnu-tools-for-stm32.7-2018-q2-update.linux64_1.0.0.201904181610/tools/bin/../lib/gcc/arm-none-eabi/7.3.1/thumb/v7-m/crtbegin.o
                [!provide]                        PROVIDE (__fini_array_end = .)
                0x000000000800afe8                _sidata = LOADADDR (.data)

.data           0x0000000020000000      0x218 load address 0x000000000800afe8
                0x0000000020000000                . = ALIGN (0x4)
                0x0000000020000000                _sdata = .
 *(.data)
 *(.data*)
 .data.uwTickFreq
                0x0000000020000000        0x1 Drivers/STM32F1xx_HAL_Driver/Src/stm32f1xx_hal.o
                0x0000000020000000                uwTickFreq
 *fill*         0x0000000020000001        0x3 
 .data.uwTickPrio
                0x0000000020000004        0x4 Drivers/STM32F1xx_HAL_Driver/Src/stm32f1xx_hal.o
                0x0000000020000004                uwTickPrio
 .data.u8g_dev_ssd1306_128x32_2x_i2c
                0x0000000020000008        0xc Drivers/u8glib/src/u8g_dev_ssd1306_128x32.o
                0x0000000020000008                u8g_dev_ssd1306_128x32_2x_i2c
 .data.u8g_dev_ssd1306_128x32_2x_pb
                0x0000000020000014        0xc Drivers/u8glib/src/u8g_dev_ssd1306_128x32.o
                0x0000000020000014                u8g_dev_ssd1306_128x32_2x_pb
 .data.u8g_dev_ssd1309_128x64_hw_spi
                0x0000000020000020        0xc Drivers/u8glib/src/u8g_dev_ssd1309_128x64.o
                0x0000000020000020                u8g_dev_ssd1309_128x64_hw_spi
 .data.u8g_dev_ssd1309_128x64_hw_spi_pb
                0x000000002000002c        0xc Drivers/u8glib/src/u8g_dev_ssd1309_128x64.o
                0x000000002000002c                u8g_dev_ssd1309_128x64_hw_spi_pb
 .data.gui_battery
                0x0000000020000038        0x8 Src/main.o
                0x0000000020000038                gui_battery
 .data.gui_brightness
                0x0000000020000040        0x1 Src/main.o
                0x0000000020000040                gui_brightness
 .data.gui_gear
                0x0000000020000041        0x1 Src/main.o
                0x0000000020000041                gui_gear
 .data.gui_h    0x0000000020000042        0x1 Src/main.o
                0x0000000020000042                gui_h
 .data.gui_m    0x0000000020000043        0x1 Src/main.o
                0x0000000020000043                gui_m
 .data.SystemCoreClock
                0x0000000020000044        0x4 Src/system_stm32f1xx.o
                0x0000000020000044                SystemCoreClock
 .data._impure_ptr
                0x0000000020000048        0x4 /opt/st/stm32cubeide_1.3.0/plugins/com.st.stm32cube.ide.mcu.externaltools.gnu-tools-for-stm32.7-2018-q2-update.linux64_1.0.0.201904181610/tools/bin/../lib/gcc/arm-none-eabi/7.3.1/../../../../arm-none-eabi/lib/thumb/v7-m/libc_nano.a(lib_a-impure.o)
                0x0000000020000048                _impure_ptr
 .data.impure_data
                0x000000002000004c       0x60 /opt/st/stm32cubeide_1.3.0/plugins/com.st.stm32cube.ide.mcu.externaltools.gnu-tools-for-stm32.7-2018-q2-update.linux64_1.0.0.201904181610/tools/bin/../lib/gcc/arm-none-eabi/7.3.1/../../../../arm-none-eabi/lib/thumb/v7-m/libc_nano.a(lib_a-impure.o)
 .data.__global_locale
                0x00000000200000ac      0x16c /opt/st/stm32cubeide_1.3.0/plugins/com.st.stm32cube.ide.mcu.externaltools.gnu-tools-for-stm32.7-2018-q2-update.linux64_1.0.0.201904181610/tools/bin/../lib/gcc/arm-none-eabi/7.3.1/../../../../arm-none-eabi/lib/thumb/v7-m/libc_nano.a(lib_a-locale.o)
                0x00000000200000ac                __global_locale
                0x0000000020000218                . = ALIGN (0x4)
                0x0000000020000218                _edata = .

.igot.plt       0x0000000020000218        0x0 load address 0x000000000800b200
 .igot.plt      0x0000000020000218        0x0 /opt/st/stm32cubeide_1.3.0/plugins/com.st.stm32cube.ide.mcu.externaltools.gnu-tools-for-stm32.7-2018-q2-update.linux64_1.0.0.201904181610/tools/bin/../lib/gcc/arm-none-eabi/7.3.1/thumb/v7-m/crtbegin.o
                0x0000000020000218                . = ALIGN (0x4)

.bss            0x0000000020000218      0x424 load address 0x000000000800b200
                0x0000000020000218                _sbss = .
                0x0000000020000218                __bss_start__ = _sbss
 *(.bss)
 .bss           0x0000000020000218       0x1c /opt/st/stm32cubeide_1.3.0/plugins/com.st.stm32cube.ide.mcu.externaltools.gnu-tools-for-stm32.7-2018-q2-update.linux64_1.0.0.201904181610/tools/bin/../lib/gcc/arm-none-eabi/7.3.1/thumb/v7-m/crtbegin.o
 *(.bss*)
 .bss.control   0x0000000020000234        0x1 Drivers/u8glib/src/u8g_arm.o
 *fill*         0x0000000020000235        0x3 
 .bss.u8g_dev_ssd1306_128x32_2x_buf
                0x0000000020000238      0x102 Drivers/u8glib/src/u8g_dev_ssd1306_128x32.o
                0x0000000020000238                u8g_dev_ssd1306_128x32_2x_buf
 *fill*         0x000000002000033a        0x2 
 .bss.u8g_dev_ssd1309_128x64_hw_spi_buf
                0x000000002000033c       0x80 Drivers/u8glib/src/u8g_dev_ssd1309_128x64.o
                0x000000002000033c                u8g_dev_ssd1309_128x64_hw_spi_buf
 .bss.TEST_counter
                0x00000000200003bc        0x2 Src/main.o
                0x00000000200003bc                TEST_counter
 .bss.TEST_counter2
                0x00000000200003be        0x2 Src/main.o
                0x00000000200003be                TEST_counter2
 .bss.TEST_counter3
                0x00000000200003c0        0x2 Src/main.o
                0x00000000200003c0                TEST_counter3
 .bss.TEST_counter4
                0x00000000200003c2        0x2 Src/main.o
                0x00000000200003c2                TEST_counter4
 .bss.TEST_flag
                0x00000000200003c4        0x1 Src/main.o
                0x00000000200003c4                TEST_flag
 .bss.TEST_poprz_stan
                0x00000000200003c5        0x1 Src/main.o
                0x00000000200003c5                TEST_poprz_stan
 .bss.gui_charging
                0x00000000200003c6        0x1 Src/main.o
                0x00000000200003c6                gui_charging
 .bss.gui_cruise_speed_set
                0x00000000200003c7        0x1 Src/main.o
                0x00000000200003c7                gui_cruise_speed_set
 .bss.gui_leds_byte1
                0x00000000200003c8        0x1 Src/main.o
                0x00000000200003c8                gui_leds_byte1
 .bss.gui_leds_byte2
                0x00000000200003c9        0x1 Src/main.o
                0x00000000200003c9                gui_leds_byte2
 .bss.gui_picture_iteration
                0x00000000200003ca        0x1 Src/main.o
                0x00000000200003ca                gui_picture_iteration
 *fill*         0x00000000200003cb        0x5 
 .bss.gui_power
                0x00000000200003d0        0x8 Src/main.o
                0x00000000200003d0                gui_power
 .bss.gui_speed
                0x00000000200003d8        0x1 Src/main.o
                0x00000000200003d8                gui_speed
 .bss.gui_statement
                0x00000000200003d9        0x1 Src/main.o
                0x00000000200003d9                gui_statement
 *fill*         0x00000000200003da        0x2 
 .bss.gui_trip  0x00000000200003dc        0x4 Src/main.o
                0x00000000200003dc                gui_trip
 .bss.ws_bat    0x00000000200003e0        0x1 Src/main.o
                0x00000000200003e0                ws_bat
 .bss.ws_led_bright
                0x00000000200003e1        0x1 Src/main.o
                0x00000000200003e1                ws_led_bright
 .bss.ws_leds1  0x00000000200003e2        0x1 Src/main.o
                0x00000000200003e2                ws_leds1
 .bss.ws_leds2  0x00000000200003e3        0x1 Src/main.o
                0x00000000200003e3                ws_leds2
 .bss.ws_mod    0x00000000200003e4        0x1 Src/main.o
                0x00000000200003e4                ws_mod
 .bss.ws_powr   0x00000000200003e5        0x1 Src/main.o
                0x00000000200003e5                ws_powr
 .bss.ws_powr_mod
                0x00000000200003e6        0x1 Src/main.o
                0x00000000200003e6                ws_powr_mod
 .bss.ws_spd    0x00000000200003e7        0x1 Src/main.o
                0x00000000200003e7                ws_spd
 .bss.ws_spd_lim
                0x00000000200003e8        0x1 Src/main.o
                0x00000000200003e8                ws_spd_lim
 *fill*         0x00000000200003e9        0x3 
 .bss.heap_end.5946
                0x00000000200003ec        0x4 Src/syscalls.o
 .bss.__malloc_free_list
                0x00000000200003f0        0x4 /opt/st/stm32cubeide_1.3.0/plugins/com.st.stm32cube.ide.mcu.externaltools.gnu-tools-for-stm32.7-2018-q2-update.linux64_1.0.0.201904181610/tools/bin/../lib/gcc/arm-none-eabi/7.3.1/../../../../arm-none-eabi/lib/thumb/v7-m/libc_nano.a(lib_a-nano-mallocr.o)
                0x00000000200003f0                __malloc_free_list
 .bss.__malloc_sbrk_start
                0x00000000200003f4        0x4 /opt/st/stm32cubeide_1.3.0/plugins/com.st.stm32cube.ide.mcu.externaltools.gnu-tools-for-stm32.7-2018-q2-update.linux64_1.0.0.201904181610/tools/bin/../lib/gcc/arm-none-eabi/7.3.1/../../../../arm-none-eabi/lib/thumb/v7-m/libc_nano.a(lib_a-nano-mallocr.o)
                0x00000000200003f4                __malloc_sbrk_start
 *(COMMON)
 COMMON         0x00000000200003f8        0x4 Drivers/STM32F1xx_HAL_Driver/Src/stm32f1xx_hal.o
                0x00000000200003f8                uwTick
 COMMON         0x00000000200003fc       0x54 Src/i2c.o
                0x00000000200003fc                hi2c1
 COMMON         0x0000000020000450       0xb8 Src/main.o
                0x0000000020000450                htim3
                0x0000000020000490                u8g_big
                0x00000000200004cc                u8g_small
 COMMON         0x0000000020000508       0xb0 Src/spi.o
                0x0000000020000508                hspi2
                0x0000000020000560                hspi3
 COMMON         0x00000000200005b8       0x80 Src/usart.o
                0x00000000200005b8                huart1
                0x00000000200005f8                huart2
 COMMON         0x0000000020000638        0x4 /opt/st/stm32cubeide_1.3.0/plugins/com.st.stm32cube.ide.mcu.externaltools.gnu-tools-for-stm32.7-2018-q2-update.linux64_1.0.0.201904181610/tools/bin/../lib/gcc/arm-none-eabi/7.3.1/../../../../arm-none-eabi/lib/thumb/v7-m/libc_nano.a(lib_a-reent.o)
                0x0000000020000638                errno
                0x000000002000063c                . = ALIGN (0x4)
                0x000000002000063c                _ebss = .
                0x000000002000063c                __bss_end__ = _ebss

._user_heap_stack
                0x000000002000063c      0x604 load address 0x000000000800b200
                0x0000000020000640                . = ALIGN (0x8)
 *fill*         0x000000002000063c        0x4 
                0x0000000020000640                PROVIDE (end = .)
                [!provide]                        PROVIDE (_end = .)
                0x0000000020000840                . = (. + _Min_Heap_Size)
 *fill*         0x0000000020000640      0x200 
                0x0000000020000c40                . = (. + _Min_Stack_Size)
 *fill*         0x0000000020000840      0x400 
                0x0000000020000c40                . = ALIGN (0x8)

/DISCARD/
 libc.a(*)
 libm.a(*)
 libgcc.a(*)

.ARM.attributes
                0x0000000000000000       0x29
 *(.ARM.attributes)
 .ARM.attributes
                0x0000000000000000       0x1d /opt/st/stm32cubeide_1.3.0/plugins/com.st.stm32cube.ide.mcu.externaltools.gnu-tools-for-stm32.7-2018-q2-update.linux64_1.0.0.201904181610/tools/bin/../lib/gcc/arm-none-eabi/7.3.1/thumb/v7-m/crti.o
 .ARM.attributes
                0x000000000000001d       0x2d /opt/st/stm32cubeide_1.3.0/plugins/com.st.stm32cube.ide.mcu.externaltools.gnu-tools-for-stm32.7-2018-q2-update.linux64_1.0.0.201904181610/tools/bin/../lib/gcc/arm-none-eabi/7.3.1/thumb/v7-m/crtbegin.o
 .ARM.attributes
                0x000000000000004a       0x33 Drivers/STM32F1xx_HAL_Driver/Src/stm32f1xx_hal.o
 .ARM.attributes
                0x000000000000007d       0x33 Drivers/STM32F1xx_HAL_Driver/Src/stm32f1xx_hal_cortex.o
 .ARM.attributes
                0x00000000000000b0       0x33 Drivers/STM32F1xx_HAL_Driver/Src/stm32f1xx_hal_gpio.o
 .ARM.attributes
                0x00000000000000e3       0x33 Drivers/STM32F1xx_HAL_Driver/Src/stm32f1xx_hal_i2c.o
 .ARM.attributes
                0x0000000000000116       0x33 Drivers/STM32F1xx_HAL_Driver/Src/stm32f1xx_hal_rcc.o
 .ARM.attributes
                0x0000000000000149       0x33 Drivers/STM32F1xx_HAL_Driver/Src/stm32f1xx_hal_spi.o
 .ARM.attributes
                0x000000000000017c       0x33 Drivers/STM32F1xx_HAL_Driver/Src/stm32f1xx_hal_tim.o
 .ARM.attributes
                0x00000000000001af       0x33 Drivers/STM32F1xx_HAL_Driver/Src/stm32f1xx_hal_tim_ex.o
 .ARM.attributes
                0x00000000000001e2       0x33 Drivers/STM32F1xx_HAL_Driver/Src/stm32f1xx_hal_uart.o
 .ARM.attributes
                0x0000000000000215       0x33 Drivers/u8glib/src/u8g_arm.o
 .ARM.attributes
                0x0000000000000248       0x33 Drivers/u8glib/src/u8g_bitmap.o
 .ARM.attributes
                0x000000000000027b       0x33 Drivers/u8glib/src/u8g_clip.o
 .ARM.attributes
                0x00000000000002ae       0x33 Drivers/u8glib/src/u8g_com_api.o
 .ARM.attributes
                0x00000000000002e1       0x33 Drivers/u8glib/src/u8g_com_null.o
 .ARM.attributes
                0x0000000000000314       0x33 Drivers/u8glib/src/u8g_dev_ssd1306_128x32.o
 .ARM.attributes
                0x0000000000000347       0x33 Drivers/u8glib/src/u8g_dev_ssd1309_128x64.o
 .ARM.attributes
                0x000000000000037a       0x33 Drivers/u8glib/src/u8g_font.o
 .ARM.attributes
                0x00000000000003ad       0x33 Drivers/u8glib/src/u8g_font_data.o
 .ARM.attributes
                0x00000000000003e0       0x33 Drivers/u8glib/src/u8g_ll_api.o
 .ARM.attributes
                0x0000000000000413       0x33 Drivers/u8glib/src/u8g_page.o
 .ARM.attributes
                0x0000000000000446       0x33 Drivers/u8glib/src/u8g_pb.o
 .ARM.attributes
                0x0000000000000479       0x33 Drivers/u8glib/src/u8g_pb16v1.o
 .ARM.attributes
                0x00000000000004ac       0x33 Drivers/u8glib/src/u8g_pb8v1.o
 .ARM.attributes
                0x00000000000004df       0x33 Drivers/u8glib/src/u8g_state.o
 .ARM.attributes
                0x0000000000000512       0x33 Src/LCD.o
 .ARM.attributes
                0x0000000000000545       0x33 Src/gpio.o
 .ARM.attributes
                0x0000000000000578       0x33 Src/i2c.o
 .ARM.attributes
                0x00000000000005ab       0x33 Src/main.o
 .ARM.attributes
                0x00000000000005de       0x33 Src/spi.o
 .ARM.attributes
                0x0000000000000611       0x33 Src/stm32f1xx_hal_msp.o
 .ARM.attributes
                0x0000000000000644       0x33 Src/stm32f1xx_it.o
 .ARM.attributes
                0x0000000000000677       0x33 Src/syscalls.o
 .ARM.attributes
                0x00000000000006aa       0x33 Src/system_stm32f1xx.o
 .ARM.attributes
                0x00000000000006dd       0x33 Src/tim.o
 .ARM.attributes
                0x0000000000000710       0x33 Src/usart.o
 .ARM.attributes
                0x0000000000000743       0x21 startup/startup_stm32f103xe.o
 .ARM.attributes
                0x0000000000000764       0x2d /opt/st/stm32cubeide_1.3.0/plugins/com.st.stm32cube.ide.mcu.externaltools.gnu-tools-for-stm32.7-2018-q2-update.linux64_1.0.0.201904181610/tools/bin/../lib/gcc/arm-none-eabi/7.3.1/../../../../arm-none-eabi/lib/thumb/v7-m/libc_nano.a(lib_a-errno.o)
 .ARM.attributes
                0x0000000000000791       0x2d /opt/st/stm32cubeide_1.3.0/plugins/com.st.stm32cube.ide.mcu.externaltools.gnu-tools-for-stm32.7-2018-q2-update.linux64_1.0.0.201904181610/tools/bin/../lib/gcc/arm-none-eabi/7.3.1/../../../../arm-none-eabi/lib/thumb/v7-m/libc_nano.a(lib_a-impure.o)
 .ARM.attributes
                0x00000000000007be       0x2d /opt/st/stm32cubeide_1.3.0/plugins/com.st.stm32cube.ide.mcu.externaltools.gnu-tools-for-stm32.7-2018-q2-update.linux64_1.0.0.201904181610/tools/bin/../lib/gcc/arm-none-eabi/7.3.1/../../../../arm-none-eabi/lib/thumb/v7-m/libc_nano.a(lib_a-init.o)
 .ARM.attributes
                0x00000000000007eb       0x2d /opt/st/stm32cubeide_1.3.0/plugins/com.st.stm32cube.ide.mcu.externaltools.gnu-tools-for-stm32.7-2018-q2-update.linux64_1.0.0.201904181610/tools/bin/../lib/gcc/arm-none-eabi/7.3.1/../../../../arm-none-eabi/lib/thumb/v7-m/libc_nano.a(lib_a-memset.o)
 .ARM.attributes
                0x0000000000000818       0x2d /opt/st/stm32cubeide_1.3.0/plugins/com.st.stm32cube.ide.mcu.externaltools.gnu-tools-for-stm32.7-2018-q2-update.linux64_1.0.0.201904181610/tools/bin/../lib/gcc/arm-none-eabi/7.3.1/../../../../arm-none-eabi/lib/thumb/v7-m/libc_nano.a(lib_a-nano-vfprintf_float.o)
 .ARM.attributes
                0x0000000000000845       0x2d /opt/st/stm32cubeide_1.3.0/plugins/com.st.stm32cube.ide.mcu.externaltools.gnu-tools-for-stm32.7-2018-q2-update.linux64_1.0.0.201904181610/tools/bin/../lib/gcc/arm-none-eabi/7.3.1/../../../../arm-none-eabi/lib/thumb/v7-m/libc_nano.a(lib_a-nano-vfprintf_i.o)
 .ARM.attributes
                0x0000000000000872       0x2d /opt/st/stm32cubeide_1.3.0/plugins/com.st.stm32cube.ide.mcu.externaltools.gnu-tools-for-stm32.7-2018-q2-update.linux64_1.0.0.201904181610/tools/bin/../lib/gcc/arm-none-eabi/7.3.1/../../../../arm-none-eabi/lib/thumb/v7-m/libc_nano.a(lib_a-snprintf.o)
 .ARM.attributes
                0x000000000000089f       0x2d /opt/st/stm32cubeide_1.3.0/plugins/com.st.stm32cube.ide.mcu.externaltools.gnu-tools-for-stm32.7-2018-q2-update.linux64_1.0.0.201904181610/tools/bin/../lib/gcc/arm-none-eabi/7.3.1/../../../../arm-none-eabi/lib/thumb/v7-m/libc_nano.a(lib_a-sprintf.o)
 .ARM.attributes
                0x00000000000008cc       0x17 /opt/st/stm32cubeide_1.3.0/plugins/com.st.stm32cube.ide.mcu.externaltools.gnu-tools-for-stm32.7-2018-q2-update.linux64_1.0.0.201904181610/tools/bin/../lib/gcc/arm-none-eabi/7.3.1/../../../../arm-none-eabi/lib/thumb/v7-m/libc_nano.a(lib_a-strlen.o)
 .ARM.attributes
                0x00000000000008e3       0x2d /opt/st/stm32cubeide_1.3.0/plugins/com.st.stm32cube.ide.mcu.externaltools.gnu-tools-for-stm32.7-2018-q2-update.linux64_1.0.0.201904181610/tools/bin/../lib/gcc/arm-none-eabi/7.3.1/../../../../arm-none-eabi/lib/thumb/v7-m/libc_nano.a(lib_a-dtoa.o)
 .ARM.attributes
                0x0000000000000910       0x2d /opt/st/stm32cubeide_1.3.0/plugins/com.st.stm32cube.ide.mcu.externaltools.gnu-tools-for-stm32.7-2018-q2-update.linux64_1.0.0.201904181610/tools/bin/../lib/gcc/arm-none-eabi/7.3.1/../../../../arm-none-eabi/lib/thumb/v7-m/libc_nano.a(lib_a-localeconv.o)
 .ARM.attributes
                0x000000000000093d       0x2d /opt/st/stm32cubeide_1.3.0/plugins/com.st.stm32cube.ide.mcu.externaltools.gnu-tools-for-stm32.7-2018-q2-update.linux64_1.0.0.201904181610/tools/bin/../lib/gcc/arm-none-eabi/7.3.1/../../../../arm-none-eabi/lib/thumb/v7-m/libc_nano.a(lib_a-malloc.o)
 .ARM.attributes
                0x000000000000096a       0x2d /opt/st/stm32cubeide_1.3.0/plugins/com.st.stm32cube.ide.mcu.externaltools.gnu-tools-for-stm32.7-2018-q2-update.linux64_1.0.0.201904181610/tools/bin/../lib/gcc/arm-none-eabi/7.3.1/../../../../arm-none-eabi/lib/thumb/v7-m/libc_nano.a(lib_a-memchr-stub.o)
 .ARM.attributes
                0x0000000000000997       0x2d /opt/st/stm32cubeide_1.3.0/plugins/com.st.stm32cube.ide.mcu.externaltools.gnu-tools-for-stm32.7-2018-q2-update.linux64_1.0.0.201904181610/tools/bin/../lib/gcc/arm-none-eabi/7.3.1/../../../../arm-none-eabi/lib/thumb/v7-m/libc_nano.a(lib_a-memcpy-stub.o)
 .ARM.attributes
                0x00000000000009c4       0x2d /opt/st/stm32cubeide_1.3.0/plugins/com.st.stm32cube.ide.mcu.externaltools.gnu-tools-for-stm32.7-2018-q2-update.linux64_1.0.0.201904181610/tools/bin/../lib/gcc/arm-none-eabi/7.3.1/../../../../arm-none-eabi/lib/thumb/v7-m/libc_nano.a(lib_a-mprec.o)
 .ARM.attributes
                0x00000000000009f1       0x2d /opt/st/stm32cubeide_1.3.0/plugins/com.st.stm32cube.ide.mcu.externaltools.gnu-tools-for-stm32.7-2018-q2-update.linux64_1.0.0.201904181610/tools/bin/../lib/gcc/arm-none-eabi/7.3.1/../../../../arm-none-eabi/lib/thumb/v7-m/libc_nano.a(lib_a-nano-callocr.o)
 .ARM.attributes
                0x0000000000000a1e       0x2d /opt/st/stm32cubeide_1.3.0/plugins/com.st.stm32cube.ide.mcu.externaltools.gnu-tools-for-stm32.7-2018-q2-update.linux64_1.0.0.201904181610/tools/bin/../lib/gcc/arm-none-eabi/7.3.1/../../../../arm-none-eabi/lib/thumb/v7-m/libc_nano.a(lib_a-nano-freer.o)
 .ARM.attributes
                0x0000000000000a4b       0x2d /opt/st/stm32cubeide_1.3.0/plugins/com.st.stm32cube.ide.mcu.externaltools.gnu-tools-for-stm32.7-2018-q2-update.linux64_1.0.0.201904181610/tools/bin/../lib/gcc/arm-none-eabi/7.3.1/../../../../arm-none-eabi/lib/thumb/v7-m/libc_nano.a(lib_a-nano-mallocr.o)
 .ARM.attributes
                0x0000000000000a78       0x2d /opt/st/stm32cubeide_1.3.0/plugins/com.st.stm32cube.ide.mcu.externaltools.gnu-tools-for-stm32.7-2018-q2-update.linux64_1.0.0.201904181610/tools/bin/../lib/gcc/arm-none-eabi/7.3.1/../../../../arm-none-eabi/lib/thumb/v7-m/libc_nano.a(lib_a-nano-svfprintf.o)
 .ARM.attributes
                0x0000000000000aa5       0x2d /opt/st/stm32cubeide_1.3.0/plugins/com.st.stm32cube.ide.mcu.externaltools.gnu-tools-for-stm32.7-2018-q2-update.linux64_1.0.0.201904181610/tools/bin/../lib/gcc/arm-none-eabi/7.3.1/../../../../arm-none-eabi/lib/thumb/v7-m/libc_nano.a(lib_a-sbrkr.o)
 .ARM.attributes