Archive member included to satisfy reference by file (symbol)

c:/ac6/systemworkbench/plugins/fr.ac6.mcu.externaltools.arm-none.win32_1.17.0.201812190825/tools/compiler/bin/../lib/gcc/arm-none-eabi/7.3.1/../../../../arm-none-eabi/lib/thumb/v7-m\libm.a(lib_a-s_floor.o)
                              Src/main.o (floor)
c:/ac6/systemworkbench/plugins/fr.ac6.mcu.externaltools.arm-none.win32_1.17.0.201812190825/tools/compiler/bin/../lib/gcc/arm-none-eabi/7.3.1/thumb/v7-m\libgcc.a(_arm_addsubdf3.o)
                              c:/ac6/systemworkbench/plugins/fr.ac6.mcu.externaltools.arm-none.win32_1.17.0.201812190825/tools/compiler/bin/../lib/gcc/arm-none-eabi/7.3.1/../../../../arm-none-eabi/lib/thumb/v7-m\libm.a(lib_a-s_floor.o) (__aeabi_dadd)
c:/ac6/systemworkbench/plugins/fr.ac6.mcu.externaltools.arm-none.win32_1.17.0.201812190825/tools/compiler/bin/../lib/gcc/arm-none-eabi/7.3.1/thumb/v7-m\libgcc.a(_arm_muldivdf3.o)
                              Src/main.o (__aeabi_dmul)
c:/ac6/systemworkbench/plugins/fr.ac6.mcu.externaltools.arm-none.win32_1.17.0.201812190825/tools/compiler/bin/../lib/gcc/arm-none-eabi/7.3.1/thumb/v7-m\libgcc.a(_arm_cmpdf2.o)
                              Src/main.o (__aeabi_dcmple)
c:/ac6/systemworkbench/plugins/fr.ac6.mcu.externaltools.arm-none.win32_1.17.0.201812190825/tools/compiler/bin/../lib/gcc/arm-none-eabi/7.3.1/thumb/v7-m\libgcc.a(_arm_fixdfsi.o)
                              Src/main.o (__aeabi_d2iz)
c:/ac6/systemworkbench/plugins/fr.ac6.mcu.externaltools.arm-none.win32_1.17.0.201812190825/tools/compiler/bin/../lib/gcc/arm-none-eabi/7.3.1/thumb/v7-m\libgcc.a(_arm_fixunsdfsi.o)
                              Src/main.o (__aeabi_d2uiz)
c:/ac6/systemworkbench/plugins/fr.ac6.mcu.externaltools.arm-none.win32_1.17.0.201812190825/tools/compiler/bin/../lib/gcc/arm-none-eabi/7.3.1/../../../../arm-none-eabi/lib/thumb/v7-m\libc_nano.a(lib_a-exit.o)
                              c:/ac6/systemworkbench/plugins/fr.ac6.mcu.externaltools.arm-none.win32_1.17.0.201812190825/tools/compiler/bin/../lib/gcc/arm-none-eabi/7.3.1/../../../../arm-none-eabi/lib/thumb/v7-m/crt0.o (exit)
c:/ac6/systemworkbench/plugins/fr.ac6.mcu.externaltools.arm-none.win32_1.17.0.201812190825/tools/compiler/bin/../lib/gcc/arm-none-eabi/7.3.1/../../../../arm-none-eabi/lib/thumb/v7-m\libc_nano.a(lib_a-impure.o)
                              c:/ac6/systemworkbench/plugins/fr.ac6.mcu.externaltools.arm-none.win32_1.17.0.201812190825/tools/compiler/bin/../lib/gcc/arm-none-eabi/7.3.1/../../../../arm-none-eabi/lib/thumb/v7-m\libc_nano.a(lib_a-exit.o) (_global_impure_ptr)
c:/ac6/systemworkbench/plugins/fr.ac6.mcu.externaltools.arm-none.win32_1.17.0.201812190825/tools/compiler/bin/../lib/gcc/arm-none-eabi/7.3.1/../../../../arm-none-eabi/lib/thumb/v7-m\libc_nano.a(lib_a-init.o)
                              c:/ac6/systemworkbench/plugins/fr.ac6.mcu.externaltools.arm-none.win32_1.17.0.201812190825/tools/compiler/bin/../lib/gcc/arm-none-eabi/7.3.1/../../../../arm-none-eabi/lib/thumb/v7-m/crt0.o (__libc_init_array)
c:/ac6/systemworkbench/plugins/fr.ac6.mcu.externaltools.arm-none.win32_1.17.0.201812190825/tools/compiler/bin/../lib/gcc/arm-none-eabi/7.3.1/../../../../arm-none-eabi/lib/thumb/v7-m\libc_nano.a(lib_a-memset.o)
                              c:/ac6/systemworkbench/plugins/fr.ac6.mcu.externaltools.arm-none.win32_1.17.0.201812190825/tools/compiler/bin/../lib/gcc/arm-none-eabi/7.3.1/../../../../arm-none-eabi/lib/thumb/v7-m/crt0.o (memset)
c:/ac6/systemworkbench/plugins/fr.ac6.mcu.externaltools.arm-none.win32_1.17.0.201812190825/tools/compiler/bin/../lib/gcc/arm-none-eabi/7.3.1/../../../../arm-none-eabi/lib/thumb/v7-m\libc_nano.a(lib_a-nano-vfprintf_float.o)
                              (_printf_float)
c:/ac6/systemworkbench/plugins/fr.ac6.mcu.externaltools.arm-none.win32_1.17.0.201812190825/tools/compiler/bin/../lib/gcc/arm-none-eabi/7.3.1/../../../../arm-none-eabi/lib/thumb/v7-m\libc_nano.a(lib_a-nano-vfprintf_i.o)
                              c:/ac6/systemworkbench/plugins/fr.ac6.mcu.externaltools.arm-none.win32_1.17.0.201812190825/tools/compiler/bin/../lib/gcc/arm-none-eabi/7.3.1/../../../../arm-none-eabi/lib/thumb/v7-m\libc_nano.a(lib_a-nano-vfprintf_float.o) (_printf_common)
c:/ac6/systemworkbench/plugins/fr.ac6.mcu.externaltools.arm-none.win32_1.17.0.201812190825/tools/compiler/bin/../lib/gcc/arm-none-eabi/7.3.1/../../../../arm-none-eabi/lib/thumb/v7-m\libc_nano.a(lib_a-snprintf.o)
                              Src/main.o (snprintf)
c:/ac6/systemworkbench/plugins/fr.ac6.mcu.externaltools.arm-none.win32_1.17.0.201812190825/tools/compiler/bin/../lib/gcc/arm-none-eabi/7.3.1/../../../../arm-none-eabi/lib/thumb/v7-m\libc_nano.a(lib_a-sprintf.o)
                              Src/LCD.o (sprintf)
c:/ac6/systemworkbench/plugins/fr.ac6.mcu.externaltools.arm-none.win32_1.17.0.201812190825/tools/compiler/bin/../lib/gcc/arm-none-eabi/7.3.1/../../../../arm-none-eabi/lib/thumb/v7-m\libc_nano.a(lib_a-strlen.o)
[...]
Memory Configuration

Name             Origin             Length             Attributes
RAM              0x20000000         0x00010000         xrw
FLASH            0x08000000         0x00080000         xr
*default*        0x00000000         0xffffffff

Linker script and memory map

LOAD c:/ac6/systemworkbench/plugins/fr.ac6.mcu.externaltools.arm-none.win32_1.17.0.201812190825/tools/compiler/bin/../lib/gcc/arm-none-eabi/7.3.1/thumb/v7-m/crti.o
LOAD c:/ac6/systemworkbench/plugins/fr.ac6.mcu.externaltools.arm-none.win32_1.17.0.201812190825/tools/compiler/bin/../lib/gcc/arm-none-eabi/7.3.1/thumb/v7-m/crtbegin.o
LOAD c:/ac6/systemworkbench/plugins/fr.ac6.mcu.externaltools.arm-none.win32_1.17.0.201812190825/tools/compiler/bin/../lib/gcc/arm-none-eabi/7.3.1/../../../../arm-none-eabi/lib/thumb/v7-m/crt0.o
LOAD Drivers/STM32F1xx_HAL_Driver/Src/stm32f1xx_hal.o
LOAD Drivers/STM32F1xx_HAL_Driver/Src/stm32f1xx_hal_can.o
LOAD Drivers/STM32F1xx_HAL_Driver/Src/stm32f1xx_hal_cortex.o
LOAD Drivers/STM32F1xx_HAL_Driver/Src/stm32f1xx_hal_dma.o
LOAD Drivers/STM32F1xx_HAL_Driver/Src/stm32f1xx_hal_flash.o
LOAD Drivers/STM32F1xx_HAL_Driver/Src/stm32f1xx_hal_flash_ex.o
LOAD Drivers/STM32F1xx_HAL_Driver/Src/stm32f1xx_hal_gpio.o
LOAD Drivers/STM32F1xx_HAL_Driver/Src/stm32f1xx_hal_gpio_ex.o
LOAD Drivers/STM32F1xx_HAL_Driver/Src/stm32f1xx_hal_i2c.o
LOAD Drivers/STM32F1xx_HAL_Driver/Src/stm32f1xx_hal_pwr.o
LOAD Drivers/STM32F1xx_HAL_Driver/Src/stm32f1xx_hal_rcc.o
LOAD Drivers/STM32F1xx_HAL_Driver/Src/stm32f1xx_hal_rcc_ex.o
LOAD Drivers/STM32F1xx_HAL_Driver/Src/stm32f1xx_hal_spi.o
LOAD Drivers/STM32F1xx_HAL_Driver/Src/stm32f1xx_hal_spi_ex.o
LOAD Drivers/STM32F1xx_HAL_Driver/Src/stm32f1xx_hal_tim.o
LOAD Drivers/STM32F1xx_HAL_Driver/Src/stm32f1xx_hal_tim_ex.o
LOAD Drivers/STM32F1xx_HAL_Driver/Src/stm32f1xx_hal_uart.o
LOAD Drivers/u8glib/src/u8g_arm.o
LOAD Drivers/u8glib/src/u8g_bitmap.o
LOAD Drivers/u8glib/src/u8g_circle.o
LOAD Drivers/u8glib/src/u8g_clip.o
LOAD Drivers/u8glib/src/u8g_com_api.o
LOAD Drivers/u8glib/src/u8g_com_api_16gr.o
LOAD Drivers/u8glib/src/u8g_com_i2c.o
LOAD Drivers/u8glib/src/u8g_com_io.o
LOAD Drivers/u8glib/src/u8g_com_msp430_hw_spi.o
LOAD Drivers/u8glib/src/u8g_com_null.o
LOAD Drivers/u8glib/src/u8g_com_std_sw_spi.o
LOAD Drivers/u8glib/src/u8g_cursor.o
LOAD Drivers/u8glib/src/u8g_delay.o
LOAD Drivers/u8glib/src/u8g_dev_gprof.o
LOAD Drivers/u8glib/src/u8g_dev_null.o
LOAD Drivers/u8glib/src/u8g_dev_ssd1306_128x32.o
LOAD Drivers/u8glib/src/u8g_dev_ssd1306_128x64.o
LOAD Drivers/u8glib/src/u8g_dev_ssd1306_64x48.o
LOAD Drivers/u8glib/src/u8g_dev_ssd1309_128x64.o
LOAD Drivers/u8glib/src/u8g_ellipse.o
LOAD Drivers/u8glib/src/u8g_font.o
LOAD Drivers/u8glib/src/u8g_font_data.o
LOAD Drivers/u8glib/src/u8g_line.o
LOAD Drivers/u8glib/src/u8g_ll_api.o
LOAD Drivers/u8glib/src/u8g_page.o
LOAD Drivers/u8glib/src/u8g_pb.o
LOAD Drivers/u8glib/src/u8g_pb14v1.o
LOAD Drivers/u8glib/src/u8g_pb16h1.o
LOAD Drivers/u8glib/src/u8g_pb16h2.o
LOAD Drivers/u8glib/src/u8g_pb16v1.o
LOAD Drivers/u8glib/src/u8g_pb16v2.o
LOAD Drivers/u8glib/src/u8g_pb32h1.o
LOAD Drivers/u8glib/src/u8g_pb8h1.o
LOAD Drivers/u8glib/src/u8g_pb8h1f.o
LOAD Drivers/u8glib/src/u8g_pb8h2.o
LOAD Drivers/u8glib/src/u8g_pb8h8.o
LOAD Drivers/u8glib/src/u8g_pb8v1.o
LOAD Drivers/u8glib/src/u8g_pb8v2.o
LOAD Drivers/u8glib/src/u8g_pbxh16.o
LOAD Drivers/u8glib/src/u8g_pbxh24.o
LOAD Drivers/u8glib/src/u8g_polygon.o
LOAD Drivers/u8glib/src/u8g_rect.o
LOAD Drivers/u8glib/src/u8g_rot.o
LOAD Drivers/u8glib/src/u8g_scale.o
LOAD Drivers/u8glib/src/u8g_state.o
LOAD Drivers/u8glib/src/u8g_u16toa.o
LOAD Drivers/u8glib/src/u8g_u8toa.o
LOAD Drivers/u8glib/src/u8g_virtual_screen.o
LOAD Src/LCD.o
LOAD Src/can.o
LOAD Src/gpio.o
LOAD Src/i2c.o
LOAD Src/main.o
LOAD Src/spi.o
LOAD Src/stm32f1xx_hal_msp.o
LOAD Src/stm32f1xx_it.o
LOAD Src/system_stm32f1xx.o
LOAD Src/tim.o
LOAD Src/usart.o
LOAD startup/startup_stm32f103xe.o
LOAD c:/ac6/systemworkbench/plugins/fr.ac6.mcu.externaltools.arm-none.win32_1.17.0.201812190825/tools/compiler/bin/../lib/gcc/arm-none-eabi/7.3.1/../../../../arm-none-eabi/lib/thumb/v7-m\libm.a
START GROUP
LOAD c:/ac6/systemworkbench/plugins/fr.ac6.mcu.externaltools.arm-none.win32_1.17.0.201812190825/tools/compiler/bin/../lib/gcc/arm-none-eabi/7.3.1/thumb/v7-m\libgcc.a
LOAD c:/ac6/systemworkbench/plugins/fr.ac6.mcu.externaltools.arm-none.win32_1.17.0.201812190825/tools/compiler/bin/../lib/gcc/arm-none-eabi/7.3.1/../../../../arm-none-eabi/lib/thumb/v7-m\libc_nano.a
END GROUP
START GROUP
LOAD c:/ac6/systemworkbench/plugins/fr.ac6.mcu.externaltools.arm-none.win32_1.17.0.201812190825/tools/compiler/bin/../lib/gcc/arm-none-eabi/7.3.1/thumb/v7-m\libgcc.a
LOAD c:/ac6/systemworkbench/plugins/fr.ac6.mcu.externaltools.arm-none.win32_1.17.0.201812190825/tools/compiler/bin/../lib/gcc/arm-none-eabi/7.3.1/../../../../arm-none-eabi/lib/thumb/v7-m\libc_nano.a
LOAD c:/ac6/systemworkbench/plugins/fr.ac6.mcu.externaltools.arm-none.win32_1.17.0.201812190825/tools/compiler/bin/../lib/gcc/arm-none-eabi/7.3.1/../../../../arm-none-eabi/lib/thumb/v7-m\libnosys.a
END GROUP
START GROUP
LOAD c:/ac6/systemworkbench/plugins/fr.ac6.mcu.externaltools.arm-none.win32_1.17.0.201812190825/tools/compiler/bin/../lib/gcc/arm-none-eabi/7.3.1/thumb/v7-m\libgcc.a
LOAD c:/ac6/systemworkbench/plugins/fr.ac6.mcu.externaltools.arm-none.win32_1.17.0.201812190825/tools/compiler/bin/../lib/gcc/arm-none-eabi/7.3.1/../../../../arm-none-eabi/lib/thumb/v7-m\libc_nano.a
LOAD c:/ac6/systemworkbench/plugins/fr.ac6.mcu.externaltools.arm-none.win32_1.17.0.201812190825/tools/compiler/bin/../lib/gcc/arm-none-eabi/7.3.1/../../../../arm-none-eabi/lib/thumb/v7-m\libnosys.a
END GROUP
LOAD c:/ac6/systemworkbench/plugins/fr.ac6.mcu.externaltools.arm-none.win32_1.17.0.201812190825/tools/compiler/bin/../lib/gcc/arm-none-eabi/7.3.1/thumb/v7-m/crtend.o
LOAD c:/ac6/systemworkbench/plugins/fr.ac6.mcu.externaltools.arm-none.win32_1.17.0.201812190825/tools/compiler/bin/../lib/gcc/arm-none-eabi/7.3.1/thumb/v7-m/crtn.o
                0x20010000                _estack = 0x20010000
                0x00000200                _Min_Heap_Size = 0x200
                0x00000400                _Min_Stack_Size = 0x400

.isr_vector     0x08000000      0x1e4
                0x08000000                . = ALIGN (0x4)
 *(.isr_vector)
 .isr_vector    0x08000000      0x1e4 startup/startup_stm32f103xe.o
                0x08000000                g_pfnVectors
                0x080001e4                . = ALIGN (0x4)

.text           0x080001e8     0x7638
                0x080001e8                . = ALIGN (0x4)
 *(.text)
 .text          0x080001e8       0x40 c:/ac6/systemworkbench/plugins/fr.ac6.mcu.externaltools.arm-none.win32_1.17.0.201812190825/tools/compiler/bin/../lib/gcc/arm-none-eabi/7.3.1/thumb/v7-m/crtbegin.o
 .text          0x08000228      0x378 c:/ac6/systemworkbench/plugins/fr.ac6.mcu.externaltools.arm-none.win32_1.17.0.201812190825/tools/compiler/bin/../lib/gcc/arm-none-eabi/7.3.1/thumb/v7-m\libgcc.a(_arm_addsubdf3.o)
                0x08000228                __aeabi_drsub
                0x08000230                __aeabi_dsub
                0x08000230                __subdf3
                0x08000234                __aeabi_dadd
                0x08000234                __adddf3
                0x080004ac                __floatunsidf
                0x080004ac                __aeabi_ui2d
                0x080004cc                __floatsidf
                0x080004cc                __aeabi_i2d
                0x080004f0                __aeabi_f2d
                0x080004f0                __extendsfdf2
                0x08000534                __floatundidf
                0x08000534                __aeabi_ul2d
                0x08000544                __floatdidf
                0x08000544                __aeabi_l2d
 .text          0x080005a0      0x424 c:/ac6/systemworkbench/plugins/fr.ac6.mcu.externaltools.arm-none.win32_1.17.0.201812190825/tools/compiler/bin/../lib/gcc/arm-none-eabi/7.3.1/thumb/v7-m\libgcc.a(_arm_muldivdf3.o)
                0x080005a0                __aeabi_dmul
                0x080005a0                __muldf3
                0x080007f4                __divdf3
                0x080007f4                __aeabi_ddiv
 .text          0x080009c4      0x110 c:/ac6/systemworkbench/plugins/fr.ac6.mcu.externaltools.arm-none.win32_1.17.0.201812190825/tools/compiler/bin/../lib/gcc/arm-none-eabi/7.3.1/thumb/v7-m\libgcc.a(_arm_cmpdf2.o)
                0x080009c4                __gtdf2
                0x080009c4                __gedf2
                0x080009cc                __ltdf2
                0x080009cc                __ledf2
                0x080009d4                __nedf2
                0x080009d4                __eqdf2
                0x080009d4                __cmpdf2
                0x08000a50                __aeabi_cdrcmple
                0x08000a60                __aeabi_cdcmpeq
                0x08000a60                __aeabi_cdcmple
                0x08000a70                __aeabi_dcmpeq
                0x08000a84                __aeabi_dcmplt
                0x08000a98                __aeabi_dcmple
                0x08000aac                __aeabi_dcmpge
                0x08000ac0                __aeabi_dcmpgt
 .text          0x08000ad4       0x50 c:/ac6/systemworkbench/plugins/fr.ac6.mcu.externaltools.arm-none.win32_1.17.0.201812190825/tools/compiler/bin/../lib/gcc/arm-none-eabi/7.3.1/thumb/v7-m\libgcc.a(_arm_fixdfsi.o)
                0x08000ad4                __aeabi_d2iz
                0x08000ad4                __fixdfsi
 .text          0x08000b24       0x40 c:/ac6/systemworkbench/plugins/fr.ac6.mcu.externaltools.arm-none.win32_1.17.0.201812190825/tools/compiler/bin/../lib/gcc/arm-none-eabi/7.3.1/thumb/v7-m\libgcc.a(_arm_fixunsdfsi.o)
                0x08000b24                __aeabi_d2uiz
                0x08000b24                __fixunsdfsi
 .text          0x08000b64       0x10 c:/ac6/systemworkbench/plugins/fr.ac6.mcu.externaltools.arm-none.win32_1.17.0.201812190825/tools/compiler/bin/../lib/gcc/arm-none-eabi/7.3.1/../../../../arm-none-eabi/lib/thumb/v7-m\libc_nano.a(lib_a-strlen.o)
                0x08000b64                strlen
 .text          0x08000b74       0x2c c:/ac6/systemworkbench/plugins/fr.ac6.mcu.externaltools.arm-none.win32_1.17.0.201812190825/tools/compiler/bin/../lib/gcc/arm-none-eabi/7.3.1/thumb/v7-m\libgcc.a(_arm_unorddf2.o)
                0x08000b74                __unorddf2
                0x08000b74                __aeabi_dcmpun
 *(.text*)
 .text.HAL_InitTick
                0x08000ba0       0x4c Drivers/STM32F1xx_HAL_Driver/Src/stm32f1xx_hal.o
                0x08000ba0                HAL_InitTick
 .text.HAL_Init
                0x08000bec       0x24 Drivers/STM32F1xx_HAL_Driver/Src/stm32f1xx_hal.o
                0x08000bec                HAL_Init
 .text.HAL_IncTick
                0x08000c10       0x18 Drivers/STM32F1xx_HAL_Driver/Src/stm32f1xx_hal.o
                0x08000c10                HAL_IncTick
 .text.HAL_GetTick
                0x08000c28        0xc Drivers/STM32F1xx_HAL_Driver/Src/stm32f1xx_hal.o
                0x08000c28                HAL_GetTick
 .text.HAL_Delay
                0x08000c34       0x28 Drivers/STM32F1xx_HAL_Driver/Src/stm32f1xx_hal.o
                0x08000c34                HAL_Delay
 .text.HAL_CAN_ConfigFilter
                0x08000c5c      0x106 Drivers/STM32F1xx_HAL_Driver/Src/stm32f1xx_hal_can.o
                0x08000c5c                HAL_CAN_ConfigFilter
 .text.HAL_CAN_Init
                0x08000d62      0x136 Drivers/STM32F1xx_HAL_Driver/Src/stm32f1xx_hal_can.o
                0x08000d62                HAL_CAN_Init
 .text.HAL_CAN_Transmit
                0x08000e98      0x20c Drivers/STM32F1xx_HAL_Driver/Src/stm32f1xx_hal_can.o
                0x08000e98                HAL_CAN_Transmit
 .text.HAL_CAN_Receive_IT
                0x080010a4      0x128 Drivers/STM32F1xx_HAL_Driver/Src/stm32f1xx_hal_can.o
                0x080010a4                HAL_CAN_Receive_IT
 .text.HAL_CAN_TxCpltCallback
                0x080011cc        0x2 Drivers/STM32F1xx_HAL_Driver/Src/stm32f1xx_hal_can.o
                0x080011cc                HAL_CAN_TxCpltCallback
 .text.CAN_Transmit_IT
                0x080011ce       0x5a Drivers/STM32F1xx_HAL_Driver/Src/stm32f1xx_hal_can.o
 .text.HAL_CAN_RxCpltCallback
                0x08001228        0x2 Drivers/STM32F1xx_HAL_Driver/Src/stm32f1xx_hal_can.o
                0x08001228                HAL_CAN_RxCpltCallback
 .text.CAN_Receive_IT
                0x0800122a      0x170 Drivers/STM32F1xx_HAL_Driver/Src/stm32f1xx_hal_can.o
 .text.HAL_CAN_ErrorCallback
                0x0800139a        0x2 Drivers/STM32F1xx_HAL_Driver/Src/stm32f1xx_hal_can.o
                0x0800139a                HAL_CAN_ErrorCallback
 .text.HAL_CAN_IRQHandler
                0x0800139c      0x1fc Drivers/STM32F1xx_HAL_Driver/Src/stm32f1xx_hal_can.o
                0x0800139c                HAL_CAN_IRQHandler
 .text.HAL_NVIC_SetPriorityGrouping
                0x08001598       0x24 Drivers/STM32F1xx_HAL_Driver/Src/stm32f1xx_hal_cortex.o
                0x08001598                HAL_NVIC_SetPriorityGrouping
 .text.HAL_NVIC_SetPriority
                0x080015bc       0x68 Drivers/STM32F1xx_HAL_Driver/Src/stm32f1xx_hal_cortex.o
                0x080015bc                HAL_NVIC_SetPriority
 .text.HAL_NVIC_EnableIRQ
                0x08001624       0x18 Drivers/STM32F1xx_HAL_Driver/Src/stm32f1xx_hal_cortex.o
                0x08001624                HAL_NVIC_EnableIRQ
 .text.HAL_SYSTICK_Config
                0x0800163c       0x2c Drivers/STM32F1xx_HAL_Driver/Src/stm32f1xx_hal_cortex.o
                0x0800163c                HAL_SYSTICK_Config
 .text.HAL_SYSTICK_CLKSourceConfig
                0x08001668       0x20 Drivers/STM32F1xx_HAL_Driver/Src/stm32f1xx_hal_cortex.o
                0x08001668                HAL_SYSTICK_CLKSourceConfig
 .text.HAL_SYSTICK_Callback
                0x08001688        0x2 Drivers/STM32F1xx_HAL_Driver/Src/stm32f1xx_hal_cortex.o
                0x08001688                HAL_SYSTICK_Callback
 .text.HAL_SYSTICK_IRQHandler
                0x0800168a        0x8 Drivers/STM32F1xx_HAL_Driver/Src/stm32f1xx_hal_cortex.o
                0x0800168a                HAL_SYSTICK_IRQHandler
 *fill*         0x08001692        0x2 
 .text.HAL_GPIO_Init
                0x08001694      0x1f0 Drivers/STM32F1xx_HAL_Driver/Src/stm32f1xx_hal_gpio.o
                0x08001694                HAL_GPIO_Init
 .text.HAL_GPIO_WritePin
                0x08001884        0xc Drivers/STM32F1xx_HAL_Driver/Src/stm32f1xx_hal_gpio.o
                0x08001884                HAL_GPIO_WritePin
 .text.I2C_IsAcknowledgeFailed
                0x08001890       0x2a Drivers/STM32F1xx_HAL_Driver/Src/stm32f1xx_hal_i2c.o
 .text.I2C_WaitOnFlagUntilTimeout
                0x080018ba       0x68 Drivers/STM32F1xx_HAL_Driver/Src/stm32f1xx_hal_i2c.o
 .text.I2C_WaitOnMasterAddressFlagUntilTimeout
                0x08001922       0x90 Drivers/STM32F1xx_HAL_Driver/Src/stm32f1xx_hal_i2c.o
 *fill*         0x080019b2        0x2 
 .text.I2C_MasterRequestWrite
                0x080019b4       0xbc Drivers/STM32F1xx_HAL_Driver/Src/stm32f1xx_hal_i2c.o
 .text.I2C_WaitOnTXEFlagUntilTimeout
                0x08001a70       0x4e Drivers/STM32F1xx_HAL_Driver/Src/stm32f1xx_hal_i2c.o
 *fill*         0x08001abe        0x2 
 .text.I2C_RequestMemoryWrite
                0x08001ac0       0xd8 Drivers/STM32F1xx_HAL_Driver/Src/stm32f1xx_hal_i2c.o
 .text.I2C_WaitOnBTFFlagUntilTimeout
                0x08001b98       0x4e Drivers/STM32F1xx_HAL_Driver/Src/stm32f1xx_hal_i2c.o
 *fill*         0x08001be6        0x2 
 .text.HAL_I2C_Init
                0x08001be8      0x168 Drivers/STM32F1xx_HAL_Driver/Src/stm32f1xx_hal_i2c.o
                0x08001be8                HAL_I2C_Init
 .text.HAL_I2C_Master_Transmit
                0x08001d50      0x184 Drivers/STM32F1xx_HAL_Driver/Src/stm32f1xx_hal_i2c.o
                0x08001d50                HAL_I2C_Master_Transmit
 .text.HAL_I2C_Mem_Write
                0x08001ed4      0x17c Drivers/STM32F1xx_HAL_Driver/Src/stm32f1xx_hal_i2c.o
                0x08001ed4                HAL_I2C_Mem_Write
 .text.RCC_Delay
                0x08002050       0x2c Drivers/STM32F1xx_HAL_Driver/Src/stm32f1xx_hal_rcc.o
 .text.HAL_RCC_OscConfig
                0x0800207c      0x3dc Drivers/STM32F1xx_HAL_Driver/Src/stm32f1xx_hal_rcc.o
                0x0800207c                HAL_RCC_OscConfig
 .text.HAL_RCC_GetSysClockFreq
                0x08002458       0x7c Drivers/STM32F1xx_HAL_Driver/Src/stm32f1xx_hal_rcc.o
                0x08002458                HAL_RCC_GetSysClockFreq
 .text.HAL_RCC_ClockConfig
                0x080024d4      0x178 Drivers/STM32F1xx_HAL_Driver/Src/stm32f1xx_hal_rcc.o
                0x080024d4                HAL_RCC_ClockConfig
 .text.HAL_RCC_GetHCLKFreq
                0x0800264c        0xc Drivers/STM32F1xx_HAL_Driver/Src/stm32f1xx_hal_rcc.o
                0x0800264c                HAL_RCC_GetHCLKFreq
 .text.HAL_RCC_GetPCLK1Freq
                0x08002658       0x20 Drivers/STM32F1xx_HAL_Driver/Src/stm32f1xx_hal_rcc.o
                0x08002658                HAL_RCC_GetPCLK1Freq
 .text.HAL_RCC_GetPCLK2Freq
                0x08002678       0x20 Drivers/STM32F1xx_HAL_Driver/Src/stm32f1xx_hal_rcc.o
                0x08002678                HAL_RCC_GetPCLK2Freq
 .text.SPI_WaitFlagStateUntilTimeout
                0x08002698       0x96 Drivers/STM32F1xx_HAL_Driver/Src/stm32f1xx_hal_spi.o
 .text.SPI_CheckFlag_BSY
                0x0800272e       0x28 Drivers/STM32F1xx_HAL_Driver/Src/stm32f1xx_hal_spi.o
 .text.HAL_SPI_Transmit
                0x08002756      0x1a6 Drivers/STM32F1xx_HAL_Driver/Src/stm32f1xx_hal_spi.o
                0x08002756                HAL_SPI_Transmit
 .text.HAL_SPI_GetState
                0x080028fc        0x6 Drivers/STM32F1xx_HAL_Driver/Src/stm32f1xx_hal_spi.o
                0x080028fc                HAL_SPI_GetState
 .text.HAL_SPI_Init
                0x08002902       0x82 Drivers/STM32F1xx_HAL_Driver/Src/stm32f1xx_hal_spi_ex.o
                0x08002902                HAL_SPI_Init
 .text.TIM_OC1_SetConfig
                0x08002984       0x68 Drivers/STM32F1xx_HAL_Driver/Src/stm32f1xx_hal_tim.o
 .text.TIM_OC3_SetConfig
                0x080029ec       0x70 Drivers/STM32F1xx_HAL_Driver/Src/stm32f1xx_hal_tim.o
 .text.TIM_OC4_SetConfig
                0x08002a5c       0x50 Drivers/STM32F1xx_HAL_Driver/Src/stm32f1xx_hal_tim.o
 .text.TIM_TI1_ConfigInputStage
                0x08002aac       0x24 Drivers/STM32F1xx_HAL_Driver/Src/stm32f1xx_hal_tim.o
 .text.TIM_TI2_ConfigInputStage
                0x08002ad0       0x26 Drivers/STM32F1xx_HAL_Driver/Src/stm32f1xx_hal_tim.o
 .text.TIM_ITRx_SetConfig
                0x08002af6       0x10 Drivers/STM32F1xx_HAL_Driver/Src/stm32f1xx_hal_tim.o
 .text.TIM_ETR_SetConfig
                0x08002b06       0x16 Drivers/STM32F1xx_HAL_Driver/Src/stm32f1xx_hal_tim.o
 .text.HAL_TIM_PWM_MspInit
                0x08002b1c        0x2 Drivers/STM32F1xx_HAL_Driver/Src/stm32f1xx_hal_tim.o
                0x08002b1c                HAL_TIM_PWM_MspInit
 .text.HAL_TIM_ConfigClockSource
                0x08002b1e      0x108 Drivers/STM32F1xx_HAL_Driver/Src/stm32f1xx_hal_tim.o
                0x08002b1e                HAL_TIM_ConfigClockSource
 *fill*         0x08002c26        0x2 
 .text.TIM_Base_SetConfig
                0x08002c28       0x98 Drivers/STM32F1xx_HAL_Driver/Src/stm32f1xx_hal_tim.o
                0x08002c28                TIM_Base_SetConfig
 .text.HAL_TIM_Base_Init
                0x08002cc0       0x32 Drivers/STM32F1xx_HAL_Driver/Src/stm32f1xx_hal_tim.o
                0x08002cc0                HAL_TIM_Base_Init
 .text.HAL_TIM_PWM_Init
                0x08002cf2       0x32 Drivers/STM32F1xx_HAL_Driver/Src/stm32f1xx_hal_tim.o
                0x08002cf2                HAL_TIM_PWM_Init
 .text.TIM_OC2_SetConfig
                0x08002d24       0x70 Drivers/STM32F1xx_HAL_Driver/Src/stm32f1xx_hal_tim.o
                0x08002d24                TIM_OC2_SetConfig
 .text.HAL_TIM_PWM_ConfigChannel
                0x08002d94       0xdc Drivers/STM32F1xx_HAL_Driver/Src/stm32f1xx_hal_tim.o
                0x08002d94                HAL_TIM_PWM_ConfigChannel
 .text.TIM_CCxChannelCmd
                0x08002e70       0x1c Drivers/STM32F1xx_HAL_Driver/Src/stm32f1xx_hal_tim.o
                0x08002e70                TIM_CCxChannelCmd
 .text.HAL_TIM_PWM_Start
                0x08002e8c       0x38 Drivers/STM32F1xx_HAL_Driver/Src/stm32f1xx_hal_tim.o
                0x08002e8c                HAL_TIM_PWM_Start
 .text.HAL_TIMEx_MasterConfigSynchronization
                0x08002ec4       0x52 Drivers/STM32F1xx_HAL_Driver/Src/stm32f1xx_hal_tim_ex.o
                0x08002ec4                HAL_TIMEx_MasterConfigSynchronization
 *fill*         0x08002f16        0x2 
 .text.UART_SetConfig
                0x08002f18      0x1ac Drivers/STM32F1xx_HAL_Driver/Src/stm32f1xx_hal_uart.o
 .text.UART_WaitOnFlagUntilTimeout
                0x080030c4       0x62 Drivers/STM32F1xx_HAL_Driver/Src/stm32f1xx_hal_uart.o
 .text.HAL_UART_Init
                0x08003126       0x5e Drivers/STM32F1xx_HAL_Driver/Src/stm32f1xx_hal_uart.o
                0x08003126                HAL_UART_Init
 .text.HAL_UART_Transmit
                0x08003184       0xe0 Drivers/STM32F1xx_HAL_Driver/Src/stm32f1xx_hal_uart.o
                0x08003184                HAL_UART_Transmit
 .text.u8g_Delay
                0x08003264       0x14 Drivers/u8glib/src/u8g_arm.o
                0x08003264                u8g_Delay
 .text.u8g_MicroDelay
                0x08003278        0x8 Drivers/u8glib/src/u8g_arm.o
                0x08003278                u8g_MicroDelay
 .text.u8g_10MicroDelay
                0x08003280        0xe Drivers/u8glib/src/u8g_arm.o
                0x08003280                u8g_10MicroDelay
 *fill*         0x0800328e        0x2 
 .text.u8g_com_hw_spi_fn
                0x08003290       0xa8 Drivers/u8glib/src/u8g_arm.o
                0x08003290                u8g_com_hw_spi_fn
 .text.u8g_com_hw_i2c_fn
                0x08003338       0x94 Drivers/u8glib/src/u8g_arm.o
                0x08003338                u8g_com_hw_i2c_fn
 .text.u8g_DrawHBitmap
                0x080033cc       0x36 Drivers/u8glib/src/u8g_bitmap.o
                0x080033cc                u8g_DrawHBitmap
 .text.u8g_DrawBitmap
                0x08003402       0x46 Drivers/u8glib/src/u8g_bitmap.o
                0x08003402                u8g_DrawBitmap
 .text.u8g_IsBBXIntersection
                0x08003448       0x74 Drivers/u8glib/src/u8g_clip.o
                0x08003448                u8g_IsBBXIntersection
 .text.u8g_InitCom
                0x080034bc        0xc Drivers/u8glib/src/u8g_com_api.o
                0x080034bc                u8g_InitCom
 .text.u8g_SetChipSelect
                0x080034c8        0xc Drivers/u8glib/src/u8g_com_api.o
                0x080034c8                u8g_SetChipSelect
 .text.u8g_SetResetLow
                0x080034d4        0xe Drivers/u8glib/src/u8g_com_api.o
                0x080034d4                u8g_SetResetLow
 .text.u8g_SetResetHigh
                0x080034e2        0xe Drivers/u8glib/src/u8g_com_api.o
                0x080034e2                u8g_SetResetHigh
 .text.u8g_SetAddress
                0x080034f0        0xc Drivers/u8glib/src/u8g_com_api.o
                0x080034f0                u8g_SetAddress
 .text.u8g_WriteByte
                0x080034fc        0xc Drivers/u8glib/src/u8g_com_api.o
                0x080034fc                u8g_WriteByte
 .text.u8g_WriteSequence
                0x08003508        0xa Drivers/u8glib/src/u8g_com_api.o
                0x08003508                u8g_WriteSequence
 .text.u8g_WriteEscSeqP
                0x08003512       0xc6 Drivers/u8glib/src/u8g_com_api.o
                0x08003512                u8g_WriteEscSeqP
 .text.u8g_com_null_fn
                0x080035d8        0x4 Drivers/u8glib/src/u8g_com_null.o
                0x080035d8                u8g_com_null_fn
 .text.u8g_dev_ssd1306_128x32_2x_fn
                0x080035dc       0xfc Drivers/u8glib/src/u8g_dev_ssd1306_128x32.o
                0x080035dc                u8g_dev_ssd1306_128x32_2x_fn
 .text.u8g_dev_ssd1309_128x64_fn
                0x080036d8       0xe0 Drivers/u8glib/src/u8g_dev_ssd1309_128x64.o
                0x080036d8                u8g_dev_ssd1309_128x64_fn
 .text.u8g_font_get_byte
                0x080037b8        0x4 Drivers/u8glib/src/u8g_font.o
 .text.u8g_font_get_word
                0x080037bc        0xe Drivers/u8glib/src/u8g_font.o
 .text.u8g_font_GetFormat
                0x080037ca        0xa Drivers/u8glib/src/u8g_font.o
 .text.u8g_font_GetFontGlyphStructureSize
                0x080037d4       0x14 Drivers/u8glib/src/u8g_font.o
 .text.u8g_font_GetGlyphDataStart
                0x080037e8        0xc Drivers/u8glib/src/u8g_font.o
 .text.u8g_CopyGlyphDataToCache
                0x080037f4       0x54 Drivers/u8glib/src/u8g_font.o
 .text.u8g_FillEmptyGlyphCache
                0x08003848       0x10 Drivers/u8glib/src/u8g_font.o
 .text.u8g_font_calc_vref_font
                0x08003858        0x4 Drivers/u8glib/src/u8g_font.o
                0x08003858                u8g_font_calc_vref_font
 .text.u8g_font_GetEncoding65Pos
                0x0800385c        0xa Drivers/u8glib/src/u8g_font.o
                0x0800385c                u8g_font_GetEncoding65Pos
 .text.u8g_font_GetEncoding97Pos
                0x08003866        0xa Drivers/u8glib/src/u8g_font.o
                0x08003866                u8g_font_GetEncoding97Pos
 .text.u8g_font_GetFontStartEncoding
                0x08003870        0xa Drivers/u8glib/src/u8g_font.o
                0x08003870                u8g_font_GetFontStartEncoding
 .text.u8g_font_GetFontEndEncoding
                0x0800387a        0xa Drivers/u8glib/src/u8g_font.o
                0x0800387a                u8g_font_GetFontEndEncoding
 .text.u8g_GetGlyph
                0x08003884       0xa8 Drivers/u8glib/src/u8g_font.o
                0x08003884                u8g_GetGlyph
 .text.u8g_draw_glyph
                0x0800392c       0xb0 Drivers/u8glib/src/u8g_font.o
                0x0800392c                u8g_draw_glyph
 .text.u8g_DrawStr
                0x080039dc       0x3a Drivers/u8glib/src/u8g_font.o
                0x080039dc                u8g_DrawStr
 *fill*         0x08003a16        0x2 
 .text.u8g_SetFontPosBaseline
                0x08003a18        0xc Drivers/u8glib/src/u8g_font.o
                0x08003a18                u8g_SetFontPosBaseline
 .text.u8g_call_dev_fn
                0x08003a24        0x8 Drivers/u8glib/src/u8g_ll_api.o
                0x08003a24                u8g_call_dev_fn
 .text.u8g_InitLL
                0x08003a2c       0x2a Drivers/u8glib/src/u8g_ll_api.o
                0x08003a2c                u8g_InitLL
 .text.u8g_FirstPageLL
                0x08003a56       0x34 Drivers/u8glib/src/u8g_ll_api.o
                0x08003a56                u8g_FirstPageLL
 .text.u8g_NextPageLL
                0x08003a8a       0x3c Drivers/u8glib/src/u8g_ll_api.o
                0x08003a8a                u8g_NextPageLL
 .text.u8g_SetContrastLL
                0x08003ac6       0x16 Drivers/u8glib/src/u8g_ll_api.o
                0x08003ac6                u8g_SetContrastLL
 .text.u8g_Draw8PixelLL
                0x08003adc       0x26 Drivers/u8glib/src/u8g_ll_api.o
                0x08003adc                u8g_Draw8PixelLL
 .text.u8g_GetWidthLL
                0x08003b02       0x18 Drivers/u8glib/src/u8g_ll_api.o
                0x08003b02                u8g_GetWidthLL
 .text.u8g_GetHeightLL
                0x08003b1a       0x18 Drivers/u8glib/src/u8g_ll_api.o
                0x08003b1a                u8g_GetHeightLL
 .text.u8g_GetModeLL
                0x08003b32        0xc Drivers/u8glib/src/u8g_ll_api.o
                0x08003b32                u8g_GetModeLL
 .text.u8g_UpdateDimension
                0x08003b3e       0x30 Drivers/u8glib/src/u8g_ll_api.o
                0x08003b3e                u8g_UpdateDimension
 .text.u8g_Begin
                0x08003b6e       0x1c Drivers/u8glib/src/u8g_ll_api.o
                0x08003b6e                u8g_Begin
 .text.u8g_FirstPage
                0x08003b8a        0xa Drivers/u8glib/src/u8g_ll_api.o
                0x08003b8a                u8g_FirstPage
 .text.u8g_NextPage
                0x08003b94       0x14 Drivers/u8glib/src/u8g_ll_api.o
                0x08003b94                u8g_NextPage
 .text.u8g_SetContrast
                0x08003ba8        0xc Drivers/u8glib/src/u8g_ll_api.o
                0x08003ba8                u8g_SetContrast
 .text.u8g_Draw8Pixel
                0x08003bb4       0x1c Drivers/u8glib/src/u8g_ll_api.o
                0x08003bb4                u8g_Draw8Pixel
 .text.u8g_SetColorIndex
                0x08003bd0        0x6 Drivers/u8glib/src/u8g_ll_api.o
                0x08003bd0                u8g_SetColorIndex
 *fill*         0x08003bd6        0x2 
 .text.u8g_init_data
                0x08003bd8       0x44 Drivers/u8glib/src/u8g_ll_api.o
 .text.u8g_InitComFn
                0x08003c1c       0x18 Drivers/u8glib/src/u8g_ll_api.o
                0x08003c1c                u8g_InitComFn
 .text.u8g_page_First
                0x08003c34        0xe Drivers/u8glib/src/u8g_page.o
                0x08003c34                u8g_page_First
 .text.u8g_page_Next
                0x08003c42       0x2e Drivers/u8glib/src/u8g_page.o
                0x08003c42                u8g_page_Next
 .text.u8g_pb_Clear
                0x08003c70       0x14 Drivers/u8glib/src/u8g_pb.o
                0x08003c70                u8g_pb_Clear
 .text.u8g_pb_IsYIntersection
                0x08003c84       0x2c Drivers/u8glib/src/u8g_pb.o
                0x08003c84                u8g_pb_IsYIntersection
 .text.u8g_pb_GetPageBox
                0x08003cb0       0x14 Drivers/u8glib/src/u8g_pb.o
                0x08003cb0                u8g_pb_GetPageBox
 .text.u8g_pb_Is8PixelVisible
                0x08003cc4       0x2a Drivers/u8glib/src/u8g_pb.o
                0x08003cc4                u8g_pb_Is8PixelVisible
 .text.u8g_pb_WriteBuffer
                0x08003cee       0x12 Drivers/u8glib/src/u8g_pb.o
                0x08003cee                u8g_pb_WriteBuffer
 .text.u8g_pb16v1_Clear
                0x08003d00       0x16 Drivers/u8glib/src/u8g_pb16v1.o
                0x08003d00                u8g_pb16v1_Clear
 .text.u8g_pb16v1_set_pixel
                0x08003d16       0x34 Drivers/u8glib/src/u8g_pb16v1.o
                0x08003d16                u8g_pb16v1_set_pixel
 .text.u8g_pb16v1_SetPixel
                0x08003d4a       0x26 Drivers/u8glib/src/u8g_pb16v1.o
                0x08003d4a                u8g_pb16v1_SetPixel
 .text.u8g_pb16v1_Set8PixelOpt2
                0x08003d70       0x5e Drivers/u8glib/src/u8g_pb16v1.o
                0x08003d70                u8g_pb16v1_Set8PixelOpt2
 .text.u8g_dev_pb16v1_base_fn
                0x08003dce       0xb0 Drivers/u8glib/src/u8g_pb16v1.o
                0x08003dce                u8g_dev_pb16v1_base_fn
 .text.u8g_pb8v1_set_pixel
                0x08003e7e       0x28 Drivers/u8glib/src/u8g_pb8v1.o
                0x08003e7e                u8g_pb8v1_set_pixel
 .text.u8g_pb8v1_SetPixel
                0x08003ea6       0x26 Drivers/u8glib/src/u8g_pb8v1.o
                0x08003ea6                u8g_pb8v1_SetPixel
 .text.u8g_pb8v1_Set8PixelOpt2
                0x08003ecc       0x5e Drivers/u8glib/src/u8g_pb8v1.o
                0x08003ecc                u8g_pb8v1_Set8PixelOpt2
 .text.u8g_dev_pb8v1_base_fn
                0x08003f2a       0xb0 Drivers/u8glib/src/u8g_pb8v1.o
                0x08003f2a                u8g_dev_pb8v1_base_fn
 .text.u8g_state_dummy_cb
                0x08003fda        0x2 Drivers/u8glib/src/u8g_state.o
                0x08003fda                u8g_state_dummy_cb
 .text.lcd_write_command
                0x08003fdc       0x50 Src/LCD.o
 .text.lcd_write_data
                0x0800402c       0x4c Src/LCD.o
 .text.Lcd_init
                0x08004078      0x108 Src/LCD.o
                0x08004078                Lcd_init
 .text.Lcd_clr  0x08004180       0x10 Src/LCD.o
                0x08004180                Lcd_clr
 .text.Lcd_string
                0x08004190       0x1e Src/LCD.o
                0x08004190                Lcd_string
 *fill*         0x080041ae        0x2 
 .text.Lcd_int  0x080041b0       0x20 Src/LCD.o
                0x080041b0                Lcd_int
 .text.Lcd_cursor
                0x080041d0       0x14 Src/LCD.o
                0x080041d0                Lcd_cursor
 .text.MX_CAN_Init
                0x080041e4       0x4c Src/can.o
                0x080041e4                MX_CAN_Init
 .text.HAL_CAN_MspInit
                0x08004230       0x7c Src/can.o
                0x08004230                HAL_CAN_MspInit
 .text.MX_GPIO_Init
                0x080042ac      0x12c Src/gpio.o
                0x080042ac                MX_GPIO_Init
 .text.MX_I2C1_Init
                0x080043d8       0x44 Src/i2c.o
                0x080043d8                MX_I2C1_Init
 .text.HAL_I2C_MspInit
                0x0800441c       0x48 Src/i2c.o
                0x0800441c                HAL_I2C_MspInit
 .text.display_battery
                0x08004464       0x84 Src/main.o
                0x08004464                display_battery
 .text.display_gear
                0x080044e8       0xb4 Src/main.o
                0x080044e8                display_gear
 .text.display_power_disable
                0x0800459c       0x50 Src/main.o
                0x0800459c                display_power_disable
 .text.display_battery_disable
                0x080045ec       0x50 Src/main.o
                0x080045ec                display_battery_disable
 .text.display_gear_disable
                0x0800463c       0x50 Src/main.o
                0x0800463c                display_gear_disable
 .text.display_power
                0x0800468c       0xa4 Src/main.o
                0x0800468c                display_power
 .text.display_speed
                0x08004730      0x110 Src/main.o
                0x08004730                display_speed
 .text.displays_init
                0x08004840      0x10c Src/main.o
                0x08004840                displays_init
 .text.display_logo
                0x0800494c       0x38 Src/main.o
                0x0800494c                display_logo
 .text.displays_set_brightness
                0x08004984       0x7c Src/main.o
                0x08004984                displays_set_brightness
 .text.ws_senddata
                0x08004a00       0x88 Src/main.o
                0x08004a00                ws_senddata
 .text.ws_set_leds
                0x08004a88       0x14 Src/main.o
                0x08004a88                ws_set_leds
 .text.ws_set_speed
                0x08004a9c       0x2c Src/main.o
                0x08004a9c                ws_set_speed
 .text.ws_set_power
                0x08004ac8       0x60 Src/main.o
                0x08004ac8                ws_set_power
 .text.ws_set_battery
                0x08004b28       0xbc Src/main.o
                0x08004b28                ws_set_battery
 .text.ws_set_brightness
                0x08004be4        0xc Src/main.o
                0x08004be4                ws_set_brightness
 .text.set_backlight
                0x08004bf0       0x10 Src/main.o
                0x08004bf0                set_backlight
 .text.pwm_init
                0x08004c00       0x24 Src/main.o
                0x08004c00                pwm_init
 .text.gui_init
                0x08004c24       0x28 Src/main.o
                0x08004c24                gui_init
 *fill*         0x08004c4c        0x4 
 .text.gui_screen_intro
                0x08004c50       0xc4 Src/main.o
                0x08004c50                gui_screen_intro
 .text.gui_display_statement
                0x08004d14      0x100 Src/main.o
                0x08004d14                gui_display_statement
 .text.gui_screen_main
                0x08004e14      0x144 Src/main.o
                0x08004e14                gui_screen_main
 .text._Error_Handler
                0x08004f58        0x2 Src/main.o
                0x08004f58                _Error_Handler
 *fill*         0x08004f5a        0x2 
 .text.SystemClock_Config
                0x08004f5c       0x88 Src/main.o
                0x08004f5c                SystemClock_Config
 .text.main     0x08004fe4       0xbc Src/main.o
                0x08004fe4                main
 .text.MX_SPI2_Init
                0x080050a0       0x4c Src/spi.o
                0x080050a0                MX_SPI2_Init
 .text.MX_SPI3_Init
                0x080050ec       0x4c Src/spi.o
                0x080050ec                MX_SPI3_Init
 .text.HAL_SPI_MspInit
                0x08005138       0x80 Src/spi.o
                0x08005138                HAL_SPI_MspInit
 .text.HAL_MspInit
                0x080051b8       0xa0 Src/stm32f1xx_hal_msp.o
                0x080051b8                HAL_MspInit
 .text.NMI_Handler
                0x08005258        0x2 Src/stm32f1xx_it.o
                0x08005258                NMI_Handler
 .text.HardFault_Handler
                0x0800525a        0x2 Src/stm32f1xx_it.o
                0x0800525a                HardFault_Handler
 .text.MemManage_Handler
                0x0800525c        0x2 Src/stm32f1xx_it.o
                0x0800525c                MemManage_Handler
 .text.BusFault_Handler
                0x0800525e        0x2 Src/stm32f1xx_it.o
                0x0800525e                BusFault_Handler
 .text.UsageFault_Handler
                0x08005260        0x2 Src/stm32f1xx_it.o
                0x08005260                UsageFault_Handler
 .text.SVC_Handler
                0x08005262        0x2 Src/stm32f1xx_it.o
                0x08005262                SVC_Handler
 .text.DebugMon_Handler
                0x08005264        0x2 Src/stm32f1xx_it.o
                0x08005264                DebugMon_Handler
 .text.PendSV_Handler
                0x08005266        0x2 Src/stm32f1xx_it.o
                0x08005266                PendSV_Handler
 .text.SysTick_Handler
                0x08005268        0xc Src/stm32f1xx_it.o
                0x08005268                SysTick_Handler
 .text.USB_HP_CAN1_TX_IRQHandler
                0x08005274       0x10 Src/stm32f1xx_it.o
                0x08005274                USB_HP_CAN1_TX_IRQHandler
 .text.CAN1_RX1_IRQHandler
                0x08005284       0x1c Src/stm32f1xx_it.o
                0x08005284                CAN1_RX1_IRQHandler
 .text.SystemInit
                0x080052a0       0x4c Src/system_stm32f1xx.o
                0x080052a0                SystemInit
 .text.HAL_TIM_Base_MspInit
                0x080052ec       0x2c Src/tim.o
                0x080052ec                HAL_TIM_Base_MspInit
 .text.HAL_TIM_MspPostInit
                0x08005318       0x40 Src/tim.o
                0x08005318                HAL_TIM_MspPostInit
 .text.MX_TIM3_Init
                0x08005358       0xe0 Src/tim.o
                0x08005358                MX_TIM3_Init
 .text.MX_USART1_UART_Init
                0x08005438       0x3c Src/usart.o
                0x08005438                MX_USART1_UART_Init
 .text.MX_USART2_UART_Init
                0x08005474       0x3c Src/usart.o
                0x08005474                MX_USART2_UART_Init
 .text.HAL_UART_MspInit
                0x080054b0       0xa8 Src/usart.o
                0x080054b0                HAL_UART_MspInit
 .text.Reset_Handler
                0x08005558       0x48 startup/startup_stm32f103xe.o
                0x08005558                Reset_Handler
 .text.Default_Handler
                0x080055a0        0x2 startup/startup_stm32f103xe.o
                0x080055a0                RTC_Alarm_IRQHandler
                0x080055a0                EXTI2_IRQHandler
                0x080055a0                TIM8_TRG_COM_IRQHandler
                0x080055a0                TIM8_CC_IRQHandler
                0x080055a0                TIM1_CC_IRQHandler
                0x080055a0                TIM6_IRQHandler
                0x080055a0                PVD_IRQHandler
                0x080055a0                SDIO_IRQHandler
                0x080055a0                EXTI3_IRQHandler
                0x080055a0                EXTI0_IRQHandler
                0x080055a0                I2C2_EV_IRQHandler
                0x080055a0                ADC1_2_IRQHandler
                0x080055a0                SPI1_IRQHandler
                0x080055a0                TAMPER_IRQHandler
                0x080055a0                TIM8_UP_IRQHandler
                0x080055a0                DMA2_Channel2_IRQHandler
                0x080055a0                DMA1_Channel4_IRQHandler
                0x080055a0                USART3_IRQHandler
                0x080055a0                RTC_IRQHandler
                0x080055a0                DMA1_Channel7_IRQHandler
                0x080055a0                UART5_IRQHandler
                0x080055a0                ADC3_IRQHandler
                0x080055a0                TIM4_IRQHandler
                0x080055a0                DMA2_Channel1_IRQHandler
                0x080055a0                I2C1_EV_IRQHandler
                0x080055a0                DMA1_Channel6_IRQHandler
                0x080055a0                UART4_IRQHandler
                0x080055a0                TIM3_IRQHandler
                0x080055a0                RCC_IRQHandler
                0x080055a0                TIM1_TRG_COM_IRQHandler
                0x080055a0                DMA1_Channel1_IRQHandler
                0x080055a0                Default_Handler
                0x080055a0                EXTI15_10_IRQHandler
                0x080055a0                TIM7_IRQHandler
                0x080055a0                TIM5_IRQHandler
                0x080055a0                EXTI9_5_IRQHandler
                0x080055a0                SPI2_IRQHandler
                0x080055a0                DMA1_Channel5_IRQHandler
                0x080055a0                EXTI4_IRQHandler
                0x080055a0                USB_LP_CAN1_RX0_IRQHandler
                0x080055a0                DMA1_Channel3_IRQHandler
                0x080055a0                FSMC_IRQHandler
                0x080055a0                TIM1_UP_IRQHandler
                0x080055a0                WWDG_IRQHandler
                0x080055a0                TIM2_IRQHandler
                0x080055a0                TIM1_BRK_IRQHandler
                0x080055a0                EXTI1_IRQHandler
                0x080055a0                DMA2_Channel4_5_IRQHandler
                0x080055a0                USART2_IRQHandler
                0x080055a0                I2C2_ER_IRQHandler
                0x080055a0                DMA1_Channel2_IRQHandler
                0x080055a0                TIM8_BRK_IRQHandler
                0x080055a0                CAN1_SCE_IRQHandler
                0x080055a0                FLASH_IRQHandler
                0x080055a0                USART1_IRQHandler
                0x080055a0                SPI3_IRQHandler
                0x080055a0                I2C1_ER_IRQHandler
                0x080055a0                USBWakeUp_IRQHandler
                0x080055a0                DMA2_Channel3_IRQHandler
 *fill*         0x080055a2        0x6 
 .text.floor    0x080055a8      0x108 c:/ac6/systemworkbench/plugins/fr.ac6.mcu.externaltools.arm-none.win32_1.17.0.201812190825/tools/compiler/bin/../lib/gcc/arm-none-eabi/7.3.1/../../../../arm-none-eabi/lib/thumb/v7-m\libm.a(lib_a-s_floor.o)
                0x080055a8                floor
 .text.__libc_init_array
                0x080056b0       0x48 c:/ac6/systemworkbench/plugins/fr.ac6.mcu.externaltools.arm-none.win32_1.17.0.201812190825/tools/compiler/bin/../lib/gcc/arm-none-eabi/7.3.1/../../../../arm-none-eabi/lib/thumb/v7-m\libc_nano.a(lib_a-init.o)
                0x080056b0                __libc_init_array
 .text.memset   0x080056f8       0x10 c:/ac6/systemworkbench/plugins/fr.ac6.mcu.externaltools.arm-none.win32_1.17.0.201812190825/tools/compiler/bin/../lib/gcc/arm-none-eabi/7.3.1/../../../../arm-none-eabi/lib/thumb/v7-m\libc_nano.a(lib_a-memset.o)
                0x080056f8                memset
 .text.__cvt    0x08005708       0xb8 c:/ac6/systemworkbench/plugins/fr.ac6.mcu.externaltools.arm-none.win32_1.17.0.201812190825/tools/compiler/bin/../lib/gcc/arm-none-eabi/7.3.1/../../../../arm-none-eabi/lib/thumb/v7-m\libc_nano.a(lib_a-nano-vfprintf_float.o)
                0x08005708                __cvt
 .text.__exponent
                0x080057c0       0x6a c:/ac6/systemworkbench/plugins/fr.ac6.mcu.externaltools.arm-none.win32_1.17.0.201812190825/tools/compiler/bin/../lib/gcc/arm-none-eabi/7.3.1/../../../../arm-none-eabi/lib/thumb/v7-m\libc_nano.a(lib_a-nano-vfprintf_float.o)
                0x080057c0                __exponent
 *fill*         0x0800582a        0x2 
 .text._printf_float
                0x0800582c      0x46c c:/ac6/systemworkbench/plugins/fr.ac6.mcu.externaltools.arm-none.win32_1.17.0.201812190825/tools/compiler/bin/../lib/gcc/arm-none-eabi/7.3.1/../../../../arm-none-eabi/lib/thumb/v7-m\libc_nano.a(lib_a-nano-vfprintf_float.o)
                0x0800582c                _printf_float
 .text._printf_common
                0x08005c98       0xec c:/ac6/systemworkbench/plugins/fr.ac6.mcu.externaltools.arm-none.win32_1.17.0.201812190825/tools/compiler/bin/../lib/gcc/arm-none-eabi/7.3.1/../../../../arm-none-eabi/lib/thumb/v7-m\libc_nano.a(lib_a-nano-vfprintf_i.o)
                0x08005c98                _printf_common
 .text._printf_i
                0x08005d84      0x224 c:/ac6/systemworkbench/plugins/fr.ac6.mcu.externaltools.arm-none.win32_1.17.0.201812190825/tools/compiler/bin/../lib/gcc/arm-none-eabi/7.3.1/../../../../arm-none-eabi/lib/thumb/v7-m\libc_nano.a(lib_a-nano-vfprintf_i.o)
                0x08005d84                _printf_i
 .text.snprintf
                0x08005fa8       0x68 c:/ac6/systemworkbench/plugins/fr.ac6.mcu.externaltools.arm-none.win32_1.17.0.201812190825/tools/compiler/bin/../lib/gcc/arm-none-eabi/7.3.1/../../../../arm-none-eabi/lib/thumb/v7-m\libc_nano.a(lib_a-snprintf.o)
                0x08005fa8                sniprintf
                0x08005fa8                snprintf
 .text.sprintf  0x08006010       0x40 c:/ac6/systemworkbench/plugins/fr.ac6.mcu.externaltools.arm-none.win32_1.17.0.201812190825/tools/compiler/bin/../lib/gcc/arm-none-eabi/7.3.1/../../../../arm-none-eabi/lib/thumb/v7-m\libc_nano.a(lib_a-sprintf.o)
                0x08006010                siprintf
                0x08006010                sprintf
 .text.quorem   0x08006050      0x11c c:/ac6/systemworkbench/plugins/fr.ac6.mcu.externaltools.arm-none.win32_1.17.0.201812190825/tools/compiler/bin/../lib/gcc/arm-none-eabi/7.3.1/../../../../arm-none-eabi/lib/thumb/v7-m\libc_nano.a(lib_a-dtoa.o)
 *fill*         0x0800616c        0x4 
 .text._dtoa_r  0x08006170      0xb68 c:/ac6/systemworkbench/plugins/fr.ac6.mcu.externaltools.arm-none.win32_1.17.0.201812190825/tools/compiler/bin/../lib/gcc/arm-none-eabi/7.3.1/../../../../arm-none-eabi/lib/thumb/v7-m\libc_nano.a(lib_a-dtoa.o)
                0x08006170                _dtoa_r
 .text._localeconv_r
                0x08006cd8       0x1c c:/ac6/systemworkbench/plugins/fr.ac6.mcu.externaltools.arm-none.win32_1.17.0.201812190825/tools/compiler/bin/../lib/gcc/arm-none-eabi/7.3.1/../../../../arm-none-eabi/lib/thumb/v7-m\libc_nano.a(lib_a-localeconv.o)
                0x08006cd8                _localeconv_r
 .text.malloc   0x08006cf4       0x10 c:/ac6/systemworkbench/plugins/fr.ac6.mcu.externaltools.arm-none.win32_1.17.0.201812190825/tools/compiler/bin/../lib/gcc/arm-none-eabi/7.3.1/../../../../arm-none-eabi/lib/thumb/v7-m\libc_nano.a(lib_a-malloc.o)
                0x08006cf4                malloc
 .text.memchr   0x08006d04       0x1c c:/ac6/systemworkbench/plugins/fr.ac6.mcu.externaltools.arm-none.win32_1.17.0.201812190825/tools/compiler/bin/../lib/gcc/arm-none-eabi/7.3.1/../../../../arm-none-eabi/lib/thumb/v7-m\libc_nano.a(lib_a-memchr-stub.o)
                0x08006d04                memchr
 .text.memcpy   0x08006d20       0x16 c:/ac6/systemworkbench/plugins/fr.ac6.mcu.externaltools.arm-none.win32_1.17.0.201812190825/tools/compiler/bin/../lib/gcc/arm-none-eabi/7.3.1/../../../../arm-none-eabi/lib/thumb/v7-m\libc_nano.a(lib_a-memcpy-stub.o)
                0x08006d20                memcpy
 .text._Balloc  0x08006d36       0x68 c:/ac6/systemworkbench/plugins/fr.ac6.mcu.externaltools.arm-none.win32_1.17.0.201812190825/tools/compiler/bin/../lib/gcc/arm-none-eabi/7.3.1/../../../../arm-none-eabi/lib/thumb/v7-m\libc_nano.a(lib_a-mprec.o)
                0x08006d36                _Balloc
 .text._Bfree   0x08006d9e       0x2e c:/ac6/systemworkbench/plugins/fr.ac6.mcu.externaltools.arm-none.win32_1.17.0.201812190825/tools/compiler/bin/../lib/gcc/arm-none-eabi/7.3.1/../../../../arm-none-eabi/lib/thumb/v7-m\libc_nano.a(lib_a-mprec.o)
                0x08006d9e                _Bfree
 .text.__multadd
                0x08006dcc       0x76 c:/ac6/systemworkbench/plugins/fr.ac6.mcu.externaltools.arm-none.win32_1.17.0.201812190825/tools/compiler/bin/../lib/gcc/arm-none-eabi/7.3.1/../../../../arm-none-eabi/lib/thumb/v7-m\libc_nano.a(lib_a-mprec.o)
                0x08006dcc                __multadd
 .text.__hi0bits
                0x08006e42       0x3e c:/ac6/systemworkbench/plugins/fr.ac6.mcu.externaltools.arm-none.win32_1.17.0.201812190825/tools/compiler/bin/../lib/gcc/arm-none-eabi/7.3.1/../../../../arm-none-eabi/lib/thumb/v7-m\libc_nano.a(lib_a-mprec.o)
                0x08006e42                __hi0bits
 .text.__lo0bits
                0x08006e80       0x5e c:/ac6/systemworkbench/plugins/fr.ac6.mcu.externaltools.arm-none.win32_1.17.0.201812190825/tools/compiler/bin/../lib/gcc/arm-none-eabi/7.3.1/../../../../arm-none-eabi/lib/thumb/v7-m\libc_nano.a(lib_a-mprec.o)
                0x08006e80                __lo0bits
 .text.__i2b    0x08006ede       0x12 c:/ac6/systemworkbench/plugins/fr.ac6.mcu.externaltools.arm-none.win32_1.17.0.201812190825/tools/compiler/bin/../lib/gcc/arm-none-eabi/7.3.1/../../../../arm-none-eabi/lib/thumb/v7-m\libc_nano.a(lib_a-mprec.o)
                0x08006ede                __i2b
 .text.__multiply
                0x08006ef0      0x12a c:/ac6/systemworkbench/plugins/fr.ac6.mcu.externaltools.arm-none.win32_1.17.0.201812190825/tools/compiler/bin/../lib/gcc/arm-none-eabi/7.3.1/../../../../arm-none-eabi/lib/thumb/v7-m\libc_nano.a(lib_a-mprec.o)
                0x08006ef0                __multiply
 *fill*         0x0800701a        0x2 
 .text.__pow5mult
                0x0800701c       0x9c c:/ac6/systemworkbench/plugins/fr.ac6.mcu.externaltools.arm-none.win32_1.17.0.201812190825/tools/compiler/bin/../lib/gcc/arm-none-eabi/7.3.1/../../../../arm-none-eabi/lib/thumb/v7-m\libc_nano.a(lib_a-mprec.o)
                0x0800701c                __pow5mult
 .text.__lshift
                0x080070b8       0xa8 c:/ac6/systemworkbench/plugins/fr.ac6.mcu.externaltools.arm-none.win32_1.17.0.201812190825/tools/compiler/bin/../lib/gcc/arm-none-eabi/7.3.1/../../../../arm-none-eabi/lib/thumb/v7-m\libc_nano.a(lib_a-mprec.o)
                0x080070b8                __lshift
 .text.__mcmp   0x08007160       0x34 c:/ac6/systemworkbench/plugins/fr.ac6.mcu.externaltools.arm-none.win32_1.17.0.201812190825/tools/compiler/bin/../lib/gcc/arm-none-eabi/7.3.1/../../../../arm-none-eabi/lib/thumb/v7-m\libc_nano.a(lib_a-mprec.o)
                0x08007160                __mcmp
 .text.__mdiff  0x08007194       0xbc c:/ac6/systemworkbench/plugins/fr.ac6.mcu.externaltools.arm-none.win32_1.17.0.201812190825/tools/compiler/bin/../lib/gcc/arm-none-eabi/7.3.1/../../../../arm-none-eabi/lib/thumb/v7-m\libc_nano.a(lib_a-mprec.o)
                0x08007194                __mdiff
 .text.__d2b    0x08007250       0x9e c:/ac6/systemworkbench/plugins/fr.ac6.mcu.externaltools.arm-none.win32_1.17.0.201812190825/tools/compiler/bin/../lib/gcc/arm-none-eabi/7.3.1/../../../../arm-none-eabi/lib/thumb/v7-m\libc_nano.a(lib_a-mprec.o)
                0x08007250                __d2b
 .text._calloc_r
                0x080072ee       0x1c c:/ac6/systemworkbench/plugins/fr.ac6.mcu.externaltools.arm-none.win32_1.17.0.201812190825/tools/compiler/bin/../lib/gcc/arm-none-eabi/7.3.1/../../../../arm-none-eabi/lib/thumb/v7-m\libc_nano.a(lib_a-nano-callocr.o)
                0x080072ee                _calloc_r
 *fill*         0x0800730a        0x2 
 .text._free_r  0x0800730c       0x98 c:/ac6/systemworkbench/plugins/fr.ac6.mcu.externaltools.arm-none.win32_1.17.0.201812190825/tools/compiler/bin/../lib/gcc/arm-none-eabi/7.3.1/../../../../arm-none-eabi/lib/thumb/v7-m\libc_nano.a(lib_a-nano-freer.o)
                0x0800730c                _free_r
 .text._malloc_r
                0x080073a4       0xb4 c:/ac6/systemworkbench/plugins/fr.ac6.mcu.externaltools.arm-none.win32_1.17.0.201812190825/tools/compiler/bin/../lib/gcc/arm-none-eabi/7.3.1/../../../../arm-none-eabi/lib/thumb/v7-m\libc_nano.a(lib_a-nano-mallocr.o)
                0x080073a4                _malloc_r
 .text.__ssputs_r
                0x08007458       0xb4 c:/ac6/systemworkbench/plugins/fr.ac6.mcu.externaltools.arm-none.win32_1.17.0.201812190825/tools/compiler/bin/../lib/gcc/arm-none-eabi/7.3.1/../../../../arm-none-eabi/lib/thumb/v7-m\libc_nano.a(lib_a-nano-svfprintf.o)
                0x08007458                __ssputs_r
 .text._svfprintf_r
                0x0800750c      0x1f0 c:/ac6/systemworkbench/plugins/fr.ac6.mcu.externaltools.arm-none.win32_1.17.0.201812190825/tools/compiler/bin/../lib/gcc/arm-none-eabi/7.3.1/../../../../arm-none-eabi/lib/thumb/v7-m\libc_nano.a(lib_a-nano-svfprintf.o)
                0x0800750c                _svfiprintf_r
                0x0800750c                _svfprintf_r
 .text._sbrk_r  0x080076fc       0x20 c:/ac6/systemworkbench/plugins/fr.ac6.mcu.externaltools.arm-none.win32_1.17.0.201812190825/tools/compiler/bin/../lib/gcc/arm-none-eabi/7.3.1/../../../../arm-none-eabi/lib/thumb/v7-m\libc_nano.a(lib_a-sbrkr.o)
                0x080076fc                _sbrk_r
 .text.__ascii_mbtowc
                0x0800771c       0x24 c:/ac6/systemworkbench/plugins/fr.ac6.mcu.externaltools.arm-none.win32_1.17.0.201812190825/tools/compiler/bin/../lib/gcc/arm-none-eabi/7.3.1/../../../../arm-none-eabi/lib/thumb/v7-m\libc_nano.a(lib_a-mbtowc_r.o)
                0x0800771c                __ascii_mbtowc
 .text.memmove  0x08007740       0x32 c:/ac6/systemworkbench/plugins/fr.ac6.mcu.externaltools.arm-none.win32_1.17.0.201812190825/tools/compiler/bin/../lib/gcc/arm-none-eabi/7.3.1/../../../../arm-none-eabi/lib/thumb/v7-m\libc_nano.a(lib_a-memmove.o)
                0x08007740                memmove
 .text.__malloc_lock
                0x08007772        0x2 c:/ac6/systemworkbench/plugins/fr.ac6.mcu.externaltools.arm-none.win32_1.17.0.201812190825/tools/compiler/bin/../lib/gcc/arm-none-eabi/7.3.1/../../../../arm-none-eabi/lib/thumb/v7-m\libc_nano.a(lib_a-mlock.o)
                0x08007772                __malloc_lock
 .text.__malloc_unlock
                0x08007774        0x2 c:/ac6/systemworkbench/plugins/fr.ac6.mcu.externaltools.arm-none.win32_1.17.0.201812190825/tools/compiler/bin/../lib/gcc/arm-none-eabi/7.3.1/../../../../arm-none-eabi/lib/thumb/v7-m\libc_nano.a(lib_a-mlock.o)
                0x08007774                __malloc_unlock
 .text._realloc_r
                0x08007776       0x4c c:/ac6/systemworkbench/plugins/fr.ac6.mcu.externaltools.arm-none.win32_1.17.0.201812190825/tools/compiler/bin/../lib/gcc/arm-none-eabi/7.3.1/../../../../arm-none-eabi/lib/thumb/v7-m\libc_nano.a(lib_a-nano-reallocr.o)
                0x08007776                _realloc_r
 .text.__ascii_wctomb
                0x080077c2       0x1a c:/ac6/systemworkbench/plugins/fr.ac6.mcu.externaltools.arm-none.win32_1.17.0.201812190825/tools/compiler/bin/../lib/gcc/arm-none-eabi/7.3.1/../../../../arm-none-eabi/lib/thumb/v7-m\libc_nano.a(lib_a-wctomb_r.o)
                0x080077c2                __ascii_wctomb
 .text._malloc_usable_size_r
                0x080077dc       0x10 c:/ac6/systemworkbench/plugins/fr.ac6.mcu.externaltools.arm-none.win32_1.17.0.201812190825/tools/compiler/bin/../lib/gcc/arm-none-eabi/7.3.1/../../../../arm-none-eabi/lib/thumb/v7-m\libc_nano.a(lib_a-nano-msizer.o)
                0x080077dc                _malloc_usable_size_r
 .text._sbrk    0x080077ec       0x1c c:/ac6/systemworkbench/plugins/fr.ac6.mcu.externaltools.arm-none.win32_1.17.0.201812190825/tools/compiler/bin/../lib/gcc/arm-none-eabi/7.3.1/../../../../arm-none-eabi/lib/thumb/v7-m\libnosys.a(sbrk.o)
                0x080077ec                _sbrk
 *(.glue_7)
 .glue_7        0x08007808        0x0 linker stubs
 *(.glue_7t)
 .glue_7t       0x08007808        0x0 linker stubs
 *(.eh_frame)
 .eh_frame      0x08007808        0x0 c:/ac6/systemworkbench/plugins/fr.ac6.mcu.externaltools.arm-none.win32_1.17.0.201812190825/tools/compiler/bin/../lib/gcc/arm-none-eabi/7.3.1/thumb/v7-m/crtbegin.o
 *(.init)
 .init          0x08007808        0x4 c:/ac6/systemworkbench/plugins/fr.ac6.mcu.externaltools.arm-none.win32_1.17.0.201812190825/tools/compiler/bin/../lib/gcc/arm-none-eabi/7.3.1/thumb/v7-m/crti.o
                0x08007808                _init
 .init          0x0800780c        0x8 c:/ac6/systemworkbench/plugins/fr.ac6.mcu.externaltools.arm-none.win32_1.17.0.201812190825/tools/compiler/bin/../lib/gcc/arm-none-eabi/7.3.1/thumb/v7-m/crtn.o
 *(.fini)
 .fini          0x08007814        0x4 c:/ac6/systemworkbench/plugins/fr.ac6.mcu.externaltools.arm-none.win32_1.17.0.201812190825/tools/compiler/bin/../lib/gcc/arm-none-eabi/7.3.1/thumb/v7-m/crti.o
                0x08007814                _fini
 .fini          0x08007818        0x8 c:/ac6/systemworkbench/plugins/fr.ac6.mcu.externaltools.arm-none.win32_1.17.0.201812190825/tools/compiler/bin/../lib/gcc/arm-none-eabi/7.3.1/thumb/v7-m/crtn.o
                0x08007820                . = ALIGN (0x4)
                0x08007820                _etext = .

.vfp11_veneer   0x08007820        0x0
 .vfp11_veneer  0x08007820        0x0 linker stubs

.v4_bx          0x08007820        0x0
 .v4_bx         0x08007820        0x0 linker stubs

.iplt           0x08007820        0x0
 .iplt          0x08007820        0x0 c:/ac6/systemworkbench/plugins/fr.ac6.mcu.externaltools.arm-none.win32_1.17.0.201812190825/tools/compiler/bin/../lib/gcc/arm-none-eabi/7.3.1/thumb/v7-m/crtbegin.o

.rodata         0x08007820     0x4238
                0x08007820                . = ALIGN (0x4)
 *(.rodata)
 .rodata        0x08007820       0x12 Drivers/STM32F1xx_HAL_Driver/Src/stm32f1xx_hal_rcc.o
 *(.rodata*)
 *fill*         0x08007832        0x2 
 .rodata.u8g_dev_ssd1306_128x32_adafruit3_init_seq
                0x08007834       0x26 Drivers/u8glib/src/u8g_dev_ssd1306_128x32.o
 *fill*         0x0800785a        0x2 
 .rodata.u8g_dev_ssd1306_128x32_data_start
                0x0800785c        0x8 Drivers/u8glib/src/u8g_dev_ssd1306_128x32.o
 .rodata.u8g_dev_ssd13xx_sleep_off
                0x08007864        0xb Drivers/u8glib/src/u8g_dev_ssd1306_128x32.o
 *fill*         0x0800786f        0x1 
 .rodata.u8g_dev_ssd13xx_sleep_on
                0x08007870        0x9 Drivers/u8glib/src/u8g_dev_ssd1306_128x32.o
 *fill*         0x08007879        0x3 
 .rodata.u8g_dev_ssd1309_128x64_data_start
                0x0800787c        0x8 Drivers/u8glib/src/u8g_dev_ssd1309_128x64.o
 .rodata.u8g_dev_ssd1309_128x64_init_seq
                0x08007884       0x29 Drivers/u8glib/src/u8g_dev_ssd1309_128x64.o
 *fill*         0x080078ad        0x3 
 .rodata.u8g_dev_ssd13xx_sleep_off
                0x080078b0        0xb Drivers/u8glib/src/u8g_dev_ssd1309_128x64.o
 *fill*         0x080078bb        0x1 
 .rodata.u8g_dev_ssd13xx_sleep_on
                0x080078bc        0x9 Drivers/u8glib/src/u8g_dev_ssd1309_128x64.o
 *fill*         0x080078c5        0x3 
 .rodata.u8g_font_6x10
                0x080078c8      0x74a Drivers/u8glib/src/u8g_font_data.o
                0x080078c8                u8g_font_6x10
 *fill*         0x08008012        0x2 
 .rodata.u8g_font_fub30r
                0x08008014     0x1e06 Drivers/u8glib/src/u8g_font_data.o
                0x08008014                u8g_font_fub30r
 *fill*         0x08009e1a        0x2 
 .rodata.u8g_font_fur49n
                0x08009e1c      0xa7b Drivers/u8glib/src/u8g_font_data.o
                0x08009e1c                u8g_font_fur49n
 *fill*         0x0800a897        0x1 
 .rodata.Lcd_int.str1.4
                0x0800a898        0x3 Src/LCD.o
 *fill*         0x0800a89b        0x1 
 .rodata.MX_CAN_Init.str1.4
                0x0800a89c        0xd Src/can.o
 *fill*         0x0800a8a9        0x3 
 .rodata.MX_I2C1_Init.str1.4
                0x0800a8ac        0xd Src/i2c.o
 *fill*         0x0800a8b9        0x3 
 .rodata.SystemClock_Config.str1.4
                0x0800a8bc        0xe Src/main.o
 *fill*         0x0800a8ca        0x2 
 .rodata.blank_small
                0x0800a8cc      0x200 Src/main.o
                0x0800a8cc                blank_small
 .rodata.charge
                0x0800aacc      0x200 Src/main.o
                0x0800aacc                charge
 .rodata.display_battery.str1.4
                0x0800accc        0x6 Src/main.o
 *fill*         0x0800acd2        0x2 
 .rodata.display_speed.str1.4
                0x0800acd4       0x15 Src/main.o
                                 0x19 (size before relaxing)
 *fill*         0x0800ace9        0x3 
 .rodata.drive  0x0800acec      0x200 Src/main.o
                0x0800acec                drive
 .rodata.gui_display_statement.str1.4
                0x0800aeec       0x83 Src/main.o
                                 0x87 (size before relaxing)
 *fill*         0x0800af6f        0x1 
 .rodata.gui_screen_intro.str1.4
                0x0800af70       0x1d Src/main.o
 *fill*         0x0800af8d        0x3 
 .rodata.gui_screen_main.str1.4
                0x0800af90       0x20 Src/main.o
 .rodata.neutral
                0x0800afb0      0x200 Src/main.o
                0x0800afb0                neutral
 .rodata.psd_logo_big
                0x0800b1b0      0x400 Src/main.o
                0x0800b1b0                psd_logo_big
 .rodata.reverse
                0x0800b5b0      0x200 Src/main.o
                0x0800b5b0                reverse
 .rodata.MX_SPI2_Init.str1.4
                0x0800b7b0        0xd Src/spi.o
 *fill*         0x0800b7bd        0x3 
 .rodata.AHBPrescTable
                0x0800b7c0       0x10 Src/system_stm32f1xx.o
                0x0800b7c0                AHBPrescTable
 .rodata.APBPrescTable
                0x0800b7d0        0x8 Src/system_stm32f1xx.o
                0x0800b7d0                APBPrescTable
 .rodata.MX_TIM3_Init.str1.4
                0x0800b7d8        0xd Src/tim.o
 *fill*         0x0800b7e5        0x3 
 .rodata.MX_USART1_UART_Init.str1.4
                0x0800b7e8       0x10 Src/usart.o
                                  0xf (size before relaxing)
 .rodata._printf_float.str1.1
                0x0800b7f8       0x12 c:/ac6/systemworkbench/plugins/fr.ac6.mcu.externaltools.arm-none.win32_1.17.0.201812190825/tools/compiler/bin/../lib/gcc/arm-none-eabi/7.3.1/../../../../arm-none-eabi/lib/thumb/v7-m\libc_nano.a(lib_a-nano-vfprintf_float.o)
 .rodata._printf_i.str1.1
                0x0800b80a       0x22 c:/ac6/systemworkbench/plugins/fr.ac6.mcu.externaltools.arm-none.win32_1.17.0.201812190825/tools/compiler/bin/../lib/gcc/arm-none-eabi/7.3.1/../../../../arm-none-eabi/lib/thumb/v7-m\libc_nano.a(lib_a-nano-vfprintf_i.o)
 .rodata._dtoa_r.str1.1
                0x0800b82c        0xd c:/ac6/systemworkbench/plugins/fr.ac6.mcu.externaltools.arm-none.win32_1.17.0.201812190825/tools/compiler/bin/../lib/gcc/arm-none-eabi/7.3.1/../../../../arm-none-eabi/lib/thumb/v7-m\libc_nano.a(lib_a-dtoa.o)
                                  0xf (size before relaxing)
 *fill*         0x0800b839        0x7 
 .rodata.__mprec_bigtens
                0x0800b840       0x28 c:/ac6/systemworkbench/plugins/fr.ac6.mcu.externaltools.arm-none.win32_1.17.0.201812190825/tools/compiler/bin/../lib/gcc/arm-none-eabi/7.3.1/../../../../arm-none-eabi/lib/thumb/v7-m\libc_nano.a(lib_a-mprec.o)
                0x0800b840                __mprec_bigtens
 .rodata.__mprec_tens
                0x0800b868       0xc8 c:/ac6/systemworkbench/plugins/fr.ac6.mcu.externaltools.arm-none.win32_1.17.0.201812190825/tools/compiler/bin/../lib/gcc/arm-none-eabi/7.3.1/../../../../arm-none-eabi/lib/thumb/v7-m\libc_nano.a(lib_a-mprec.o)
                0x0800b868                __mprec_tens
 .rodata.p05.6084
                0x0800b930        0xc c:/ac6/systemworkbench/plugins/fr.ac6.mcu.externaltools.arm-none.win32_1.17.0.201812190825/tools/compiler/bin/../lib/gcc/arm-none-eabi/7.3.1/../../../../arm-none-eabi/lib/thumb/v7-m\libc_nano.a(lib_a-mprec.o)
 .rodata._svfprintf_r.str1.1
                0x0800b93c       0x11 c:/ac6/systemworkbench/plugins/fr.ac6.mcu.externaltools.arm-none.win32_1.17.0.201812190825/tools/compiler/bin/../lib/gcc/arm-none-eabi/7.3.1/../../../../arm-none-eabi/lib/thumb/v7-m\libc_nano.a(lib_a-nano-svfprintf.o)
 .rodata._setlocale_r.str1.1
                0x0800b94d        0x8 c:/ac6/systemworkbench/plugins/fr.ac6.mcu.externaltools.arm-none.win32_1.17.0.201812190825/tools/compiler/bin/../lib/gcc/arm-none-eabi/7.3.1/../../../../arm-none-eabi/lib/thumb/v7-m\libc_nano.a(lib_a-locale.o)
                                  0x9 (size before relaxing)
 .rodata.str1.1
                0x0800b955        0x2 c:/ac6/systemworkbench/plugins/fr.ac6.mcu.externaltools.arm-none.win32_1.17.0.201812190825/tools/compiler/bin/../lib/gcc/arm-none-eabi/7.3.1/../../../../arm-none-eabi/lib/thumb/v7-m\libc_nano.a(lib_a-locale.o)
 .rodata._ctype_
                0x0800b957      0x101 c:/ac6/systemworkbench/plugins/fr.ac6.mcu.externaltools.arm-none.win32_1.17.0.201812190825/tools/compiler/bin/../lib/gcc/arm-none-eabi/7.3.1/../../../../arm-none-eabi/lib/thumb/v7-m\libc_nano.a(lib_a-ctype_.o)
                0x0800b957                _ctype_
                0x0800ba58                . = ALIGN (0x4)

.rel.dyn        0x0800ba58        0x0
 .rel.iplt      0x0800ba58        0x0 c:/ac6/systemworkbench/plugins/fr.ac6.mcu.externaltools.arm-none.win32_1.17.0.201812190825/tools/compiler/bin/../lib/gcc/arm-none-eabi/7.3.1/thumb/v7-m/crtbegin.o

.ARM.extab
 *(.ARM.extab* .gnu.linkonce.armextab.*)

.ARM            0x0800ba58        0x0
                0x0800ba58                __exidx_start = .
 *(.ARM.exidx*)
                0x0800ba58                __exidx_end = .

.preinit_array  0x0800ba58        0x0
                0x0800ba58                PROVIDE (__preinit_array_start = .)
 *(.preinit_array*)
                0x0800ba58                PROVIDE (__preinit_array_end = .)

.init_array     0x0800ba58        0x4
                0x0800ba58                PROVIDE (__init_array_start = .)
 *(SORT_BY_NAME(.init_array.*))
 *(.init_array*)
 .init_array    0x0800ba58        0x4 c:/ac6/systemworkbench/plugins/fr.ac6.mcu.externaltools.arm-none.win32_1.17.0.201812190825/tools/compiler/bin/../lib/gcc/arm-none-eabi/7.3.1/thumb/v7-m/crtbegin.o
                0x0800ba5c                PROVIDE (__init_array_end = .)

.fini_array     0x0800ba5c        0x4
                [!provide]                PROVIDE (__fini_array_start = .)
 *(SORT_BY_NAME(.fini_array.*))
 *(.fini_array*)
 .fini_array    0x0800ba5c        0x4 c:/ac6/systemworkbench/plugins/fr.ac6.mcu.externaltools.arm-none.win32_1.17.0.201812190825/tools/compiler/bin/../lib/gcc/arm-none-eabi/7.3.1/thumb/v7-m/crtbegin.o
                [!provide]                PROVIDE (__fini_array_end = .)
                0x0800ba60                _sidata = LOADADDR (.data)

.data           0x20000000      0x218 load address 0x0800ba60
                0x20000000                . = ALIGN (0x4)
                0x20000000                _sdata = .
 *(.data)
 *(.data*)
 .data.uwTickFreq
                0x20000000        0x1 Drivers/STM32F1xx_HAL_Driver/Src/stm32f1xx_hal.o
                0x20000000                uwTickFreq
 *fill*         0x20000001        0x3 
 .data.uwTickPrio
                0x20000004        0x4 Drivers/STM32F1xx_HAL_Driver/Src/stm32f1xx_hal.o
                0x20000004                uwTickPrio
 .data.u8g_dev_ssd1306_128x32_2x_i2c
                0x20000008        0xc Drivers/u8glib/src/u8g_dev_ssd1306_128x32.o
                0x20000008                u8g_dev_ssd1306_128x32_2x_i2c
 .data.u8g_dev_ssd1306_128x32_2x_pb
                0x20000014        0xc Drivers/u8glib/src/u8g_dev_ssd1306_128x32.o
                0x20000014                u8g_dev_ssd1306_128x32_2x_pb
 .data.u8g_dev_ssd1309_128x64_hw_spi
                0x20000020        0xc Drivers/u8glib/src/u8g_dev_ssd1309_128x64.o
                0x20000020                u8g_dev_ssd1309_128x64_hw_spi
 .data.u8g_dev_ssd1309_128x64_hw_spi_pb
                0x2000002c        0xc Drivers/u8glib/src/u8g_dev_ssd1309_128x64.o
                0x2000002c                u8g_dev_ssd1309_128x64_hw_spi_pb
 .data.gui_battery
                0x20000038        0x8 Src/main.o
                0x20000038                gui_battery
 .data.gui_brightness
                0x20000040        0x1 Src/main.o
                0x20000040                gui_brightness
 .data.gui_gear
                0x20000041        0x1 Src/main.o
                0x20000041                gui_gear
 .data.gui_h    0x20000042        0x1 Src/main.o
                0x20000042                gui_h
 .data.gui_m    0x20000043        0x1 Src/main.o
                0x20000043                gui_m
 .data.SystemCoreClock
                0x20000044        0x4 Src/system_stm32f1xx.o
                0x20000044                SystemCoreClock
 .data._impure_ptr
                0x20000048        0x4 c:/ac6/systemworkbench/plugins/fr.ac6.mcu.externaltools.arm-none.win32_1.17.0.201812190825/tools/compiler/bin/../lib/gcc/arm-none-eabi/7.3.1/../../../../arm-none-eabi/lib/thumb/v7-m\libc_nano.a(lib_a-impure.o)
                0x20000048                _impure_ptr
 .data.impure_data
                0x2000004c       0x60 c:/ac6/systemworkbench/plugins/fr.ac6.mcu.externaltools.arm-none.win32_1.17.0.201812190825/tools/compiler/bin/../lib/gcc/arm-none-eabi/7.3.1/../../../../arm-none-eabi/lib/thumb/v7-m\libc_nano.a(lib_a-impure.o)
 .data.__global_locale
                0x200000ac      0x16c c:/ac6/systemworkbench/plugins/fr.ac6.mcu.externaltools.arm-none.win32_1.17.0.201812190825/tools/compiler/bin/../lib/gcc/arm-none-eabi/7.3.1/../../../../arm-none-eabi/lib/thumb/v7-m\libc_nano.a(lib_a-locale.o)
                0x200000ac                __global_locale
                0x20000218                . = ALIGN (0x4)
                0x20000218                _edata = .

.igot.plt       0x20000218        0x0 load address 0x0800bc78
 .igot.plt      0x20000218        0x0 c:/ac6/systemworkbench/plugins/fr.ac6.mcu.externaltools.arm-none.win32_1.17.0.201812190825/tools/compiler/bin/../lib/gcc/arm-none-eabi/7.3.1/thumb/v7-m/crtbegin.o
                0x20000218                . = ALIGN (0x4)

.bss            0x20000218      0x4c8 load address 0x0800bc78
                0x20000218                _sbss = .
                0x20000218                __bss_start__ = _sbss
 *(.bss)
 .bss           0x20000218       0x1c c:/ac6/systemworkbench/plugins/fr.ac6.mcu.externaltools.arm-none.win32_1.17.0.201812190825/tools/compiler/bin/../lib/gcc/arm-none-eabi/7.3.1/thumb/v7-m/crtbegin.o
 *(.bss*)
 .bss.control   0x20000234        0x1 Drivers/u8glib/src/u8g_arm.o
 *fill*         0x20000235        0x3 
 .bss.u8g_dev_ssd1306_128x32_2x_buf
                0x20000238      0x102 Drivers/u8glib/src/u8g_dev_ssd1306_128x32.o
                0x20000238                u8g_dev_ssd1306_128x32_2x_buf
 *fill*         0x2000033a        0x2 
 .bss.u8g_dev_ssd1309_128x64_hw_spi_buf
                0x2000033c       0x80 Drivers/u8glib/src/u8g_dev_ssd1309_128x64.o
                0x2000033c                u8g_dev_ssd1309_128x64_hw_spi_buf
 .bss.gui_charging
                0x200003bc        0x1 Src/main.o
                0x200003bc                gui_charging
 .bss.gui_cruise_speed_set
                0x200003bd        0x1 Src/main.o
                0x200003bd                gui_cruise_speed_set
 .bss.gui_leds_byte1
                0x200003be        0x1 Src/main.o
                0x200003be                gui_leds_byte1
 .bss.gui_leds_byte2
                0x200003bf        0x1 Src/main.o
                0x200003bf                gui_leds_byte2
 .bss.gui_picture_iteration
                0x200003c0        0x1 Src/main.o
                0x200003c0                gui_picture_iteration
 *fill*         0x200003c1        0x7 
 .bss.gui_power
                0x200003c8        0x8 Src/main.o
                0x200003c8                gui_power
 .bss.gui_speed
                0x200003d0        0x1 Src/main.o
                0x200003d0                gui_speed
 .bss.gui_statement
                0x200003d1        0x1 Src/main.o
                0x200003d1                gui_statement
 *fill*         0x200003d2        0x2 
 .bss.gui_trip  0x200003d4        0x4 Src/main.o
                0x200003d4                gui_trip
 .bss.ws_bat    0x200003d8        0x1 Src/main.o
                0x200003d8                ws_bat
 .bss.ws_led_bright
                0x200003d9        0x1 Src/main.o
                0x200003d9                ws_led_bright
 .bss.ws_leds1  0x200003da        0x1 Src/main.o
                0x200003da                ws_leds1
 .bss.ws_leds2  0x200003db        0x1 Src/main.o
                0x200003db                ws_leds2
 .bss.ws_mod    0x200003dc        0x1 Src/main.o
                0x200003dc                ws_mod
 .bss.ws_powr   0x200003dd        0x1 Src/main.o
                0x200003dd                ws_powr
 .bss.ws_powr_mod
                0x200003de        0x1 Src/main.o
                0x200003de                ws_powr_mod
 .bss.ws_spd    0x200003df        0x1 Src/main.o
                0x200003df                ws_spd
 .bss.ws_spd_lim
                0x200003e0        0x1 Src/main.o
                0x200003e0                ws_spd_lim
 *fill*         0x200003e1        0x3 
 .bss.__malloc_free_list
                0x200003e4        0x4 c:/ac6/systemworkbench/plugins/fr.ac6.mcu.externaltools.arm-none.win32_1.17.0.201812190825/tools/compiler/bin/../lib/gcc/arm-none-eabi/7.3.1/../../../../arm-none-eabi/lib/thumb/v7-m\libc_nano.a(lib_a-nano-mallocr.o)
                0x200003e4                __malloc_free_list
 .bss.__malloc_sbrk_start
                0x200003e8        0x4 c:/ac6/systemworkbench/plugins/fr.ac6.mcu.externaltools.arm-none.win32_1.17.0.201812190825/tools/compiler/bin/../lib/gcc/arm-none-eabi/7.3.1/../../../../arm-none-eabi/lib/thumb/v7-m\libc_nano.a(lib_a-nano-mallocr.o)
                0x200003e8                __malloc_sbrk_start
 .bss.heap_end.4102
                0x200003ec        0x4 c:/ac6/systemworkbench/plugins/fr.ac6.mcu.externaltools.arm-none.win32_1.17.0.201812190825/tools/compiler/bin/../lib/gcc/arm-none-eabi/7.3.1/../../../../arm-none-eabi/lib/thumb/v7-m\libnosys.a(sbrk.o)
 *(COMMON)
 COMMON         0x200003f0        0x4 Drivers/STM32F1xx_HAL_Driver/Src/stm32f1xx_hal.o
                0x200003f0                uwTick
 COMMON         0x200003f4       0x44 Src/can.o
                0x200003f4                hcan
 COMMON         0x20000438       0x54 Src/i2c.o
                0x20000438                hi2c1
 COMMON         0x2000048c      0x120 Src/main.o
                0x2000048c                sFilterConfig
                0x200004b4                htim3
                0x200004f4                u8g_big
                0x20000530                TxHeader
                0x2000054c                RxHeader
                0x20000570                u8g_small
 COMMON         0x200005ac       0xb0 Src/spi.o
                0x200005ac                hspi2
                0x20000604                hspi3
 COMMON         0x2000065c       0x80 Src/usart.o
                0x2000065c                huart1
                0x2000069c                huart2
 COMMON         0x200006dc        0x4 c:/ac6/systemworkbench/plugins/fr.ac6.mcu.externaltools.arm-none.win32_1.17.0.201812190825/tools/compiler/bin/../lib/gcc/arm-none-eabi/7.3.1/../../../../arm-none-eabi/lib/thumb/v7-m\libc_nano.a(lib_a-reent.o)
                0x200006dc                errno
                0x200006e0                . = ALIGN (0x4)
                0x200006e0                _ebss = .
                0x200006e0                __bss_end__ = _ebss

._user_heap_stack
                0x200006e0      0x600 load address 0x0800bc78
                0x200006e0                . = ALIGN (0x8)
                0x200006e0                PROVIDE (end = .)
                [!provide]                PROVIDE (_end = .)
                0x200008e0                . = (. + _Min_Heap_Size)
 *fill*         0x200006e0      0x200 
                0x20000ce0                . = (. + _Min_Stack_Size)
 *fill*         0x200008e0      0x400 
                0x20000ce0                . = ALIGN (0x8)

/DISCARD/
 libc.a(*)
 libm.a(*)
 libgcc.a(*)

.ARM.attributes
                0x00000000       0x29
 *(.ARM.attributes)
 .ARM.attributes
                0x00000000       0x1d c:/ac6/systemworkbench/plugins/fr.ac6.mcu.externaltools.arm-none.win32_1.17.0.201812190825/tools/compiler/bin/../lib/gcc/arm-none-eabi/7.3.1/thumb/v7-m/crti.o
 .ARM.attributes
                0x0000001d       0x2d c:/ac6/systemworkbench/plugins/fr.ac6.mcu.externaltools.arm-none.win32_1.17.0.201812190825/tools/compiler/bin/../lib/gcc/arm-none-eabi/7.3.1/thumb/v7-m/crtbegin.o
 .ARM.attributes
                0x0000004a       0x33 Drivers/STM32F1xx_HAL_Driver/Src/stm32f1xx_hal.o
 .ARM.attributes
                0x0000007d       0x33 Drivers/STM32F1xx_HAL_Driver/Src/stm32f1xx_hal_can.o
 .ARM.attributes
                0x000000b0       0x33 Drivers/STM32F1xx_HAL_Driver/Src/stm32f1xx_hal_cortex.o
 .ARM.attributes
                0x000000e3       0x33 Drivers/STM32F1xx_HAL_Driver/Src/stm32f1xx_hal_gpio.o
 .ARM.attributes
                0x00000116       0x33 Drivers/STM32F1xx_HAL_Driver/Src/stm32f1xx_hal_i2c.o
 .ARM.attributes
                0x00000149       0x33 Drivers/STM32F1xx_HAL_Driver/Src/stm32f1xx_hal_rcc.o
 .ARM.attributes
                0x0000017c       0x33 Drivers/STM32F1xx_HAL_Driver/Src/stm32f1xx_hal_spi.o
 .ARM.attributes
                0x000001af       0x33 Drivers/STM32F1xx_HAL_Driver/Src/stm32f1xx_hal_spi_ex.o
 .ARM.attributes
                0x000001e2       0x33 Drivers/STM32F1xx_HAL_Driver/Src/stm32f1xx_hal_tim.o
 .ARM.attributes
                0x00000215       0x33 Drivers/STM32F1xx_HAL_Driver/Src/stm32f1xx_hal_tim_ex.o
 .ARM.attributes
                0x00000248       0x33 Drivers/STM32F1xx_HAL_Driver/Src/stm32f1xx_hal_uart.o
 .ARM.attributes
                0x0000027b       0x33 Drivers/u8glib/src/u8g_arm.o
 .ARM.attributes
                0x000002ae       0x33 Drivers/u8glib/src/u8g_bitmap.o
 .ARM.attributes
                0x000002e1       0x33 Drivers/u8glib/src/u8g_clip.o
 .ARM.attributes
                0x00000314       0x33 Drivers/u8glib/src/u8g_com_api.o
 .ARM.attributes
                0x00000347       0x33 Drivers/u8glib/src/u8g_com_null.o
 .ARM.attributes
                0x0000037a       0x33 Drivers/u8glib/src/u8g_dev_ssd1306_128x32.o
 .ARM.attributes
                0x000003ad       0x33 Drivers/u8glib/src/u8g_dev_ssd1309_128x64.o
 .ARM.attributes
                0x000003e0       0x33 Drivers/u8glib/src/u8g_font.o
 .ARM.attributes
                0x00000413       0x33 Drivers/u8glib/src/u8g_font_data.o
 .ARM.attributes
                0x00000446       0x33 Drivers/u8glib/src/u8g_ll_api.o
 .ARM.attributes
                0x00000479       0x33 Drivers/u8glib/src/u8g_page.o
 .ARM.attributes
                0x000004ac       0x33 Drivers/u8glib/src/u8g_pb.o
 .ARM.attributes
                0x000004df       0x33 Drivers/u8glib/src/u8g_pb16v1.o
 .ARM.attributes
                0x00000512       0x33 Drivers/u8glib/src/u8g_pb8v1.o
 .ARM.attributes
                0x00000545       0x33 Drivers/u8glib/src/u8g_state.o
 .ARM.attributes
                0x00000578       0x33 Src/LCD.o
 .ARM.attributes
                0x000005ab       0x33 Src/can.o
 .ARM.attributes
                0x000005de       0x33 Src/gpio.o
 .ARM.attributes
                0x00000611       0x33 Src/i2c.o
 .ARM.attributes
                0x00000644       0x33 Src/main.o
 .ARM.attributes
                0x00000677       0x33 Src/spi.o
 .ARM.attributes
                0x000006aa       0x33 Src/stm32f1xx_hal_msp.o
 .ARM.attributes
                0x000006dd       0x33 Src/stm32f1xx_it.o
 .ARM.attributes
                0x00000710       0x33 Src/system_stm32f1xx.o
 .ARM.attributes
                0x00000743       0x33 Src/tim.o
 .ARM.attributes
                0x00000776       0x33 Src/usart.o
 .ARM.attributes
                0x000007a9       0x21 startup/startup_stm32f103xe.o
 .ARM.attributes
                0x000007ca       0x2d c:/ac6/systemworkbench/plugins/fr.ac6.mcu.externaltools.arm-none.win32_1.17.0.201812190825/tools/compiler/bin/../lib/gcc/arm-none-eabi/7.3.1/../../../../arm-none-eabi/lib/thumb/v7-m\libm.a(lib_a-s_floor.o)
 .ARM.attributes
                0x000007f7       0x1d c:/ac6/systemworkbench/plugins/fr.ac6.mcu.externaltools.arm-none.win32_1.17.0.201812190825/tools/compiler/bin/../lib/gcc/arm-none-eabi/7.3.1/thumb/v7-m\libgcc.a(_arm_addsubdf3.o)
 .ARM.attributes
                0x00000814       0x1d c:/ac6/systemworkbench/plugins/fr.ac6.mcu.externaltools.arm-none.win32_1.17.0.201812190825/tools/compiler/bin/../lib/gcc/arm-none-eabi/7.3.1/thumb/v7-m\libgcc.a(_arm_muldivdf3.o)
 .ARM.attributes
                0x00000831       0x1d c:/ac6/systemworkbench/plugins/fr.ac6.mcu.externaltools.arm-none.win32_1.17.0.201812190825/tools/compiler/bin/../lib/gcc/arm-none-eabi/7.3.1/thumb/v7-m\libgcc.a(_arm_cmpdf2.o)
 .ARM.attributes
                0x0000084e       0x1d c:/ac6/systemworkbench/plugins/fr.ac6.mcu.externaltools.arm-none.win32_1.17.0.201812190825/tools/compiler/bin/../lib/gcc/arm-none-eabi/7.3.1/thumb/v7-m\libgcc.a(_arm_fixdfsi.o)
 .ARM.attributes
                0x0000086b       0x1d c:/ac6/systemworkbench/plugins/fr.ac6.mcu.externaltools.arm-none.win32_1.17.0.201812190825/tools/compiler/bin/../lib/gcc/arm-none-eabi/7.3.1/thumb/v7-m\libgcc.a(_arm_fixunsdfsi.o)
 .ARM.attributes
                0x00000888       0x2d c:/ac6/systemworkbench/plugins/fr.ac6.mcu.externaltools.arm-none.win32_1.17.0.201812190825/tools/compiler/bin/../lib/gcc/arm-none-eabi/7.3.1/../../../../arm-none-eabi/lib/thumb/v7-m\libc_nano.a(lib_a-impure.o)
 .ARM.attributes
                0x000008b5       0x2d c:/ac6/systemworkbench/plugins/fr.ac6.mcu.externaltools.arm-none.win32_1.17.0.201812190825/tools/compiler/bin/../lib/gcc/arm-none-eabi/7.3.1/../../../../arm-none-eabi/lib/thumb/v7-m\libc_nano.a(lib_a-init.o)
 .ARM.attributes
                0x000008e2       0x2d c:/ac6/systemworkbench/plugins/fr.ac6.mcu.externaltools.arm-none.win32_1.17.0.201812190825/tools/compiler/bin/../lib/gcc/arm-none-eabi/7.3.1/../../../../arm-none-eabi/lib/thumb/v7-m\libc_nano.a(lib_a-memset.o)
 .ARM.attributes
                0x0000090f       0x2d c:/ac6/systemworkbench/plugins/fr.ac6.mcu.externaltools.arm-none.win32_1.17.0.201812190825/tools/compiler/bin/../lib/gcc/arm-none-eabi/7.3.1/../../../../arm-none-eabi/lib/thumb/v7-m\libc_nano.a(lib_a-nano-vfprintf_float.o)
 .ARM.attributes
                0x0000093c       0x2d c:/ac6/systemworkbench/plugins/fr.ac6.mcu.externaltools.arm-none.win32_1.17.0.201812190825/tools/compiler/bin/../lib/gcc/arm-none-eabi/7.3.1/../../../../arm-none-eabi/lib/thumb/v7-m\libc_nano.a(lib_a-nano-vfprintf_i.o)
 .ARM.attributes
                0x00000969       0x2d c:/ac6/systemworkbench/plugins/fr.ac6.mcu.externaltools.arm-none.win32_1.17.0.201812190825/tools/compiler/bin/../lib/gcc/arm-none-eabi/7.3.1/../../../../arm-none-eabi/lib/thumb/v7-m\libc_nano.a(lib_a-snprintf.o)
 .ARM.attributes
                0x00000996       0x2d c:/ac6/systemworkbench/plugins/fr.ac6.mcu.externaltools.arm-none.win32_1.17.0.201812190825/tools/compiler/bin/../lib/gcc/arm-none-eabi/7.3.1/../../../../arm-none-eabi/lib/thumb/v7-m\libc_nano.a(lib_a-sprintf.o)
 .ARM.attributes
                0x000009c3       0x17 c:/ac6/systemworkbench/plugins/fr.ac6.mcu.externaltools.arm-none.win32_1.17.0.201812190825/tools/compiler/bin/../lib/gcc/arm-none-eabi/7.3.1/../../../../arm-none-eabi/lib/thumb/v7-m\libc_nano.a(lib_a-strlen.o)
 .ARM.attributes
                0x000009da       0x2d c:/ac6/systemworkbench/plugins/fr.ac6.mcu.externaltools.arm-none.win32_1.17.0.201812190825/tools/compiler/bin/../lib/gcc/arm-none-eabi/7.3.1/../../../../arm-none-eabi/lib/thumb/v7-m\libc_nano.a(lib_a-dtoa.o)
 .ARM.attributes
                0x00000a07       0x2d c:/ac6/systemworkbench/plugins/fr.ac6.mcu.externaltools.arm-none.win32_1.17.0.201812190825/tools/compiler/bin/../lib/gcc/arm-none-eabi/7.3.1/../../../../arm-none-eabi/lib/thumb/v7-m\libc_nano.a(lib_a-localeconv.o)
 .ARM.attributes
                0x00000a34       0x2d c:/ac6/systemworkbench/plugins/fr.ac6.mcu.externaltools.arm-none.win32_1.17.0.201812190825/tools/compiler/bin/../lib/gcc/arm-none-eabi/7.3.1/../../../../arm-none-eabi/lib/thumb/v7-m\libc_nano.a(lib_a-malloc.o)
 .ARM.attributes
                0x00000a61       0x2d c:/ac6/systemworkbench/plugins/fr.ac6.mcu.externaltools.arm-none.win32_1.17.0.201812190825/tools/compiler/bin/../lib/gcc/arm-none-eabi/7.3.1/../../../../arm-none-eabi/lib/thumb/v7-m\libc_nano.a(lib_a-memchr-stub.o)
 .ARM.attributes
                0x00000a8e       0x2d c:/ac6/systemworkbench/plugins/fr.ac6.mcu.externaltools.arm-none.win32_1.17.0.201812190825/tools/compiler/bin/../lib/gcc/arm-none-eabi/7.3.1/../../../../arm-none-eabi/lib/thumb/v7-m\libc_nano.a(lib_a-memcpy-stub.o)
 .ARM.attributes
                0x00000abb       0x2d c:/ac6/systemworkbench/plugins/fr.ac6.mcu.externaltools.arm-none.win32_1.17.0.201812190825/tools/compiler/bin/../lib/gcc/arm-none-eabi/7.3.1/../../../../arm-none-eabi/lib/thumb/v7-m\libc_nano.a(lib_a-mprec.o)
 .ARM.attributes
                0x00000ae8       0x2d c:/ac6/systemworkbench/plugins/fr.ac6.mcu.externaltools.arm-none.win32_1.17.0.201812190825/tools/compiler/bin/../lib/gcc/arm-none-eabi/7.3.1/../../../../arm-none-eabi/lib/thumb/v7-m\libc_nano.a(lib_a-nano-callocr.o)
 .ARM.attributes
                0x00000b15       0x2d c:/ac6/systemworkbench/plugins/fr.ac6.mcu.externaltools.arm-none.win32_1.17.0.201812190825/tools/compiler/bin/../lib/gcc/arm-none-eabi/7.3.1/../../../../arm-none-eabi/lib/thumb/v7-m\libc_nano.a(lib_a-nano-freer.o)
 .ARM.attributes
                0x00000b42       0x2d c:/ac6/systemworkbench/plugins/fr.ac6.mcu.externaltools.arm-none.win32_1.17.0.201812190825/tools/compiler/bin/../lib/gcc/arm-none-eabi/7.3.1/../../../../arm-none-eabi/lib/thumb/v7-m\libc_nano.a(lib_a-nano-mallocr.o)
 .ARM.attributes
                0x00000b6f       0x2d c:/ac6/systemworkbench/plugins/fr.ac6.mcu.externaltools.arm-none.win32_1.17.0.201812190825/tools/compiler/bin/../lib/gcc/arm-none-eabi/7.3.1/../../../../arm-none-eabi/lib/thumb/v7-m\libc_nano.a(lib_a-nano-svfprintf.o)
 .ARM.attributes
                0x00000b9c       0x2d c:/ac6/systemworkbench/plugins/fr.ac6.mcu.externaltools.arm-none.win32_1.17.0.201812190825/tools/compiler/bin/../lib/gcc/arm-none-eabi/7.3.1/../../../../arm-none-eabi/lib/thumb/v7-m\libc_nano.a(lib_a-sbrkr.o)
 .ARM.attributes
                0x00000bc9       0x2d c:/ac6/systemworkbench/plugins/fr.ac6.mcu.externaltools.arm-none.win32_1.17.0.201812190825/tools/compiler/bin/../lib/gcc/arm-none-eabi/7.3.1/../../../../arm-none-eabi/lib/thumb/v7-m\libc_nano.a(lib_a-locale.o)
 .ARM.attributes
                0x00000bf6       0x2d c:/ac6/systemworkbench/plugins/fr.ac6.mcu.externaltools.arm-none.win32_1.17.0.201812190825/tools/compiler/bin/../lib/gcc/arm-none-eabi/7.3.1/../../../../arm-none-eabi/lib/thumb/v7-m\libc_nano.a(lib_a-mbtowc_r.o)
 .ARM.attributes
                0x00000c23       0x2d c:/ac6/systemworkbench/plugins/fr.ac6.mcu.externaltools.arm-none.win32_1.17.0.201812190825/tools/compiler/bin/../lib/gcc/arm-none-eabi/7.3.1/../../../../arm-none-eabi/lib/thumb/v7-m\libc_nano.a(lib_a-memmove.o)
 .ARM.attributes
                0x00000c50       0x2d c:/ac6/systemworkbench/plugins/fr.ac6.mcu.externaltools.arm-none.win32_1.17.0.201812190825/tools/compiler/bin/../lib/gcc/arm-none-eabi/7.3.1/../../../../arm-none-eabi/lib/thumb/v7-m\libc_nano.a(lib_a-mlock.o)
 .ARM.attributes
                0x00000c7d       0x2d c:/ac6/systemworkbench/plugins/fr.ac6.mcu.externaltools.arm-none.win32_1.17.0.201812190825/tools/compiler/bin/../lib/gcc/arm-none-eabi/7.3.1/../../../../arm-none-eabi/lib/thumb/v7-m\libc_nano.a(lib_a-nano-reallocr.o)
 .ARM.attributes
                0x00000caa       0x2d c:/ac6/systemworkbench/plugins/fr.ac6.mcu.externaltools.arm-none.win32_1.17.0.201812190825/tools/compiler/bin/../lib/gcc/arm-none-eabi/7.3.1/../../../../arm-none-eabi/lib/thumb/v7-m\libc_nano.a(lib_a-reent.o)
 .ARM.attributes
                0x00000cd7       0x2d c:/ac6/systemworkbench/plugins/fr.ac6.mcu.externaltools.arm-none.win32_1.17.0.201812190825/tools/compiler/bin/../lib/gcc/arm-none-eabi/7.3.1/../../../../arm-none-eabi/lib/thumb/v7-m\libc_nano.a(lib_a-wctomb_r.o)
 .ARM.attributes
                0x00000d04       0x2d c:/ac6/systemworkbench/plugins/fr.ac6.mcu.externaltools.arm-none.win32_1.17.0.201812190825/tools/compiler/bin/../lib/gcc/arm-none-eabi/7.3.1/../../../../arm-none-eabi/lib/thumb/v7-m\libc_nano.a(lib_a-ctype_.o)
 .ARM.attributes
                0x00000d31       0x2d c:/ac6/systemworkbench/plugins/fr.ac6.mcu.externaltools.arm-none.win32_1.17.0.201812190825/tools/compiler/bin/../lib/gcc/arm-none-eabi/7.3.1/../../../../arm-none-eabi/lib/thumb/v7-m\libc_nano.a(lib_a-nano-msizer.o)
 .ARM.attributes
                0x00000d5e       0x1d c:/ac6/systemworkbench/plugins/fr.ac6.mcu.externaltools.arm-none.win32_1.17.0.201812190825/tools/compiler/bin/../lib/gcc/arm-none-eabi/7.3.1/thumb/v7-m\libgcc.a(_arm_unorddf2.o)
 .ARM.attributes
                0x00000d7b       0x2d c:/ac6/systemworkbench/plugins/fr.ac6.mcu.externaltools.arm-none.win32_1.17.0.201812190825/tools/compiler/bin/../lib/gcc/arm-none-eabi/7.3.1/../../../../arm-none-eabi/lib/thumb/v7-m\libnosys.a(sbrk.o)
 .ARM.attributes
                0x00000da8       0x1d c:/ac6/systemworkbench/plugins/fr.ac6.mcu.externaltools.arm-none.win32_1.17.0.201812190825/tools/compiler/bin/../lib/gcc/arm-none-eabi/7.3.1/thumb/v7-m/crtn.o
OUTPUT(Dashboard_1.1.elf elf32-littlearm)

.debug_info     0x00000000    0x2e77c
 .debug_info    0x00000000     0x100c Drivers/STM32F1xx_HAL_Driver/Src/stm32f1xx_hal.o
 .debug_info    0x0000100c     0x14ab Drivers/STM32F1xx_HAL_Driver/Src/stm32f1xx_hal_can.o
 .debug_info    0x000024b7     0x14db Drivers/STM32F1xx_HAL_Driver/Src/stm32f1xx_hal_cortex.o
 .debug_info    0x00003992      0xe87 Drivers/STM32F1xx_HAL_Driver/Src/stm32f1xx_hal_gpio.o
 .debug_info    0x00004819     0x379a Drivers/STM32F1xx_HAL_Driver/Src/stm32f1xx_hal_i2c.o
 .debug_info    0x00007fb3     0x11ef Drivers/STM32F1xx_HAL_Driver/Src/stm32f1xx_hal_rcc.o
 .debug_info    0x000091a2     0x215a Drivers/STM32F1xx_HAL_Driver/Src/stm32f1xx_hal_spi.o
 .debug_info    0x0000b2fc      0xe32 Drivers/STM32F1xx_HAL_Driver/Src/stm32f1xx_hal_spi_ex.o
 .debug_info    0x0000c12e     0x3660 Drivers/STM32F1xx_HAL_Driver/Src/stm32f1xx_hal_tim.o
 .debug_info    0x0000f78e     0x1aa8 Drivers/STM32F1xx_HAL_Driver/Src/stm32f1xx_hal_tim_ex.o
 .debug_info    0x00011236     0x1e7b Drivers/STM32F1xx_HAL_Driver/Src/stm32f1xx_hal_uart.o
 .debug_info    0x000130b1     0x1869 Drivers/u8glib/src/u8g_arm.o
 .debug_info    0x0001491a      0xab1 Drivers/u8glib/src/u8g_bitmap.o
 .debug_info    0x000153cb      0x61f Drivers/u8glib/src/u8g_clip.o
 .debug_info    0x000159ea      0x9de Drivers/u8glib/src/u8g_com_api.o
 .debug_info    0x000163c8      0x560 Drivers/u8glib/src/u8g_com_null.o
 .debug_info    0x00016928      0xc08 Drivers/u8glib/src/u8g_dev_ssd1306_128x32.o
 .debug_info    0x00017530      0x956 Drivers/u8glib/src/u8g_dev_ssd1309_128x64.o
 .debug_info    0x00017e86     0x2a01 Drivers/u8glib/src/u8g_font.o
 .debug_info    0x0001a887     0x151c Drivers/u8glib/src/u8g_font_data.o
 .debug_info    0x0001bda3     0x138c Drivers/u8glib/src/u8g_ll_api.o
 .debug_info    0x0001d12f      0x619 Drivers/u8glib/src/u8g_page.o
 .debug_info    0x0001d748      0x896 Drivers/u8glib/src/u8g_pb.o
 .debug_info    0x0001dfde     0x113d Drivers/u8glib/src/u8g_pb16v1.o
 .debug_info    0x0001f11b     0x1108 Drivers/u8glib/src/u8g_pb8v1.o
 .debug_info    0x00020223      0x599 Drivers/u8glib/src/u8g_state.o
 .debug_info    0x000207bc     0x1444 Src/LCD.o
 .debug_info    0x00021c00     0x137b Src/can.o
 .debug_info    0x00022f7b      0xc97 Src/gpio.o
 .debug_info    0x00023c12     0x108e Src/i2c.o
 .debug_info    0x00024ca0     0x3ca3 Src/main.o
 .debug_info    0x00028943     0x111b Src/spi.o
 .debug_info    0x00029a5e      0xd52 Src/stm32f1xx_hal_msp.o
 .debug_info    0x0002a7b0      0xf79 Src/stm32f1xx_it.o