displays.c:18:6:display_battery	48	static
displays.c:42:6:display_gear	24	static
displays.c:85:6:display_power_disable	24	static
displays.c:95:6:display_battery_disable	24	static
displays.c:105:6:display_gear_disable	24	static
displays.c:118:6:display_power	56	static
displays.c:151:6:display_speed	56	static
displays.c:206:6:displays_init	48	static
displays.c:241:6:display_logo	16	static
displays.c:251:6:displays_set_brightness	40	static
ws_leds.c:12:6:ws_senddata	24	static
ws_leds.c:18:6:ws_set_leds	0	static
ws_leds.c:24:6:ws_set_speed	8	static
ws_leds.c:34:6:ws_set_power	16	static
ws_leds.c:61:6:ws_set_battery	16	static
ws_leds.c:99:6:ws_set_brightness	0	static
pwm.c:11:6:set_backlight	0	static
pwm.c:18:6:pwm_init	8	static
gui.c:27:6:gui_init	8	static
gui.c:38:6:gui_set_brightness	0	static
gui.c:231:6:gui_screen_intro	16	static,ignoring_inline_asm
gui.c:268:6:gui_display_statement	8	static,ignoring_inline_asm
gui.c:48:6:gui_screen_main	32	static,ignoring_inline_asm
main.c:197:6:Error_Handler	0	static
main.c:150:6:SystemClock_Config	72	static
main.c:82:5:main	8	static
