displays.c:18:6:display_battery	48	static
displays.c:42:6:display_gear	24	static
displays.c:84:6:display_power_disable	24	static
displays.c:92:6:display_battery_disable	24	static
displays.c:101:6:display_gear_disable	24	static
displays.c:112:6:display_power	56	static
displays.c:145:6:display_speed	56	static
displays.c:208:6:displays_init	48	static
displays.c:238:6:display_logo	16	static
displays.c:246:6:displays_set_brightness	40	static
ws_leds.c:12:6:ws_senddata	24	static
ws_leds.c:18:6:ws_set_leds	0	static
ws_leds.c:24:6:ws_set_speed	8	static
ws_leds.c:34:6:ws_set_power	16	static
ws_leds.c:61:6:ws_set_battery	16	static
ws_leds.c:99:6:ws_set_brightness	0	static
pwm.c:11:6:set_backlight	0	static
pwm.c:19:6:pwm_init	8	static
gui.c:29:6:gui_init	8	static
gui.c:39:6:gui_set_brightness	0	static
gui.c:190:6:gui_screen_intro	16	static,ignoring_inline_asm
gui.c:222:6:gui_display_statement	8	static,ignoring_inline_asm
gui.c:49:6:gui_screen_main	32	static,ignoring_inline_asm
gui.c:319:6:gui_test	16	static
main.c:192:6:Error_Handler	0	static
main.c:145:6:SystemClock_Config	72	static
main.c:82:5:main	8	static
