Archive member included to satisfy reference by file (symbol)

f:/stm32/plugins/fr.ac6.mcu.externaltools.arm-none.win32_1.16.0.201807130628/tools/compiler/bin/../lib/gcc/arm-none-eabi/7.2.1/thumb/v6-m\libgcc.a(_fixunssfsi.o)
                              src/main.o (__aeabi_f2uiz)
f:/stm32/plugins/fr.ac6.mcu.externaltools.arm-none.win32_1.16.0.201807130628/tools/compiler/bin/../lib/gcc/arm-none-eabi/7.2.1/thumb/v6-m\libgcc.a(divsf3.o)
                              src/main.o (__aeabi_fdiv)
f:/stm32/plugins/fr.ac6.mcu.externaltools.arm-none.win32_1.16.0.201807130628/tools/compiler/bin/../lib/gcc/arm-none-eabi/7.2.1/thumb/v6-m\libgcc.a(mulsf3.o)
                              src/main.o (__aeabi_fmul)
f:/stm32/plugins/fr.ac6.mcu.externaltools.arm-none.win32_1.16.0.201807130628/tools/compiler/bin/../lib/gcc/arm-none-eabi/7.2.1/thumb/v6-m\libgcc.a(subsf3.o)
                              f:/stm32/plugins/fr.ac6.mcu.externaltools.arm-none.win32_1.16.0.201807130628/tools/compiler/bin/../lib/gcc/arm-none-eabi/7.2.1/thumb/v6-m\libgcc.a(_fixunssfsi.o) (__aeabi_fsub)
f:/stm32/plugins/fr.ac6.mcu.externaltools.arm-none.win32_1.16.0.201807130628/tools/compiler/bin/../lib/gcc/arm-none-eabi/7.2.1/thumb/v6-m\libgcc.a(fixsfsi.o)
                              f:/stm32/plugins/fr.ac6.mcu.externaltools.arm-none.win32_1.16.0.201807130628/tools/compiler/bin/../lib/gcc/arm-none-eabi/7.2.1/thumb/v6-m\libgcc.a(_fixunssfsi.o) (__aeabi_f2iz)
f:/stm32/plugins/fr.ac6.mcu.externaltools.arm-none.win32_1.16.0.201807130628/tools/compiler/bin/../lib/gcc/arm-none-eabi/7.2.1/thumb/v6-m\libgcc.a(floatsisf.o)
                              src/main.o (__aeabi_i2f)
f:/stm32/plugins/fr.ac6.mcu.externaltools.arm-none.win32_1.16.0.201807130628/tools/compiler/bin/../lib/gcc/arm-none-eabi/7.2.1/thumb/v6-m\libgcc.a(_arm_cmpsf2.o)
                              f:/stm32/plugins/fr.ac6.mcu.externaltools.arm-none.win32_1.16.0.201807130628/tools/compiler/bin/../lib/gcc/arm-none-eabi/7.2.1/thumb/v6-m\libgcc.a(_fixunssfsi.o) (__aeabi_fcmpge)
f:/stm32/plugins/fr.ac6.mcu.externaltools.arm-none.win32_1.16.0.201807130628/tools/compiler/bin/../lib/gcc/arm-none-eabi/7.2.1/thumb/v6-m\libgcc.a(_clzsi2.o)
                              f:/stm32/plugins/fr.ac6.mcu.externaltools.arm-none.win32_1.16.0.201807130628/tools/compiler/bin/../lib/gcc/arm-none-eabi/7.2.1/thumb/v6-m\libgcc.a(divsf3.o) (__clzsi2)
f:/stm32/plugins/fr.ac6.mcu.externaltools.arm-none.win32_1.16.0.201807130628/tools/compiler/bin/../lib/gcc/arm-none-eabi/7.2.1/thumb/v6-m\libgcc.a(eqsf2.o)
                              f:/stm32/plugins/fr.ac6.mcu.externaltools.arm-none.win32_1.16.0.201807130628/tools/compiler/bin/../lib/gcc/arm-none-eabi/7.2.1/thumb/v6-m\libgcc.a(_arm_cmpsf2.o) (__eqsf2)
f:/stm32/plugins/fr.ac6.mcu.externaltools.arm-none.win32_1.16.0.201807130628/tools/compiler/bin/../lib/gcc/arm-none-eabi/7.2.1/thumb/v6-m\libgcc.a(gesf2.o)
                              f:/stm32/plugins/fr.ac6.mcu.externaltools.arm-none.win32_1.16.0.201807130628/tools/compiler/bin/../lib/gcc/arm-none-eabi/7.2.1/thumb/v6-m\libgcc.a(_arm_cmpsf2.o) (__gesf2)
f:/stm32/plugins/fr.ac6.mcu.externaltools.arm-none.win32_1.16.0.201807130628/tools/compiler/bin/../lib/gcc/arm-none-eabi/7.2.1/thumb/v6-m\libgcc.a(lesf2.o)
                              f:/stm32/plugins/fr.ac6.mcu.externaltools.arm-none.win32_1.16.0.201807130628/tools/compiler/bin/../lib/gcc/arm-none-eabi/7.2.1/thumb/v6-m\libgcc.a(_arm_cmpsf2.o) (__lesf2)
f:/stm32/plugins/fr.ac6.mcu.externaltools.arm-none.win32_1.16.0.201807130628/tools/compiler/bin/../lib/gcc/arm-none-eabi/7.2.1/../../../../arm-none-eabi/lib/thumb/v6-m\libc.a(lib_a-errno.o)
                              startup/sysmem.o (__errno)
f:/stm32/plugins/fr.ac6.mcu.externaltools.arm-none.win32_1.16.0.201807130628/tools/compiler/bin/../lib/gcc/arm-none-eabi/7.2.1/../../../../arm-none-eabi/lib/thumb/v6-m\libc.a(lib_a-exit.o)
                              f:/stm32/plugins/fr.ac6.mcu.externaltools.arm-none.win32_1.16.0.201807130628/tools/compiler/bin/../lib/gcc/arm-none-eabi/7.2.1/../../../../arm-none-eabi/lib/thumb/v6-m/crt0.o (exit)
f:/stm32/plugins/fr.ac6.mcu.externaltools.arm-none.win32_1.16.0.201807130628/tools/compiler/bin/../lib/gcc/arm-none-eabi/7.2.1/../../../../arm-none-eabi/lib/thumb/v6-m\libc.a(lib_a-impure.o)
                              f:/stm32/plugins/fr.ac6.mcu.externaltools.arm-none.win32_1.16.0.201807130628/tools/compiler/bin/../lib/gcc/arm-none-eabi/7.2.1/../../../../arm-none-eabi/lib/thumb/v6-m\libc.a(lib_a-exit.o) (_global_impure_ptr)
f:/stm32/plugins/fr.ac6.mcu.externaltools.arm-none.win32_1.16.0.201807130628/tools/compiler/bin/../lib/gcc/arm-none-eabi/7.2.1/../../../../arm-none-eabi/lib/thumb/v6-m\libc.a(lib_a-init.o)
                              f:/stm32/plugins/fr.ac6.mcu.externaltools.arm-none.win32_1.16.0.201807130628/tools/compiler/bin/../lib/gcc/arm-none-eabi/7.2.1/../../../../arm-none-eabi/lib/thumb/v6-m/crt0.o (__libc_init_array)
f:/stm32/plugins/fr.ac6.mcu.externaltools.arm-none.win32_1.16.0.201807130628/tools/compiler/bin/../lib/gcc/arm-none-eabi/7.2.1/../../../../arm-none-eabi/lib/thumb/v6-m\libc.a(lib_a-memset.o)
                              f:/stm32/plugins/fr.ac6.mcu.externaltools.arm-none.win32_1.16.0.201807130628/tools/compiler/bin/../lib/gcc/arm-none-eabi/7.2.1/../../../../arm-none-eabi/lib/thumb/v6-m/crt0.o (memset)
f:/stm32/plugins/fr.ac6.mcu.externaltools.arm-none.win32_1.16.0.201807130628/tools/compiler/bin/../lib/gcc/arm-none-eabi/7.2.1/../../../../arm-none-eabi/lib/thumb/v6-m\libc.a(lib_a-__call_atexit.o)
                              f:/stm32/plugins/fr.ac6.mcu.externaltools.arm-none.win32_1.16.0.201807130628/tools/compiler/bin/../lib/gcc/arm-none-eabi/7.2.1/../../../../arm-none-eabi/lib/thumb/v6-m\libc.a(lib_a-exit.o) (__call_exitprocs)
f:/stm32/plugins/fr.ac6.mcu.externaltools.arm-none.win32_1.16.0.201807130628/tools/compiler/bin/../lib/gcc/arm-none-eabi/7.2.1/../../../../arm-none-eabi/lib/thumb/v6-m\libc.a(lib_a-atexit.o)
                              f:/stm32/plugins/fr.ac6.mcu.externaltools.arm-none.win32_1.16.0.201807130628/tools/compiler/bin/../lib/gcc/arm-none-eabi/7.2.1/../../../../arm-none-eabi/lib/thumb/v6-m\libc.a(lib_a-__call_atexit.o) (atexit)
f:/stm32/plugins/fr.ac6.mcu.externaltools.arm-none.win32_1.16.0.201807130628/tools/compiler/bin/../lib/gcc/arm-none-eabi/7.2.1/../../../../arm-none-eabi/lib/thumb/v6-m\libc.a(lib_a-fini.o)
                              f:/stm32/plugins/fr.ac6.mcu.externaltools.arm-none.win32_1.16.0.201807130628/tools/compiler/bin/../lib/gcc/arm-none-eabi/7.2.1/../../../../arm-none-eabi/lib/thumb/v6-m\libc.a(lib_a-__call_atexit.o) (__libc_fini_array)
f:/stm32/plugins/fr.ac6.mcu.externaltools.arm-none.win32_1.16.0.201807130628/tools/compiler/bin/../lib/gcc/arm-none-eabi/7.2.1/../../../../arm-none-eabi/lib/thumb/v6-m\libc.a(lib_a-lock.o)
                              f:/stm32/plugins/fr.ac6.mcu.externaltools.arm-none.win32_1.16.0.201807130628/tools/compiler/bin/../lib/gcc/arm-none-eabi/7.2.1/../../../../arm-none-eabi/lib/thumb/v6-m\libc.a(lib_a-__call_atexit.o) (__retarget_lock_acquire_recursive)
f:/stm32/plugins/fr.ac6.mcu.externaltools.arm-none.win32_1.16.0.201807130628/tools/compiler/bin/../lib/gcc/arm-none-eabi/7.2.1/../../../../arm-none-eabi/lib/thumb/v6-m\libc.a(lib_a-__atexit.o)
                              f:/stm32/plugins/fr.ac6.mcu.externaltools.arm-none.win32_1.16.0.201807130628/tools/compiler/bin/../lib/gcc/arm-none-eabi/7.2.1/../../../../arm-none-eabi/lib/thumb/v6-m\libc.a(lib_a-atexit.o) (__register_exitproc)

Allocating common symbols
Common symbol       size              file

__lock___atexit_recursive_mutex
                    0x1               f:/stm32/plugins/fr.ac6.mcu.externaltools.arm-none.win32_1.16.0.201807130628/tools/compiler/bin/../lib/gcc/arm-none-eabi/7.2.1/../../../../arm-none-eabi/lib/thumb/v6-m\libc.a(lib_a-lock.o)
__lock___arc4random_mutex
                    0x1               f:/stm32/plugins/fr.ac6.mcu.externaltools.arm-none.win32_1.16.0.201807130628/tools/compiler/bin/../lib/gcc/arm-none-eabi/7.2.1/../../../../arm-none-eabi/lib/thumb/v6-m\libc.a(lib_a-lock.o)
__lock___env_recursive_mutex
                    0x1               f:/stm32/plugins/fr.ac6.mcu.externaltools.arm-none.win32_1.16.0.201807130628/tools/compiler/bin/../lib/gcc/arm-none-eabi/7.2.1/../../../../arm-none-eabi/lib/thumb/v6-m\libc.a(lib_a-lock.o)
__lock___sinit_recursive_mutex
                    0x1               f:/stm32/plugins/fr.ac6.mcu.externaltools.arm-none.win32_1.16.0.201807130628/tools/compiler/bin/../lib/gcc/arm-none-eabi/7.2.1/../../../../arm-none-eabi/lib/thumb/v6-m\libc.a(lib_a-lock.o)
__lock___malloc_recursive_mutex
                    0x1               f:/stm32/plugins/fr.ac6.mcu.externaltools.arm-none.win32_1.16.0.201807130628/tools/compiler/bin/../lib/gcc/arm-none-eabi/7.2.1/../../../../arm-none-eabi/lib/thumb/v6-m\libc.a(lib_a-lock.o)
tx_buf              0x9               src/main.o
__lock___at_quick_exit_mutex
                    0x1               f:/stm32/plugins/fr.ac6.mcu.externaltools.arm-none.win32_1.16.0.201807130628/tools/compiler/bin/../lib/gcc/arm-none-eabi/7.2.1/../../../../arm-none-eabi/lib/thumb/v6-m\libc.a(lib_a-lock.o)
__lock___dd_hash_mutex
                    0x1               f:/stm32/plugins/fr.ac6.mcu.externaltools.arm-none.win32_1.16.0.201807130628/tools/compiler/bin/../lib/gcc/arm-none-eabi/7.2.1/../../../../arm-none-eabi/lib/thumb/v6-m\libc.a(lib_a-lock.o)
__lock___tz_mutex   0x1               f:/stm32/plugins/fr.ac6.mcu.externaltools.arm-none.win32_1.16.0.201807130628/tools/compiler/bin/../lib/gcc/arm-none-eabi/7.2.1/../../../../arm-none-eabi/lib/thumb/v6-m\libc.a(lib_a-lock.o)
__lock___sfp_recursive_mutex
                    0x1               f:/stm32/plugins/fr.ac6.mcu.externaltools.arm-none.win32_1.16.0.201807130628/tools/compiler/bin/../lib/gcc/arm-none-eabi/7.2.1/../../../../arm-none-eabi/lib/thumb/v6-m\libc.a(lib_a-lock.o)

Discarded input sections

 .text          0x00000000        0x0 f:/stm32/plugins/fr.ac6.mcu.externaltools.arm-none.win32_1.16.0.201807130628/tools/compiler/bin/../lib/gcc/arm-none-eabi/7.2.1/thumb/v6-m/crti.o
 .data          0x00000000        0x0 f:/stm32/plugins/fr.ac6.mcu.externaltools.arm-none.win32_1.16.0.201807130628/tools/compiler/bin/../lib/gcc/arm-none-eabi/7.2.1/thumb/v6-m/crti.o
 .bss           0x00000000        0x0 f:/stm32/plugins/fr.ac6.mcu.externaltools.arm-none.win32_1.16.0.201807130628/tools/compiler/bin/../lib/gcc/arm-none-eabi/7.2.1/thumb/v6-m/crti.o
 .data          0x00000000        0x4 f:/stm32/plugins/fr.ac6.mcu.externaltools.arm-none.win32_1.16.0.201807130628/tools/compiler/bin/../lib/gcc/arm-none-eabi/7.2.1/thumb/v6-m/crtbegin.o
 .text          0x00000000       0x78 f:/stm32/plugins/fr.ac6.mcu.externaltools.arm-none.win32_1.16.0.201807130628/tools/compiler/bin/../lib/gcc/arm-none-eabi/7.2.1/../../../../arm-none-eabi/lib/thumb/v6-m/crt0.o
 .data          0x00000000        0x0 f:/stm32/plugins/fr.ac6.mcu.externaltools.arm-none.win32_1.16.0.201807130628/tools/compiler/bin/../lib/gcc/arm-none-eabi/7.2.1/../../../../arm-none-eabi/lib/thumb/v6-m/crt0.o
 .bss           0x00000000        0x0 f:/stm32/plugins/fr.ac6.mcu.externaltools.arm-none.win32_1.16.0.201807130628/tools/compiler/bin/../lib/gcc/arm-none-eabi/7.2.1/../../../../arm-none-eabi/lib/thumb/v6-m/crt0.o
 .ARM.extab     0x00000000        0x0 f:/stm32/plugins/fr.ac6.mcu.externaltools.arm-none.win32_1.16.0.201807130628/tools/compiler/bin/../lib/gcc/arm-none-eabi/7.2.1/../../../../arm-none-eabi/lib/thumb/v6-m/crt0.o
 .ARM.exidx     0x00000000        0x8 f:/stm32/plugins/fr.ac6.mcu.externaltools.arm-none.win32_1.16.0.201807130628/tools/compiler/bin/../lib/gcc/arm-none-eabi/7.2.1/../../../../arm-none-eabi/lib/thumb/v6-m/crt0.o
 .ARM.attributes
                0x00000000       0x1b f:/stm32/plugins/fr.ac6.mcu.externaltools.arm-none.win32_1.16.0.201807130628/tools/compiler/bin/../lib/gcc/arm-none-eabi/7.2.1/../../../../arm-none-eabi/lib/thumb/v6-m/crt0.o
 .group         0x00000000        0xc src/delay.o
 .group         0x00000000        0xc src/delay.o
 .group         0x00000000        0xc src/delay.o
 .group         0x00000000        0xc src/delay.o
 .group         0x00000000        0xc src/delay.o
 .group         0x00000000        0xc src/delay.o
 .group         0x00000000        0xc src/delay.o
 .group         0x00000000        0xc src/delay.o
 .group         0x00000000        0xc src/delay.o
 .group         0x00000000        0xc src/delay.o
 .group         0x00000000        0xc src/delay.o
 .group         0x00000000        0xc src/delay.o
 .text          0x00000000        0x0 src/delay.o
 .data          0x00000000        0x0 src/delay.o
 .bss           0x00000000        0x0 src/delay.o
 .group         0x00000000        0xc src/main.o
 .group         0x00000000        0xc src/main.o
 .group         0x00000000        0xc src/main.o
 .group         0x00000000        0xc src/main.o
 .group         0x00000000        0xc src/main.o
 .group         0x00000000        0xc src/main.o
 .group         0x00000000        0xc src/main.o
 .group         0x00000000        0xc src/main.o
 .group         0x00000000        0xc src/main.o
 .group         0x00000000        0xc src/main.o
 .group         0x00000000        0xc src/main.o
 .group         0x00000000        0xc src/main.o
 .text          0x00000000        0x0 src/main.o
 .text.transmitByte
                0x00000000       0x30 src/main.o
 .text.reciveByte
                0x00000000       0x2c src/main.o
 .text.transmitFrame
                0x00000000       0x68 src/main.o
 .text.clear_buffer
                0x00000000       0x44 src/main.o
 .debug_macro   0x00000000      0xa54 src/main.o
 .debug_macro   0x00000000       0x81 src/main.o
 .debug_macro   0x00000000       0x3a src/main.o
 .debug_macro   0x00000000       0x22 src/main.o
 .debug_macro   0x00000000       0x87 src/main.o
 .debug_macro   0x00000000       0x51 src/main.o
 .debug_macro   0x00000000       0xef src/main.o
 .debug_macro   0x00000000       0x6a src/main.o
 .debug_macro   0x00000000      0x1df src/main.o
 .debug_macro   0x00000000       0x1f src/main.o
 .debug_macro   0x00000000      0x242 src/main.o
 .debug_macro   0x00000000     0x62f2 src/main.o
 .text          0x00000000       0x14 startup/startup_stm32.o
 .data          0x00000000        0x0 startup/startup_stm32.o
 .bss           0x00000000        0x0 startup/startup_stm32.o
 .group         0x00000000        0xc startup/sysmem.o
 .group         0x00000000        0xc startup/sysmem.o
 .group         0x00000000        0xc startup/sysmem.o
 .group         0x00000000        0xc startup/sysmem.o
 .group         0x00000000        0xc startup/sysmem.o
 .group         0x00000000        0xc startup/sysmem.o
 .group         0x00000000        0xc startup/sysmem.o
 .group         0x00000000        0xc startup/sysmem.o
 .group         0x00000000        0xc startup/sysmem.o
 .group         0x00000000        0xc startup/sysmem.o
 .group         0x00000000        0xc startup/sysmem.o
 .group         0x00000000        0xc startup/sysmem.o
 .group         0x00000000        0xc startup/sysmem.o
 .group         0x00000000        0xc startup/sysmem.o
 .group         0x00000000        0xc startup/sysmem.o
 .group         0x00000000        0xc startup/sysmem.o
 .group         0x00000000        0xc startup/sysmem.o
 .group         0x00000000        0xc startup/sysmem.o
 .group         0x00000000        0xc startup/sysmem.o
 .group         0x00000000        0xc startup/sysmem.o
 .group         0x00000000        0xc startup/sysmem.o
 .group         0x00000000        0xc startup/sysmem.o
 .group         0x00000000        0xc startup/sysmem.o
 .group         0x00000000        0xc startup/sysmem.o
 .group         0x00000000        0xc startup/sysmem.o
 .group         0x00000000        0xc startup/sysmem.o
 .group         0x00000000        0xc startup/sysmem.o
 .group         0x00000000        0xc startup/sysmem.o
 .group         0x00000000        0xc startup/sysmem.o
 .group         0x00000000        0xc startup/sysmem.o
 .group         0x00000000        0xc startup/sysmem.o
 .group         0x00000000        0xc startup/sysmem.o
 .text          0x00000000        0x0 startup/sysmem.o
 .data          0x00000000        0x0 startup/sysmem.o
 .bss           0x00000000        0x4 startup/sysmem.o
 .text._sbrk    0x00000000       0x58 startup/sysmem.o
 .debug_info    0x00000000      0x92c startup/sysmem.o
 .debug_abbrev  0x00000000      0x1f1 startup/sysmem.o
 .debug_aranges
                0x00000000       0x20 startup/sysmem.o
 .debug_ranges  0x00000000       0x10 startup/sysmem.o
 .debug_macro   0x00000000      0x1ae startup/sysmem.o
 .debug_macro   0x00000000      0xa54 startup/sysmem.o
 .debug_macro   0x00000000       0x10 startup/sysmem.o
 .debug_macro   0x00000000       0x22 startup/sysmem.o
 .debug_macro   0x00000000       0x52 startup/sysmem.o
 .debug_macro   0x00000000       0x17 startup/sysmem.o
 .debug_macro   0x00000000       0x8d startup/sysmem.o
 .debug_macro   0x00000000       0x35 startup/sysmem.o
 .debug_macro   0x00000000       0x9c startup/sysmem.o
 .debug_macro   0x00000000      0x174 startup/sysmem.o
 .debug_macro   0x00000000       0x57 startup/sysmem.o
 .debug_macro   0x00000000       0x58 startup/sysmem.o
 .debug_macro   0x00000000       0x1f startup/sysmem.o
 .debug_macro   0x00000000       0x43 startup/sysmem.o
 .debug_macro   0x00000000       0x20 startup/sysmem.o
 .debug_macro   0x00000000      0x18e startup/sysmem.o
 .debug_macro   0x00000000      0x23b startup/sysmem.o
 .debug_macro   0x00000000       0x16 startup/sysmem.o
 .debug_macro   0x00000000       0x35 startup/sysmem.o
 .debug_macro   0x00000000      0x330 startup/sysmem.o
 .debug_macro   0x00000000       0x10 startup/sysmem.o
 .debug_macro   0x00000000       0x10 startup/sysmem.o
 .debug_macro   0x00000000       0x6a startup/sysmem.o
 .debug_macro   0x00000000       0x1c startup/sysmem.o
 .debug_macro   0x00000000       0x52 startup/sysmem.o
 .debug_macro   0x00000000       0x40 startup/sysmem.o
 .debug_macro   0x00000000       0x10 startup/sysmem.o
 .debug_macro   0x00000000       0x40 startup/sysmem.o
 .debug_macro   0x00000000       0xd7 startup/sysmem.o
 .debug_macro   0x00000000       0x1c startup/sysmem.o
 .debug_macro   0x00000000       0x3d startup/sysmem.o
 .debug_macro   0x00000000       0x16 startup/sysmem.o
 .debug_macro   0x00000000      0x16f startup/sysmem.o
 .debug_line    0x00000000      0x3ae startup/sysmem.o
 .debug_str     0x00000000     0x7835 startup/sysmem.o
 .comment       0x00000000       0x7f startup/sysmem.o
 .debug_frame   0x00000000       0x30 startup/sysmem.o
 .ARM.attributes
                0x00000000       0x31 startup/sysmem.o
 .data          0x00000000        0x0 f:/stm32/plugins/fr.ac6.mcu.externaltools.arm-none.win32_1.16.0.201807130628/tools/compiler/bin/../lib/gcc/arm-none-eabi/7.2.1/thumb/v6-m\libgcc.a(_fixunssfsi.o)
 .bss           0x00000000        0x0 f:/stm32/plugins/fr.ac6.mcu.externaltools.arm-none.win32_1.16.0.201807130628/tools/compiler/bin/../lib/gcc/arm-none-eabi/7.2.1/thumb/v6-m\libgcc.a(_fixunssfsi.o)
 .data          0x00000000        0x0 f:/stm32/plugins/fr.ac6.mcu.externaltools.arm-none.win32_1.16.0.201807130628/tools/compiler/bin/../lib/gcc/arm-none-eabi/7.2.1/thumb/v6-m\libgcc.a(divsf3.o)
 .bss           0x00000000        0x0 f:/stm32/plugins/fr.ac6.mcu.externaltools.arm-none.win32_1.16.0.201807130628/tools/compiler/bin/../lib/gcc/arm-none-eabi/7.2.1/thumb/v6-m\libgcc.a(divsf3.o)
 .data          0x00000000        0x0 f:/stm32/plugins/fr.ac6.mcu.externaltools.arm-none.win32_1.16.0.201807130628/tools/compiler/bin/../lib/gcc/arm-none-eabi/7.2.1/thumb/v6-m\libgcc.a(mulsf3.o)
 .bss           0x00000000        0x0 f:/stm32/plugins/fr.ac6.mcu.externaltools.arm-none.win32_1.16.0.201807130628/tools/compiler/bin/../lib/gcc/arm-none-eabi/7.2.1/thumb/v6-m\libgcc.a(mulsf3.o)
 .data          0x00000000        0x0 f:/stm32/plugins/fr.ac6.mcu.externaltools.arm-none.win32_1.16.0.201807130628/tools/compiler/bin/../lib/gcc/arm-none-eabi/7.2.1/thumb/v6-m\libgcc.a(subsf3.o)
 .bss           0x00000000        0x0 f:/stm32/plugins/fr.ac6.mcu.externaltools.arm-none.win32_1.16.0.201807130628/tools/compiler/bin/../lib/gcc/arm-none-eabi/7.2.1/thumb/v6-m\libgcc.a(subsf3.o)
 .data          0x00000000        0x0 f:/stm32/plugins/fr.ac6.mcu.externaltools.arm-none.win32_1.16.0.201807130628/tools/compiler/bin/../lib/gcc/arm-none-eabi/7.2.1/thumb/v6-m\libgcc.a(fixsfsi.o)
 .bss           0x00000000        0x0 f:/stm32/plugins/fr.ac6.mcu.externaltools.arm-none.win32_1.16.0.201807130628/tools/compiler/bin/../lib/gcc/arm-none-eabi/7.2.1/thumb/v6-m\libgcc.a(fixsfsi.o)
 .data          0x00000000        0x0 f:/stm32/plugins/fr.ac6.mcu.externaltools.arm-none.win32_1.16.0.201807130628/tools/compiler/bin/../lib/gcc/arm-none-eabi/7.2.1/thumb/v6-m\libgcc.a(floatsisf.o)
 .bss           0x00000000        0x0 f:/stm32/plugins/fr.ac6.mcu.externaltools.arm-none.win32_1.16.0.201807130628/tools/compiler/bin/../lib/gcc/arm-none-eabi/7.2.1/thumb/v6-m\libgcc.a(floatsisf.o)
 .data          0x00000000        0x0 f:/stm32/plugins/fr.ac6.mcu.externaltools.arm-none.win32_1.16.0.201807130628/tools/compiler/bin/../lib/gcc/arm-none-eabi/7.2.1/thumb/v6-m\libgcc.a(_arm_cmpsf2.o)
 .bss           0x00000000        0x0 f:/stm32/plugins/fr.ac6.mcu.externaltools.arm-none.win32_1.16.0.201807130628/tools/compiler/bin/../lib/gcc/arm-none-eabi/7.2.1/thumb/v6-m\libgcc.a(_arm_cmpsf2.o)
 .data          0x00000000        0x0 f:/stm32/plugins/fr.ac6.mcu.externaltools.arm-none.win32_1.16.0.201807130628/tools/compiler/bin/../lib/gcc/arm-none-eabi/7.2.1/thumb/v6-m\libgcc.a(_clzsi2.o)
 .bss           0x00000000        0x0 f:/stm32/plugins/fr.ac6.mcu.externaltools.arm-none.win32_1.16.0.201807130628/tools/compiler/bin/../lib/gcc/arm-none-eabi/7.2.1/thumb/v6-m\libgcc.a(_clzsi2.o)
 .data          0x00000000        0x0 f:/stm32/plugins/fr.ac6.mcu.externaltools.arm-none.win32_1.16.0.201807130628/tools/compiler/bin/../lib/gcc/arm-none-eabi/7.2.1/thumb/v6-m\libgcc.a(eqsf2.o)
 .bss           0x00000000        0x0 f:/stm32/plugins/fr.ac6.mcu.externaltools.arm-none.win32_1.16.0.201807130628/tools/compiler/bin/../lib/gcc/arm-none-eabi/7.2.1/thumb/v6-m\libgcc.a(eqsf2.o)
 .data          0x00000000        0x0 f:/stm32/plugins/fr.ac6.mcu.externaltools.arm-none.win32_1.16.0.201807130628/tools/compiler/bin/../lib/gcc/arm-none-eabi/7.2.1/thumb/v6-m\libgcc.a(gesf2.o)
 .bss           0x00000000        0x0 f:/stm32/plugins/fr.ac6.mcu.externaltools.arm-none.win32_1.16.0.201807130628/tools/compiler/bin/../lib/gcc/arm-none-eabi/7.2.1/thumb/v6-m\libgcc.a(gesf2.o)
 .data          0x00000000        0x0 f:/stm32/plugins/fr.ac6.mcu.externaltools.arm-none.win32_1.16.0.201807130628/tools/compiler/bin/../lib/gcc/arm-none-eabi/7.2.1/thumb/v6-m\libgcc.a(lesf2.o)
 .bss           0x00000000        0x0 f:/stm32/plugins/fr.ac6.mcu.externaltools.arm-none.win32_1.16.0.201807130628/tools/compiler/bin/../lib/gcc/arm-none-eabi/7.2.1/thumb/v6-m\libgcc.a(lesf2.o)
 .text          0x00000000        0x0 f:/stm32/plugins/fr.ac6.mcu.externaltools.arm-none.win32_1.16.0.201807130628/tools/compiler/bin/../lib/gcc/arm-none-eabi/7.2.1/../../../../arm-none-eabi/lib/thumb/v6-m\libc.a(lib_a-errno.o)
 .data          0x00000000        0x0 f:/stm32/plugins/fr.ac6.mcu.externaltools.arm-none.win32_1.16.0.201807130628/tools/compiler/bin/../lib/gcc/arm-none-eabi/7.2.1/../../../../arm-none-eabi/lib/thumb/v6-m\libc.a(lib_a-errno.o)
 .bss           0x00000000        0x0 f:/stm32/plugins/fr.ac6.mcu.externaltools.arm-none.win32_1.16.0.201807130628/tools/compiler/bin/../lib/gcc/arm-none-eabi/7.2.1/../../../../arm-none-eabi/lib/thumb/v6-m\libc.a(lib_a-errno.o)
 .text.__errno  0x00000000        0xc f:/stm32/plugins/fr.ac6.mcu.externaltools.arm-none.win32_1.16.0.201807130628/tools/compiler/bin/../lib/gcc/arm-none-eabi/7.2.1/../../../../arm-none-eabi/lib/thumb/v6-m\libc.a(lib_a-errno.o)
 .debug_frame   0x00000000       0x20 f:/stm32/plugins/fr.ac6.mcu.externaltools.arm-none.win32_1.16.0.201807130628/tools/compiler/bin/../lib/gcc/arm-none-eabi/7.2.1/../../../../arm-none-eabi/lib/thumb/v6-m\libc.a(lib_a-errno.o)
 .ARM.attributes
                0x00000000       0x2c f:/stm32/plugins/fr.ac6.mcu.externaltools.arm-none.win32_1.16.0.201807130628/tools/compiler/bin/../lib/gcc/arm-none-eabi/7.2.1/../../../../arm-none-eabi/lib/thumb/v6-m\libc.a(lib_a-errno.o)
 .text          0x00000000        0x0 f:/stm32/plugins/fr.ac6.mcu.externaltools.arm-none.win32_1.16.0.201807130628/tools/compiler/bin/../lib/gcc/arm-none-eabi/7.2.1/../../../../arm-none-eabi/lib/thumb/v6-m\libc.a(lib_a-exit.o)
 .data          0x00000000        0x0 f:/stm32/plugins/fr.ac6.mcu.externaltools.arm-none.win32_1.16.0.201807130628/tools/compiler/bin/../lib/gcc/arm-none-eabi/7.2.1/../../../../arm-none-eabi/lib/thumb/v6-m\libc.a(lib_a-exit.o)
 .bss           0x00000000        0x0 f:/stm32/plugins/fr.ac6.mcu.externaltools.arm-none.win32_1.16.0.201807130628/tools/compiler/bin/../lib/gcc/arm-none-eabi/7.2.1/../../../../arm-none-eabi/lib/thumb/v6-m\libc.a(lib_a-exit.o)
 .text.exit     0x00000000       0x20 f:/stm32/plugins/fr.ac6.mcu.externaltools.arm-none.win32_1.16.0.201807130628/tools/compiler/bin/../lib/gcc/arm-none-eabi/7.2.1/../../../../arm-none-eabi/lib/thumb/v6-m\libc.a(lib_a-exit.o)
 .debug_frame   0x00000000       0x28 f:/stm32/plugins/fr.ac6.mcu.externaltools.arm-none.win32_1.16.0.201807130628/tools/compiler/bin/../lib/gcc/arm-none-eabi/7.2.1/../../../../arm-none-eabi/lib/thumb/v6-m\libc.a(lib_a-exit.o)
 .ARM.attributes
                0x00000000       0x2c f:/stm32/plugins/fr.ac6.mcu.externaltools.arm-none.win32_1.16.0.201807130628/tools/compiler/bin/../lib/gcc/arm-none-eabi/7.2.1/../../../../arm-none-eabi/lib/thumb/v6-m\libc.a(lib_a-exit.o)
 .text          0x00000000        0x0 f:/stm32/plugins/fr.ac6.mcu.externaltools.arm-none.win32_1.16.0.201807130628/tools/compiler/bin/../lib/gcc/arm-none-eabi/7.2.1/../../../../arm-none-eabi/lib/thumb/v6-m\libc.a(lib_a-impure.o)
 .data          0x00000000        0x0 f:/stm32/plugins/fr.ac6.mcu.externaltools.arm-none.win32_1.16.0.201807130628/tools/compiler/bin/../lib/gcc/arm-none-eabi/7.2.1/../../../../arm-none-eabi/lib/thumb/v6-m\libc.a(lib_a-impure.o)
 .bss           0x00000000        0x0 f:/stm32/plugins/fr.ac6.mcu.externaltools.arm-none.win32_1.16.0.201807130628/tools/compiler/bin/../lib/gcc/arm-none-eabi/7.2.1/../../../../arm-none-eabi/lib/thumb/v6-m\libc.a(lib_a-impure.o)
 .data._impure_ptr
                0x00000000        0x4 f:/stm32/plugins/fr.ac6.mcu.externaltools.arm-none.win32_1.16.0.201807130628/tools/compiler/bin/../lib/gcc/arm-none-eabi/7.2.1/../../../../arm-none-eabi/lib/thumb/v6-m\libc.a(lib_a-impure.o)
 .text          0x00000000        0x0 f:/stm32/plugins/fr.ac6.mcu.externaltools.arm-none.win32_1.16.0.201807130628/tools/compiler/bin/../lib/gcc/arm-none-eabi/7.2.1/../../../../arm-none-eabi/lib/thumb/v6-m\libc.a(lib_a-init.o)
 .data          0x00000000        0x0 f:/stm32/plugins/fr.ac6.mcu.externaltools.arm-none.win32_1.16.0.201807130628/tools/compiler/bin/../lib/gcc/arm-none-eabi/7.2.1/../../../../arm-none-eabi/lib/thumb/v6-m\libc.a(lib_a-init.o)
 .bss           0x00000000        0x0 f:/stm32/plugins/fr.ac6.mcu.externaltools.arm-none.win32_1.16.0.201807130628/tools/compiler/bin/../lib/gcc/arm-none-eabi/7.2.1/../../../../arm-none-eabi/lib/thumb/v6-m\libc.a(lib_a-init.o)
 .text          0x00000000        0x0 f:/stm32/plugins/fr.ac6.mcu.externaltools.arm-none.win32_1.16.0.201807130628/tools/compiler/bin/../lib/gcc/arm-none-eabi/7.2.1/../../../../arm-none-eabi/lib/thumb/v6-m\libc.a(lib_a-memset.o)
 .data          0x00000000        0x0 f:/stm32/plugins/fr.ac6.mcu.externaltools.arm-none.win32_1.16.0.201807130628/tools/compiler/bin/../lib/gcc/arm-none-eabi/7.2.1/../../../../arm-none-eabi/lib/thumb/v6-m\libc.a(lib_a-memset.o)
 .bss           0x00000000        0x0 f:/stm32/plugins/fr.ac6.mcu.externaltools.arm-none.win32_1.16.0.201807130628/tools/compiler/bin/../lib/gcc/arm-none-eabi/7.2.1/../../../../arm-none-eabi/lib/thumb/v6-m\libc.a(lib_a-memset.o)
 .text.memset   0x00000000       0x9c f:/stm32/plugins/fr.ac6.mcu.externaltools.arm-none.win32_1.16.0.201807130628/tools/compiler/bin/../lib/gcc/arm-none-eabi/7.2.1/../../../../arm-none-eabi/lib/thumb/v6-m\libc.a(lib_a-memset.o)
 .debug_frame   0x00000000       0x30 f:/stm32/plugins/fr.ac6.mcu.externaltools.arm-none.win32_1.16.0.201807130628/tools/compiler/bin/../lib/gcc/arm-none-eabi/7.2.1/../../../../arm-none-eabi/lib/thumb/v6-m\libc.a(lib_a-memset.o)
 .ARM.attributes
                0x00000000       0x2c f:/stm32/plugins/fr.ac6.mcu.externaltools.arm-none.win32_1.16.0.201807130628/tools/compiler/bin/../lib/gcc/arm-none-eabi/7.2.1/../../../../arm-none-eabi/lib/thumb/v6-m\libc.a(lib_a-memset.o)
 .text          0x00000000        0x0 f:/stm32/plugins/fr.ac6.mcu.externaltools.arm-none.win32_1.16.0.201807130628/tools/compiler/bin/../lib/gcc/arm-none-eabi/7.2.1/../../../../arm-none-eabi/lib/thumb/v6-m\libc.a(lib_a-__call_atexit.o)
 .data          0x00000000        0x0 f:/stm32/plugins/fr.ac6.mcu.externaltools.arm-none.win32_1.16.0.201807130628/tools/compiler/bin/../lib/gcc/arm-none-eabi/7.2.1/../../../../arm-none-eabi/lib/thumb/v6-m\libc.a(lib_a-__call_atexit.o)
 .bss           0x00000000        0x0 f:/stm32/plugins/fr.ac6.mcu.externaltools.arm-none.win32_1.16.0.201807130628/tools/compiler/bin/../lib/gcc/arm-none-eabi/7.2.1/../../../../arm-none-eabi/lib/thumb/v6-m\libc.a(lib_a-__call_atexit.o)
 .text.__call_exitprocs
                0x00000000      0x118 f:/stm32/plugins/fr.ac6.mcu.externaltools.arm-none.win32_1.16.0.201807130628/tools/compiler/bin/../lib/gcc/arm-none-eabi/7.2.1/../../../../arm-none-eabi/lib/thumb/v6-m\libc.a(lib_a-__call_atexit.o)
 .text          0x00000000        0x0 f:/stm32/plugins/fr.ac6.mcu.externaltools.arm-none.win32_1.16.0.201807130628/tools/compiler/bin/../lib/gcc/arm-none-eabi/7.2.1/../../../../arm-none-eabi/lib/thumb/v6-m\libc.a(lib_a-atexit.o)
 .data          0x00000000        0x0 f:/stm32/plugins/fr.ac6.mcu.externaltools.arm-none.win32_1.16.0.201807130628/tools/compiler/bin/../lib/gcc/arm-none-eabi/7.2.1/../../../../arm-none-eabi/lib/thumb/v6-m\libc.a(lib_a-atexit.o)
 .bss           0x00000000        0x0 f:/stm32/plugins/fr.ac6.mcu.externaltools.arm-none.win32_1.16.0.201807130628/tools/compiler/bin/../lib/gcc/arm-none-eabi/7.2.1/../../../../arm-none-eabi/lib/thumb/v6-m\libc.a(lib_a-atexit.o)
 .text          0x00000000        0x0 f:/stm32/plugins/fr.ac6.mcu.externaltools.arm-none.win32_1.16.0.201807130628/tools/compiler/bin/../lib/gcc/arm-none-eabi/7.2.1/../../../../arm-none-eabi/lib/thumb/v6-m\libc.a(lib_a-fini.o)
 .data          0x00000000        0x0 f:/stm32/plugins/fr.ac6.mcu.externaltools.arm-none.win32_1.16.0.201807130628/tools/compiler/bin/../lib/gcc/arm-none-eabi/7.2.1/../../../../arm-none-eabi/lib/thumb/v6-m\libc.a(lib_a-fini.o)
 .bss           0x00000000        0x0 f:/stm32/plugins/fr.ac6.mcu.externaltools.arm-none.win32_1.16.0.201807130628/tools/compiler/bin/../lib/gcc/arm-none-eabi/7.2.1/../../../../arm-none-eabi/lib/thumb/v6-m\libc.a(lib_a-fini.o)
 .text          0x00000000        0x0 f:/stm32/plugins/fr.ac6.mcu.externaltools.arm-none.win32_1.16.0.201807130628/tools/compiler/bin/../lib/gcc/arm-none-eabi/7.2.1/../../../../arm-none-eabi/lib/thumb/v6-m\libc.a(lib_a-lock.o)
 .data          0x00000000        0x0 f:/stm32/plugins/fr.ac6.mcu.externaltools.arm-none.win32_1.16.0.201807130628/tools/compiler/bin/../lib/gcc/arm-none-eabi/7.2.1/../../../../arm-none-eabi/lib/thumb/v6-m\libc.a(lib_a-lock.o)
 .bss           0x00000000        0x0 f:/stm32/plugins/fr.ac6.mcu.externaltools.arm-none.win32_1.16.0.201807130628/tools/compiler/bin/../lib/gcc/arm-none-eabi/7.2.1/../../../../arm-none-eabi/lib/thumb/v6-m\libc.a(lib_a-lock.o)
 .text.__retarget_lock_init
                0x00000000        0x4 f:/stm32/plugins/fr.ac6.mcu.externaltools.arm-none.win32_1.16.0.201807130628/tools/compiler/bin/../lib/gcc/arm-none-eabi/7.2.1/../../../../arm-none-eabi/lib/thumb/v6-m\libc.a(lib_a-lock.o)
 .text.__retarget_lock_init_recursive
                0x00000000        0x4 f:/stm32/plugins/fr.ac6.mcu.externaltools.arm-none.win32_1.16.0.201807130628/tools/compiler/bin/../lib/gcc/arm-none-eabi/7.2.1/../../../../arm-none-eabi/lib/thumb/v6-m\libc.a(lib_a-lock.o)
 .text.__retarget_lock_close
                0x00000000        0x4 f:/stm32/plugins/fr.ac6.mcu.externaltools.arm-none.win32_1.16.0.201807130628/tools/compiler/bin/../lib/gcc/arm-none-eabi/7.2.1/../../../../arm-none-eabi/lib/thumb/v6-m\libc.a(lib_a-lock.o)
 .text.__retarget_lock_close_recursive
                0x00000000        0x4 f:/stm32/plugins/fr.ac6.mcu.externaltools.arm-none.win32_1.16.0.201807130628/tools/compiler/bin/../lib/gcc/arm-none-eabi/7.2.1/../../../../arm-none-eabi/lib/thumb/v6-m\libc.a(lib_a-lock.o)
 .text.__retarget_lock_acquire
                0x00000000        0x4 f:/stm32/plugins/fr.ac6.mcu.externaltools.arm-none.win32_1.16.0.201807130628/tools/compiler/bin/../lib/gcc/arm-none-eabi/7.2.1/../../../../arm-none-eabi/lib/thumb/v6-m\libc.a(lib_a-lock.o)
 .text.__retarget_lock_try_acquire
                0x00000000        0x4 f:/stm32/plugins/fr.ac6.mcu.externaltools.arm-none.win32_1.16.0.201807130628/tools/compiler/bin/../lib/gcc/arm-none-eabi/7.2.1/../../../../arm-none-eabi/lib/thumb/v6-m\libc.a(lib_a-lock.o)
 .text.__retarget_lock_try_acquire_recursive
                0x00000000        0x4 f:/stm32/plugins/fr.ac6.mcu.externaltools.arm-none.win32_1.16.0.201807130628/tools/compiler/bin/../lib/gcc/arm-none-eabi/7.2.1/../../../../arm-none-eabi/lib/thumb/v6-m\libc.a(lib_a-lock.o)
 .text.__retarget_lock_release
                0x00000000        0x4 f:/stm32/plugins/fr.ac6.mcu.externaltools.arm-none.win32_1.16.0.201807130628/tools/compiler/bin/../lib/gcc/arm-none-eabi/7.2.1/../../../../arm-none-eabi/lib/thumb/v6-m\libc.a(lib_a-lock.o)
 .text          0x00000000        0x0 f:/stm32/plugins/fr.ac6.mcu.externaltools.arm-none.win32_1.16.0.201807130628/tools/compiler/bin/../lib/gcc/arm-none-eabi/7.2.1/../../../../arm-none-eabi/lib/thumb/v6-m\libc.a(lib_a-__atexit.o)
 .data          0x00000000        0x0 f:/stm32/plugins/fr.ac6.mcu.externaltools.arm-none.win32_1.16.0.201807130628/tools/compiler/bin/../lib/gcc/arm-none-eabi/7.2.1/../../../../arm-none-eabi/lib/thumb/v6-m\libc.a(lib_a-__atexit.o)
 .bss           0x00000000        0x0 f:/stm32/plugins/fr.ac6.mcu.externaltools.arm-none.win32_1.16.0.201807130628/tools/compiler/bin/../lib/gcc/arm-none-eabi/7.2.1/../../../../arm-none-eabi/lib/thumb/v6-m\libc.a(lib_a-__atexit.o)
 .text          0x00000000        0x0 f:/stm32/plugins/fr.ac6.mcu.externaltools.arm-none.win32_1.16.0.201807130628/tools/compiler/bin/../lib/gcc/arm-none-eabi/7.2.1/thumb/v6-m/crtend.o
 .data          0x00000000        0x0 f:/stm32/plugins/fr.ac6.mcu.externaltools.arm-none.win32_1.16.0.201807130628/tools/compiler/bin/../lib/gcc/arm-none-eabi/7.2.1/thumb/v6-m/crtend.o
 .bss           0x00000000        0x0 f:/stm32/plugins/fr.ac6.mcu.externaltools.arm-none.win32_1.16.0.201807130628/tools/compiler/bin/../lib/gcc/arm-none-eabi/7.2.1/thumb/v6-m/crtend.o
 .eh_frame      0x00000000        0x4 f:/stm32/plugins/fr.ac6.mcu.externaltools.arm-none.win32_1.16.0.201807130628/tools/compiler/bin/../lib/gcc/arm-none-eabi/7.2.1/thumb/v6-m/crtend.o
 .ARM.attributes
                0x00000000       0x2c f:/stm32/plugins/fr.ac6.mcu.externaltools.arm-none.win32_1.16.0.201807130628/tools/compiler/bin/../lib/gcc/arm-none-eabi/7.2.1/thumb/v6-m/crtend.o
 .text          0x00000000        0x0 f:/stm32/plugins/fr.ac6.mcu.externaltools.arm-none.win32_1.16.0.201807130628/tools/compiler/bin/../lib/gcc/arm-none-eabi/7.2.1/thumb/v6-m/crtn.o
 .data          0x00000000        0x0 f:/stm32/plugins/fr.ac6.mcu.externaltools.arm-none.win32_1.16.0.201807130628/tools/compiler/bin/../lib/gcc/arm-none-eabi/7.2.1/thumb/v6-m/crtn.o
 .bss           0x00000000        0x0 f:/stm32/plugins/fr.ac6.mcu.externaltools.arm-none.win32_1.16.0.201807130628/tools/compiler/bin/../lib/gcc/arm-none-eabi/7.2.1/thumb/v6-m/crtn.o

Memory Configuration

Name             Origin             Length             Attributes
RAM              0x20000000         0x00001000         xrw
ROM              0x08000000         0x00004000         xr
*default*        0x00000000         0xffffffff

Linker script and memory map

LOAD f:/stm32/plugins/fr.ac6.mcu.externaltools.arm-none.win32_1.16.0.201807130628/tools/compiler/bin/../lib/gcc/arm-none-eabi/7.2.1/thumb/v6-m/crti.o
LOAD f:/stm32/plugins/fr.ac6.mcu.externaltools.arm-none.win32_1.16.0.201807130628/tools/compiler/bin/../lib/gcc/arm-none-eabi/7.2.1/thumb/v6-m/crtbegin.o
LOAD f:/stm32/plugins/fr.ac6.mcu.externaltools.arm-none.win32_1.16.0.201807130628/tools/compiler/bin/../lib/gcc/arm-none-eabi/7.2.1/../../../../arm-none-eabi/lib/thumb/v6-m/crt0.o
LOAD src/delay.o
LOAD src/main.o
LOAD startup/startup_stm32.o
LOAD startup/sysmem.o
LOAD f:/stm32/plugins/fr.ac6.mcu.externaltools.arm-none.win32_1.16.0.201807130628/tools/compiler/bin/../lib/gcc/arm-none-eabi/7.2.1/../../../../arm-none-eabi/lib/thumb/v6-m\libstdc++.a
LOAD f:/stm32/plugins/fr.ac6.mcu.externaltools.arm-none.win32_1.16.0.201807130628/tools/compiler/bin/../lib/gcc/arm-none-eabi/7.2.1/../../../../arm-none-eabi/lib/thumb/v6-m\libm.a
START GROUP
LOAD f:/stm32/plugins/fr.ac6.mcu.externaltools.arm-none.win32_1.16.0.201807130628/tools/compiler/bin/../lib/gcc/arm-none-eabi/7.2.1/thumb/v6-m\libgcc.a
LOAD f:/stm32/plugins/fr.ac6.mcu.externaltools.arm-none.win32_1.16.0.201807130628/tools/compiler/bin/../lib/gcc/arm-none-eabi/7.2.1/../../../../arm-none-eabi/lib/thumb/v6-m\libc.a
END GROUP
LOAD f:/stm32/plugins/fr.ac6.mcu.externaltools.arm-none.win32_1.16.0.201807130628/tools/compiler/bin/../lib/gcc/arm-none-eabi/7.2.1/thumb/v6-m/crtend.o
LOAD f:/stm32/plugins/fr.ac6.mcu.externaltools.arm-none.win32_1.16.0.201807130628/tools/compiler/bin/../lib/gcc/arm-none-eabi/7.2.1/thumb/v6-m/crtn.o
                0x20001000                _estack = 0x20001000
                0x00000000                _Min_Heap_Size = 0x0
                0x00000400                _Min_Stack_Size = 0x400

.isr_vector     0x08000000       0xc0
                0x08000000                . = ALIGN (0x4)
 *(.isr_vector)
 .isr_vector    0x08000000       0xc0 startup/startup_stm32.o
                0x08000000                g_pfnVectors
                0x080000c0                . = ALIGN (0x4)

.text           0x080000c0     0x1b14
                0x080000c0                . = ALIGN (0x4)
 *(.text)
 .text          0x080000c0       0x48 f:/stm32/plugins/fr.ac6.mcu.externaltools.arm-none.win32_1.16.0.201807130628/tools/compiler/bin/../lib/gcc/arm-none-eabi/7.2.1/thumb/v6-m/crtbegin.o
 .text          0x08000108       0x30 f:/stm32/plugins/fr.ac6.mcu.externaltools.arm-none.win32_1.16.0.201807130628/tools/compiler/bin/../lib/gcc/arm-none-eabi/7.2.1/thumb/v6-m\libgcc.a(_fixunssfsi.o)
                0x08000108                __fixunssfsi
                0x08000108                __aeabi_f2uiz
 .text          0x08000138      0x224 f:/stm32/plugins/fr.ac6.mcu.externaltools.arm-none.win32_1.16.0.201807130628/tools/compiler/bin/../lib/gcc/arm-none-eabi/7.2.1/thumb/v6-m\libgcc.a(divsf3.o)
                0x08000138                __aeabi_fdiv
 .text          0x0800035c      0x264 f:/stm32/plugins/fr.ac6.mcu.externaltools.arm-none.win32_1.16.0.201807130628/tools/compiler/bin/../lib/gcc/arm-none-eabi/7.2.1/thumb/v6-m\libgcc.a(mulsf3.o)
                0x0800035c                __aeabi_fmul
 .text          0x080005c0      0x388 f:/stm32/plugins/fr.ac6.mcu.externaltools.arm-none.win32_1.16.0.201807130628/tools/compiler/bin/../lib/gcc/arm-none-eabi/7.2.1/thumb/v6-m\libgcc.a(subsf3.o)
                0x080005c0                __aeabi_fsub
 .text          0x08000948       0x40 f:/stm32/plugins/fr.ac6.mcu.externaltools.arm-none.win32_1.16.0.201807130628/tools/compiler/bin/../lib/gcc/arm-none-eabi/7.2.1/thumb/v6-m\libgcc.a(fixsfsi.o)
                0x08000948                __aeabi_f2iz
 .text          0x08000988       0x94 f:/stm32/plugins/fr.ac6.mcu.externaltools.arm-none.win32_1.16.0.201807130628/tools/compiler/bin/../lib/gcc/arm-none-eabi/7.2.1/thumb/v6-m\libgcc.a(floatsisf.o)
                0x08000988                __aeabi_i2f
 .text          0x08000a1c       0x74 f:/stm32/plugins/fr.ac6.mcu.externaltools.arm-none.win32_1.16.0.201807130628/tools/compiler/bin/../lib/gcc/arm-none-eabi/7.2.1/thumb/v6-m\libgcc.a(_arm_cmpsf2.o)
                0x08000a1c                __aeabi_cfrcmple
                0x08000a24                __aeabi_cfcmpeq
                0x08000a24                __aeabi_cfcmple
                0x08000a34                __aeabi_fcmpeq
                0x08000a40                __aeabi_fcmplt
                0x08000a54                __aeabi_fcmple
                0x08000a68                __aeabi_fcmpgt
                0x08000a7c                __aeabi_fcmpge
 .text          0x08000a90       0x3c f:/stm32/plugins/fr.ac6.mcu.externaltools.arm-none.win32_1.16.0.201807130628/tools/compiler/bin/../lib/gcc/arm-none-eabi/7.2.1/thumb/v6-m\libgcc.a(_clzsi2.o)
                0x08000a90                __clzsi2
 .text          0x08000acc       0x50 f:/stm32/plugins/fr.ac6.mcu.externaltools.arm-none.win32_1.16.0.201807130628/tools/compiler/bin/../lib/gcc/arm-none-eabi/7.2.1/thumb/v6-m\libgcc.a(eqsf2.o)
                0x08000acc                __eqsf2
                0x08000acc                __nesf2
 .text          0x08000b1c       0x9c f:/stm32/plugins/fr.ac6.mcu.externaltools.arm-none.win32_1.16.0.201807130628/tools/compiler/bin/../lib/gcc/arm-none-eabi/7.2.1/thumb/v6-m\libgcc.a(gesf2.o)
                0x08000b1c                __gesf2
                0x08000b1c                __gtsf2
 .text          0x08000bb8       0xa0 f:/stm32/plugins/fr.ac6.mcu.externaltools.arm-none.win32_1.16.0.201807130628/tools/compiler/bin/../lib/gcc/arm-none-eabi/7.2.1/thumb/v6-m\libgcc.a(lesf2.o)
                0x08000bb8                __ltsf2
                0x08000bb8                __lesf2
 *(.text*)
 .text.wait_init
                0x08000c58       0x38 src/delay.o
                0x08000c58                wait_init
 .text.waitus   0x08000c90       0x34 src/delay.o
                0x08000c90                waitus
 .text.waitms   0x08000cc4       0x26 src/delay.o
                0x08000cc4                waitms
 *fill*         0x08000cea        0x2 
 .text.main     0x08000cec      0x1a4 src/main.o
                0x08000cec                main
 .text.efekt1   0x08000e90      0x6f4 src/main.o
                0x08000e90                efekt1
 .text.spiTx    0x08001584       0x30 src/main.o
                0x08001584                spiTx
 .text.set_pixel
                0x080015b4       0xb0 src/main.o
                0x080015b4                set_pixel
 .text.flush_leds
                0x08001664       0x44 src/main.o
                0x08001664                flush_leds
 .text.initUsart
                0x080016a8       0xb4 src/main.o
                0x080016a8                initUsart
 .text.reciveFrame
                0x0800175c      0x26c src/main.o
                0x0800175c                reciveFrame
 .text.Reset_Handler
                0x080019c8       0x50 startup/startup_stm32.o
                0x080019c8                Reset_Handler
 .text.Default_Handler
                0x08001a18        0x2 startup/startup_stm32.o
                0x08001a18                TIM1_CC_IRQHandler
                0x08001a18                HardFault_Handler
                0x08001a18                TIM6_IRQHandler
                0x08001a18                SysTick_Handler
                0x08001a18                PVD_IRQHandler
                0x08001a18                PendSV_Handler
                0x08001a18                NMI_Handler
                0x08001a18                I2C1_IRQHandler
                0x08001a18                SPI1_IRQHandler
                0x08001a18                EXTI2_3_IRQHandler
                0x08001a18                I2C2_IRQHandler
                0x08001a18                TIM17_IRQHandler
                0x08001a18                RTC_IRQHandler
                0x08001a18                TIM16_IRQHandler
                0x08001a18                TIM3_IRQHandler
                0x08001a18                EXTI4_15_IRQHandler
                0x08001a18                RCC_IRQHandler
                0x08001a18                Default_Handler
                0x08001a18                TIM14_IRQHandler
                0x08001a18                ADC_IRQHandler
                0x08001a18                DMA1_CH2_3_IRQHandler
                0x08001a18                TIM15_IRQHandler
                0x08001a18                EXTI0_1_IRQHandler
                0x08001a18                USB_IRQHandler
                0x08001a18                SPI2_IRQHandler
                0x08001a18                DMA1_CH1_IRQHandler
                0x08001a18                SVC_Handler
                0x08001a18                DMA1_CH4_5_IRQHandler
                0x08001a18                WWDG_IRQHandler
                0x08001a18                USART2_IRQHandler
                0x08001a18                FLASH_IRQHandler
                0x08001a18                USART1_IRQHandler
                0x08001a18                TIM1_BRK_UP_TRG_COM_IRQHandler
                0x08001a18                USART3_4_5_6_IRQHandler
 *fill*         0x08001a1a        0x2 
 .text.__libc_init_array
                0x08001a1c       0x48 f:/stm32/plugins/fr.ac6.mcu.externaltools.arm-none.win32_1.16.0.201807130628/tools/compiler/bin/../lib/gcc/arm-none-eabi/7.2.1/../../../../arm-none-eabi/lib/thumb/v6-m\libc.a(lib_a-init.o)
                0x08001a1c                __libc_init_array
 .text.startup.register_fini
                0x08001a64       0x18 f:/stm32/plugins/fr.ac6.mcu.externaltools.arm-none.win32_1.16.0.201807130628/tools/compiler/bin/../lib/gcc/arm-none-eabi/7.2.1/../../../../arm-none-eabi/lib/thumb/v6-m\libc.a(lib_a-__call_atexit.o)
 .text.atexit   0x08001a7c       0x10 f:/stm32/plugins/fr.ac6.mcu.externaltools.arm-none.win32_1.16.0.201807130628/tools/compiler/bin/../lib/gcc/arm-none-eabi/7.2.1/../../../../arm-none-eabi/lib/thumb/v6-m\libc.a(lib_a-atexit.o)
                0x08001a7c                atexit
 .text.__libc_fini_array
                0x08001a8c       0x34 f:/stm32/plugins/fr.ac6.mcu.externaltools.arm-none.win32_1.16.0.201807130628/tools/compiler/bin/../lib/gcc/arm-none-eabi/7.2.1/../../../../arm-none-eabi/lib/thumb/v6-m\libc.a(lib_a-fini.o)
                0x08001a8c                __libc_fini_array
 .text.__retarget_lock_acquire_recursive
                0x08001ac0        0x4 f:/stm32/plugins/fr.ac6.mcu.externaltools.arm-none.win32_1.16.0.201807130628/tools/compiler/bin/../lib/gcc/arm-none-eabi/7.2.1/../../../../arm-none-eabi/lib/thumb/v6-m\libc.a(lib_a-lock.o)
                0x08001ac0                __retarget_lock_acquire_recursive
 .text.__retarget_lock_release_recursive
                0x08001ac4        0x4 f:/stm32/plugins/fr.ac6.mcu.externaltools.arm-none.win32_1.16.0.201807130628/tools/compiler/bin/../lib/gcc/arm-none-eabi/7.2.1/../../../../arm-none-eabi/lib/thumb/v6-m\libc.a(lib_a-lock.o)
                0x08001ac4                __retarget_lock_release_recursive
 .text.__register_exitproc
                0x08001ac8       0xf4 f:/stm32/plugins/fr.ac6.mcu.externaltools.arm-none.win32_1.16.0.201807130628/tools/compiler/bin/../lib/gcc/arm-none-eabi/7.2.1/../../../../arm-none-eabi/lib/thumb/v6-m\libc.a(lib_a-__atexit.o)
                0x08001ac8                __register_exitproc
 *(.glue_7)
 .glue_7        0x08001bbc        0x0 linker stubs
 *(.glue_7t)
 .glue_7t       0x08001bbc        0x0 linker stubs
 *(.eh_frame)
 .eh_frame      0x08001bbc        0x0 f:/stm32/plugins/fr.ac6.mcu.externaltools.arm-none.win32_1.16.0.201807130628/tools/compiler/bin/../lib/gcc/arm-none-eabi/7.2.1/thumb/v6-m/crtbegin.o
 *(.init)
 .init          0x08001bbc        0x4 f:/stm32/plugins/fr.ac6.mcu.externaltools.arm-none.win32_1.16.0.201807130628/tools/compiler/bin/../lib/gcc/arm-none-eabi/7.2.1/thumb/v6-m/crti.o
                0x08001bbc                _init
 .init          0x08001bc0        0x8 f:/stm32/plugins/fr.ac6.mcu.externaltools.arm-none.win32_1.16.0.201807130628/tools/compiler/bin/../lib/gcc/arm-none-eabi/7.2.1/thumb/v6-m/crtn.o
 *(.fini)
 .fini          0x08001bc8        0x4 f:/stm32/plugins/fr.ac6.mcu.externaltools.arm-none.win32_1.16.0.201807130628/tools/compiler/bin/../lib/gcc/arm-none-eabi/7.2.1/thumb/v6-m/crti.o
                0x08001bc8                _fini
 .fini          0x08001bcc        0x8 f:/stm32/plugins/fr.ac6.mcu.externaltools.arm-none.win32_1.16.0.201807130628/tools/compiler/bin/../lib/gcc/arm-none-eabi/7.2.1/thumb/v6-m/crtn.o
                0x08001bd4                . = ALIGN (0x4)
                0x08001bd4                _etext = .

.vfp11_veneer   0x08001bd4        0x0
 .vfp11_veneer  0x08001bd4        0x0 linker stubs

.v4_bx          0x08001bd4        0x0
 .v4_bx         0x08001bd4        0x0 linker stubs

.iplt           0x08001bd4        0x0
 .iplt          0x08001bd4        0x0 f:/stm32/plugins/fr.ac6.mcu.externaltools.arm-none.win32_1.16.0.201807130628/tools/compiler/bin/../lib/gcc/arm-none-eabi/7.2.1/thumb/v6-m/crtbegin.o

.rodata         0x08001bd4       0xc4
                0x08001bd4                . = ALIGN (0x4)
 *(.rodata)
 .rodata        0x08001bd4       0x80 f:/stm32/plugins/fr.ac6.mcu.externaltools.arm-none.win32_1.16.0.201807130628/tools/compiler/bin/../lib/gcc/arm-none-eabi/7.2.1/thumb/v6-m\libgcc.a(divsf3.o)
 .rodata        0x08001c54       0x40 f:/stm32/plugins/fr.ac6.mcu.externaltools.arm-none.win32_1.16.0.201807130628/tools/compiler/bin/../lib/gcc/arm-none-eabi/7.2.1/thumb/v6-m\libgcc.a(mulsf3.o)
 *(.rodata*)
 .rodata._global_impure_ptr
                0x08001c94        0x4 f:/stm32/plugins/fr.ac6.mcu.externaltools.arm-none.win32_1.16.0.201807130628/tools/compiler/bin/../lib/gcc/arm-none-eabi/7.2.1/../../../../arm-none-eabi/lib/thumb/v6-m\libc.a(lib_a-impure.o)
                0x08001c94                _global_impure_ptr
                0x08001c98                . = ALIGN (0x4)

.rel.dyn        0x08001c98        0x0
 .rel.iplt      0x08001c98        0x0 f:/stm32/plugins/fr.ac6.mcu.externaltools.arm-none.win32_1.16.0.201807130628/tools/compiler/bin/../lib/gcc/arm-none-eabi/7.2.1/thumb/v6-m/crtbegin.o

.ARM.extab      0x08001c98        0x0
                0x08001c98                . = ALIGN (0x4)
 *(.ARM.extab* .gnu.linkonce.armextab.*)
                0x08001c98                . = ALIGN (0x4)

.ARM            0x08001c98        0x0
                0x08001c98                . = ALIGN (0x4)
                0x08001c98                __exidx_start = .
 *(.ARM.exidx*)
                0x08001c98                __exidx_end = .
                0x08001c98                . = ALIGN (0x4)

.preinit_array  0x08001c98        0x0
                0x08001c98                . = ALIGN (0x4)
                0x08001c98                PROVIDE (__preinit_array_start, .)
 *(.preinit_array*)
                0x08001c98                PROVIDE (__preinit_array_end, .)
                0x08001c98                . = ALIGN (0x4)

.init_array     0x08001c98        0x8
                0x08001c98                . = ALIGN (0x4)
                0x08001c98                PROVIDE (__init_array_start, .)
 *(SORT_BY_NAME(.init_array.*))
 .init_array.00000
                0x08001c98        0x4 f:/stm32/plugins/fr.ac6.mcu.externaltools.arm-none.win32_1.16.0.201807130628/tools/compiler/bin/../lib/gcc/arm-none-eabi/7.2.1/../../../../arm-none-eabi/lib/thumb/v6-m\libc.a(lib_a-__call_atexit.o)
 *(.init_array*)
 .init_array    0x08001c9c        0x4 f:/stm32/plugins/fr.ac6.mcu.externaltools.arm-none.win32_1.16.0.201807130628/tools/compiler/bin/../lib/gcc/arm-none-eabi/7.2.1/thumb/v6-m/crtbegin.o
                0x08001ca0                PROVIDE (__init_array_end, .)
                0x08001ca0                . = ALIGN (0x4)

.fini_array     0x08001ca0        0x4
                0x08001ca0                . = ALIGN (0x4)
                0x08001ca0                PROVIDE (__fini_array_start, .)
 *(SORT_BY_NAME(.fini_array.*))
 *(.fini_array*)
 .fini_array    0x08001ca0        0x4 f:/stm32/plugins/fr.ac6.mcu.externaltools.arm-none.win32_1.16.0.201807130628/tools/compiler/bin/../lib/gcc/arm-none-eabi/7.2.1/thumb/v6-m/crtbegin.o
                0x08001ca4                PROVIDE (__fini_array_end, .)
                0x08001ca4                . = ALIGN (0x4)
                0x08001ca4                _sidata = LOADADDR (.data)

.data           0x20000000      0x434 load address 0x08001ca4
                0x20000000                . = ALIGN (0x4)
                0x20000000                _sdata = .
 *(.data)
 .data          0x20000000        0x8 src/main.o
                0x20000000                timeout_val
                0x20000004                jasnosc
 *(.data*)
 .data.impure_data
                0x20000008      0x428 f:/stm32/plugins/fr.ac6.mcu.externaltools.arm-none.win32_1.16.0.201807130628/tools/compiler/bin/../lib/gcc/arm-none-eabi/7.2.1/../../../../arm-none-eabi/lib/thumb/v6-m\libc.a(lib_a-impure.o)
 .data.__atexit_recursive_mutex
                0x20000430        0x4 f:/stm32/plugins/fr.ac6.mcu.externaltools.arm-none.win32_1.16.0.201807130628/tools/compiler/bin/../lib/gcc/arm-none-eabi/7.2.1/../../../../arm-none-eabi/lib/thumb/v6-m\libc.a(lib_a-__call_atexit.o)
                0x20000430                __atexit_recursive_mutex
                0x20000434                . = ALIGN (0x4)
                0x20000434                _edata = .

.igot.plt       0x20000434        0x0 load address 0x080020d8
 .igot.plt      0x20000434        0x0 f:/stm32/plugins/fr.ac6.mcu.externaltools.arm-none.win32_1.16.0.201807130628/tools/compiler/bin/../lib/gcc/arm-none-eabi/7.2.1/thumb/v6-m/crtbegin.o
                0x20000434                . = ALIGN (0x4)

.bss            0x20000434       0x74 load address 0x080020d8
                0x20000434                _sbss = .
                0x20000434                __bss_start__ = _sbss
 *(.bss)
 .bss           0x20000434       0x1c f:/stm32/plugins/fr.ac6.mcu.externaltools.arm-none.win32_1.16.0.201807130628/tools/compiler/bin/../lib/gcc/arm-none-eabi/7.2.1/thumb/v6-m/crtbegin.o
 .bss           0x20000450       0x28 src/main.o
                0x20000450                jasnosc_wsp
                0x20000454                i
                0x20000455                j
                0x20000456                x
                0x20000457                znakSTART
                0x20000458                znakSTOP
                0x20000459                tempomat
                0x2000045a                tryb
                0x2000045c                timeout
                0x20000460                ICON1
                0x20000461                ICON2
                0x20000462                ICON3
                0x20000463                ICON4
                0x20000464                ICON5
                0x20000465                ICON6
                0x20000466                ICON7
                0x20000467                ICON8
                0x20000468                ICON9
                0x20000469                ICON10
                0x2000046a                ICON11
                0x2000046b                ICON12
                0x2000046c                ICON13
                0x2000046d                ICON14
                0x2000046e                ICON15
                0x2000046f                ICON16
                0x20000470                speed
                0x20000471                speed_lim
                0x20000472                battery
                0x20000473                power
                0x20000474                charging
                0x20000475                mode
                0x20000476                LED1
                0x20000477                LED2
 *(.bss*)
 *(COMMON)
 COMMON         0x20000478        0x9 src/main.o
                0x20000478                tx_buf
 *fill*         0x20000481        0x3 
 COMMON         0x20000484       0x21 f:/stm32/plugins/fr.ac6.mcu.externaltools.arm-none.win32_1.16.0.201807130628/tools/compiler/bin/../lib/gcc/arm-none-eabi/7.2.1/../../../../arm-none-eabi/lib/thumb/v6-m\libc.a(lib_a-lock.o)
                0x20000484                __lock___atexit_recursive_mutex
                0x20000488                __lock___arc4random_mutex
                0x2000048c                __lock___env_recursive_mutex
                0x20000490                __lock___sinit_recursive_mutex
                0x20000494                __lock___malloc_recursive_mutex
                0x20000498                __lock___at_quick_exit_mutex
                0x2000049c                __lock___dd_hash_mutex
                0x200004a0                __lock___tz_mutex
                0x200004a4                __lock___sfp_recursive_mutex
                0x200004a8                . = ALIGN (0x4)
 *fill*         0x200004a5        0x3 
                0x200004a8                _ebss = .
                0x200004a8                __bss_end__ = _ebss

._user_heap_stack
                0x200004a8      0x400 load address 0x080020d8
                0x200004a8                . = ALIGN (0x8)
                0x200004a8                PROVIDE (end, .)
                [!provide]                PROVIDE (_end, .)
                0x200004a8                . = (. + _Min_Heap_Size)
                0x200008a8                . = (. + _Min_Stack_Size)
 *fill*         0x200004a8      0x400 
                0x200008a8                . = ALIGN (0x8)

/DISCARD/
 libc.a(*)
 libm.a(*)
 libgcc.a(*)

.ARM.attributes
                0x00000000       0x28
 *(.ARM.attributes)
 .ARM.attributes
                0x00000000       0x1e f:/stm32/plugins/fr.ac6.mcu.externaltools.arm-none.win32_1.16.0.201807130628/tools/compiler/bin/../lib/gcc/arm-none-eabi/7.2.1/thumb/v6-m/crti.o
 .ARM.attributes
                0x0000001e       0x2c f:/stm32/plugins/fr.ac6.mcu.externaltools.arm-none.win32_1.16.0.201807130628/tools/compiler/bin/../lib/gcc/arm-none-eabi/7.2.1/thumb/v6-m/crtbegin.o
 .ARM.attributes
                0x0000004a       0x31 src/delay.o
 .ARM.attributes
                0x0000007b       0x31 src/main.o
 .ARM.attributes
                0x000000ac       0x21 startup/startup_stm32.o
 .ARM.attributes
                0x000000cd       0x2c f:/stm32/plugins/fr.ac6.mcu.externaltools.arm-none.win32_1.16.0.201807130628/tools/compiler/bin/../lib/gcc/arm-none-eabi/7.2.1/thumb/v6-m\libgcc.a(_fixunssfsi.o)
 .ARM.attributes
                0x000000f9       0x2c f:/stm32/plugins/fr.ac6.mcu.externaltools.arm-none.win32_1.16.0.201807130628/tools/compiler/bin/../lib/gcc/arm-none-eabi/7.2.1/thumb/v6-m\libgcc.a(divsf3.o)
 .ARM.attributes
                0x00000125       0x2c f:/stm32/plugins/fr.ac6.mcu.externaltools.arm-none.win32_1.16.0.201807130628/tools/compiler/bin/../lib/gcc/arm-none-eabi/7.2.1/thumb/v6-m\libgcc.a(mulsf3.o)
 .ARM.attributes
                0x00000151       0x2c f:/stm32/plugins/fr.ac6.mcu.externaltools.arm-none.win32_1.16.0.201807130628/tools/compiler/bin/../lib/gcc/arm-none-eabi/7.2.1/thumb/v6-m\libgcc.a(subsf3.o)
 .ARM.attributes
                0x0000017d       0x2c f:/stm32/plugins/fr.ac6.mcu.externaltools.arm-none.win32_1.16.0.201807130628/tools/compiler/bin/../lib/gcc/arm-none-eabi/7.2.1/thumb/v6-m\libgcc.a(fixsfsi.o)
 .ARM.attributes
                0x000001a9       0x2c f:/stm32/plugins/fr.ac6.mcu.externaltools.arm-none.win32_1.16.0.201807130628/tools/compiler/bin/../lib/gcc/arm-none-eabi/7.2.1/thumb/v6-m\libgcc.a(floatsisf.o)
 .ARM.attributes
                0x000001d5       0x1e f:/stm32/plugins/fr.ac6.mcu.externaltools.arm-none.win32_1.16.0.201807130628/tools/compiler/bin/../lib/gcc/arm-none-eabi/7.2.1/thumb/v6-m\libgcc.a(_arm_cmpsf2.o)
 .ARM.attributes
                0x000001f3       0x1e f:/stm32/plugins/fr.ac6.mcu.externaltools.arm-none.win32_1.16.0.201807130628/tools/compiler/bin/../lib/gcc/arm-none-eabi/7.2.1/thumb/v6-m\libgcc.a(_clzsi2.o)
 .ARM.attributes
                0x00000211       0x2c f:/stm32/plugins/fr.ac6.mcu.externaltools.arm-none.win32_1.16.0.201807130628/tools/compiler/bin/../lib/gcc/arm-none-eabi/7.2.1/thumb/v6-m\libgcc.a(eqsf2.o)
 .ARM.attributes
                0x0000023d       0x2c f:/stm32/plugins/fr.ac6.mcu.externaltools.arm-none.win32_1.16.0.201807130628/tools/compiler/bin/../lib/gcc/arm-none-eabi/7.2.1/thumb/v6-m\libgcc.a(gesf2.o)
 .ARM.attributes
                0x00000269       0x2c f:/stm32/plugins/fr.ac6.mcu.externaltools.arm-none.win32_1.16.0.201807130628/tools/compiler/bin/../lib/gcc/arm-none-eabi/7.2.1/thumb/v6-m\libgcc.a(lesf2.o)
 .ARM.attributes
                0x00000295       0x2c f:/stm32/plugins/fr.ac6.mcu.externaltools.arm-none.win32_1.16.0.201807130628/tools/compiler/bin/../lib/gcc/arm-none-eabi/7.2.1/../../../../arm-none-eabi/lib/thumb/v6-m\libc.a(lib_a-impure.o)
 .ARM.attributes
                0x000002c1       0x2c f:/stm32/plugins/fr.ac6.mcu.externaltools.arm-none.win32_1.16.0.201807130628/tools/compiler/bin/../lib/gcc/arm-none-eabi/7.2.1/../../../../arm-none-eabi/lib/thumb/v6-m\libc.a(lib_a-init.o)
 .ARM.attributes
                0x000002ed       0x2c f:/stm32/plugins/fr.ac6.mcu.externaltools.arm-none.win32_1.16.0.201807130628/tools/compiler/bin/../lib/gcc/arm-none-eabi/7.2.1/../../../../arm-none-eabi/lib/thumb/v6-m\libc.a(lib_a-__call_atexit.o)
 .ARM.attributes
                0x00000319       0x2c f:/stm32/plugins/fr.ac6.mcu.externaltools.arm-none.win32_1.16.0.201807130628/tools/compiler/bin/../lib/gcc/arm-none-eabi/7.2.1/../../../../arm-none-eabi/lib/thumb/v6-m\libc.a(lib_a-atexit.o)
 .ARM.attributes
                0x00000345       0x2c f:/stm32/plugins/fr.ac6.mcu.externaltools.arm-none.win32_1.16.0.201807130628/tools/compiler/bin/../lib/gcc/arm-none-eabi/7.2.1/../../../../arm-none-eabi/lib/thumb/v6-m\libc.a(lib_a-fini.o)
 .ARM.attributes
                0x00000371       0x2c f:/stm32/plugins/fr.ac6.mcu.externaltools.arm-none.win32_1.16.0.201807130628/tools/compiler/bin/../lib/gcc/arm-none-eabi/7.2.1/../../../../arm-none-eabi/lib/thumb/v6-m\libc.a(lib_a-lock.o)
 .ARM.attributes
                0x0000039d       0x2c f:/stm32/plugins/fr.ac6.mcu.externaltools.arm-none.win32_1.16.0.201807130628/tools/compiler/bin/../lib/gcc/arm-none-eabi/7.2.1/../../../../arm-none-eabi/lib/thumb/v6-m\libc.a(lib_a-__atexit.o)
 .ARM.attributes
                0x000003c9       0x1e f:/stm32/plugins/fr.ac6.mcu.externaltools.arm-none.win32_1.16.0.201807130628/tools/compiler/bin/../lib/gcc/arm-none-eabi/7.2.1/thumb/v6-m/crtn.o
OUTPUT(ws2812b.elf elf32-littlearm)

.debug_info     0x00000000      0xeab
 .debug_info    0x00000000      0x3b2 src/delay.o
 .debug_info    0x000003b2      0xad7 src/main.o
 .debug_info    0x00000e89       0x22 startup/startup_stm32.o

.debug_abbrev   0x00000000      0x26c
 .debug_abbrev  0x00000000       0xd4 src/delay.o
 .debug_abbrev  0x000000d4      0x186 src/main.o
 .debug_abbrev  0x0000025a       0x12 startup/startup_stm32.o

.debug_aranges  0x00000000       0xc8
 .debug_aranges
                0x00000000       0x30 src/delay.o
 .debug_aranges
                0x00000030       0x70 src/main.o
 .debug_aranges
                0x000000a0       0x28 startup/startup_stm32.o

.debug_ranges   0x00000000       0xa0
 .debug_ranges  0x00000000       0x20 src/delay.o
 .debug_ranges  0x00000020       0x60 src/main.o
 .debug_ranges  0x00000080       0x20 startup/startup_stm32.o

.debug_macro    0x00000000     0x75d2
 .debug_macro   0x00000000       0x94 src/delay.o
 .debug_macro   0x00000094      0xa54 src/delay.o
 .debug_macro   0x00000ae8       0x81 src/delay.o
 .debug_macro   0x00000b69       0x3a src/delay.o
 .debug_macro   0x00000ba3       0x22 src/delay.o
 .debug_macro   0x00000bc5       0x87 src/delay.o
 .debug_macro   0x00000c4c       0x51 src/delay.o
 .debug_macro   0x00000c9d       0xef src/delay.o
 .debug_macro   0x00000d8c       0x6a src/delay.o
 .debug_macro   0x00000df6      0x1df src/delay.o
 .debug_macro   0x00000fd5       0x1f src/delay.o
 .debug_macro   0x00000ff4      0x242 src/delay.o
 .debug_macro   0x00001236     0x62f2 src/delay.o
 .debug_macro   0x00007528       0xaa src/main.o

.debug_line     0x00000000      0x93b
 .debug_line    0x00000000      0x31c src/delay.o
 .debug_line    0x0000031c      0x5a3 src/main.o
 .debug_line    0x000008bf       0x7c startup/startup_stm32.o

.debug_str      0x00000000    0x273bf
 .debug_str     0x00000000    0x27092 src/delay.o
                              0x27204 (size before relaxing)
 .debug_str     0x00027092      0x303 src/main.o
                              0x274cd (size before relaxing)
 .debug_str     0x00027395       0x2a startup/startup_stm32.o
                                 0x45 (size before relaxing)

.comment        0x00000000       0x7e
 .comment       0x00000000       0x7e src/delay.o
                                 0x7f (size before relaxing)
 .comment       0x0000007e       0x7f src/main.o

.debug_frame    0x00000000      0x52c
 .debug_frame   0x00000000       0x6c src/delay.o
 .debug_frame   0x0000006c      0x158 src/main.o
 .debug_frame   0x000001c4       0x28 f:/stm32/plugins/fr.ac6.mcu.externaltools.arm-none.win32_1.16.0.201807130628/tools/compiler/bin/../lib/gcc/arm-none-eabi/7.2.1/thumb/v6-m\libgcc.a(_fixunssfsi.o)
 .debug_frame   0x000001ec       0x3c f:/stm32/plugins/fr.ac6.mcu.externaltools.arm-none.win32_1.16.0.201807130628/tools/compiler/bin/../lib/gcc/arm-none-eabi/7.2.1/thumb/v6-m\libgcc.a(divsf3.o)
 .debug_frame   0x00000228       0x3c f:/stm32/plugins/fr.ac6.mcu.externaltools.arm-none.win32_1.16.0.201807130628/tools/compiler/bin/../lib/gcc/arm-none-eabi/7.2.1/thumb/v6-m\libgcc.a(mulsf3.o)
 .debug_frame   0x00000264       0x38 f:/stm32/plugins/fr.ac6.mcu.externaltools.arm-none.win32_1.16.0.201807130628/tools/compiler/bin/../lib/gcc/arm-none-eabi/7.2.1/thumb/v6-m\libgcc.a(subsf3.o)
 .debug_frame   0x0000029c       0x20 f:/stm32/plugins/fr.ac6.mcu.externaltools.arm-none.win32_1.16.0.201807130628/tools/compiler/bin/../lib/gcc/arm-none-eabi/7.2.1/thumb/v6-m\libgcc.a(fixsfsi.o)
 .debug_frame   0x000002bc       0x2c f:/stm32/plugins/fr.ac6.mcu.externaltools.arm-none.win32_1.16.0.201807130628/tools/compiler/bin/../lib/gcc/arm-none-eabi/7.2.1/thumb/v6-m\libgcc.a(floatsisf.o)
 .debug_frame   0x000002e8       0x2c f:/stm32/plugins/fr.ac6.mcu.externaltools.arm-none.win32_1.16.0.201807130628/tools/compiler/bin/../lib/gcc/arm-none-eabi/7.2.1/thumb/v6-m\libgcc.a(eqsf2.o)
 .debug_frame   0x00000314       0x2c f:/stm32/plugins/fr.ac6.mcu.externaltools.arm-none.win32_1.16.0.201807130628/tools/compiler/bin/../lib/gcc/arm-none-eabi/7.2.1/thumb/v6-m\libgcc.a(gesf2.o)
 .debug_frame   0x00000340       0x2c f:/stm32/plugins/fr.ac6.mcu.externaltools.arm-none.win32_1.16.0.201807130628/tools/compiler/bin/../lib/gcc/arm-none-eabi/7.2.1/thumb/v6-m\libgcc.a(lesf2.o)
 .debug_frame   0x0000036c       0x2c f:/stm32/plugins/fr.ac6.mcu.externaltools.arm-none.win32_1.16.0.201807130628/tools/compiler/bin/../lib/gcc/arm-none-eabi/7.2.1/../../../../arm-none-eabi/lib/thumb/v6-m\libc.a(lib_a-init.o)
 .debug_frame   0x00000398       0x54 f:/stm32/plugins/fr.ac6.mcu.externaltools.arm-none.win32_1.16.0.201807130628/tools/compiler/bin/../lib/gcc/arm-none-eabi/7.2.1/../../../../arm-none-eabi/lib/thumb/v6-m\libc.a(lib_a-__call_atexit.o)
 .debug_frame   0x000003ec       0x28 f:/stm32/plugins/fr.ac6.mcu.externaltools.arm-none.win32_1.16.0.201807130628/tools/compiler/bin/../lib/gcc/arm-none-eabi/7.2.1/../../../../arm-none-eabi/lib/thumb/v6-m\libc.a(lib_a-atexit.o)
 .debug_frame   0x00000414       0x2c f:/stm32/plugins/fr.ac6.mcu.externaltools.arm-none.win32_1.16.0.201807130628/tools/compiler/bin/../lib/gcc/arm-none-eabi/7.2.1/../../../../arm-none-eabi/lib/thumb/v6-m\libc.a(lib_a-fini.o)
 .debug_frame   0x00000440       0xb0 f:/stm32/plugins/fr.ac6.mcu.externaltools.arm-none.win32_1.16.0.201807130628/tools/compiler/bin/../lib/gcc/arm-none-eabi/7.2.1/../../../../arm-none-eabi/lib/thumb/v6-m\libc.a(lib_a-lock.o)
 .debug_frame   0x000004f0       0x3c f:/stm32/plugins/fr.ac6.mcu.externaltools.arm-none.win32_1.16.0.201807130628/tools/compiler/bin/../lib/gcc/arm-none-eabi/7.2.1/../../../../arm-none-eabi/lib/thumb/v6-m\libc.a(lib_a-__atexit.o)
