u8g_font.c:88:16:u8g_font_get_byte	0	static
u8g_font.c:95:17:u8g_font_get_word	0	static
u8g_font.c:110:16:u8g_font_GetFormat	8	static
u8g_font.c:116:16:u8g_font_GetFontGlyphStructureSize	8	static
u8g_font.c:127:16:u8g_font_GetBBXWidth	8	static
u8g_font.c:132:16:u8g_font_GetBBXHeight	8	static
u8g_font.c:137:15:u8g_font_GetBBXOffX	8	static
u8g_font.c:142:15:u8g_font_GetBBXOffY	8	static
u8g_font.c:201:17:u8g_font_GetGlyphDataStart	8	static
u8g_font.c:278:13:u8g_CopyGlyphDataToCache	16	static
u8g_font.c:337:13:u8g_FillEmptyGlyphCache	0	static
u8g_font.c:1046:12:u8g_font_calc_vref_font	0	static
u8g_font.c:1057:12:u8g_font_calc_vref_bottom	0	static
u8g_font.c:1068:12:u8g_font_calc_vref_top	0	static
u8g_font.c:1087:12:u8g_font_calc_vref_center	0	static
u8g_font.c:1106:6:u8g_font_get_char	0	static
u8g_font.c:1111:6:u8g_font_get_charP	0	static
u8g_font.c:147:9:u8g_font_GetCapitalAHeight	8	static
u8g_font.c:153:10:u8g_font_GetEncoding65Pos	8	static
u8g_font.c:159:10:u8g_font_GetEncoding97Pos	8	static
u8g_font.c:164:9:u8g_font_GetFontStartEncoding	8	static
u8g_font.c:169:9:u8g_font_GetFontEndEncoding	8	static
u8g_font.c:174:8:u8g_font_GetLowerGDescent	8	static
u8g_font.c:179:8:u8g_font_GetFontAscent	8	static
u8g_font.c:184:8:u8g_font_GetFontDescent	8	static
u8g_font.c:189:8:u8g_font_GetFontXAscent	8	static
u8g_font.c:194:8:u8g_font_GetFontXDescent	8	static
u8g_font.c:207:8:u8g_font_GetSize	24	static
u8g_font.c:247:9:u8g_GetFontBBXWidth	8	static
u8g_font.c:252:9:u8g_GetFontBBXHeight	8	static
u8g_font.c:258:8:u8g_GetFontBBXOffX	8	static
u8g_font.c:264:8:u8g_GetFontBBXOffY	8	static
u8g_font.c:270:9:u8g_GetFontCapitalAHeight	8	static
u8g_font.c:350:13:u8g_GetGlyph	32	static
u8g_font.c:1279:13:u8g_font_calc_str_min_box	16	static
u8g_font.c:1373:13:u8g_font_get_str_box_fill_args	24	static
u8g_font.c:420:9:u8g_IsGlyph	8	static
u8g_font.c:427:8:u8g_GetGlyphDeltaX	8	static
u8g_font.c:564:8:u8g_draw_glyph	56	static
u8g_font.c:610:8:u8g_DrawGlyph	24	static
u8g_font.c:616:8:u8g_draw_glyph90	56	static
u8g_font.c:661:8:u8g_DrawGlyph90	24	static
u8g_font.c:668:8:u8g_draw_glyph180	56	static
u8g_font.c:713:8:u8g_DrawGlyph180	24	static
u8g_font.c:720:8:u8g_draw_glyph270	56	static
u8g_font.c:767:8:u8g_DrawGlyph270	24	static
u8g_font.c:793:12:u8g_DrawStr	24	static
u8g_font.c:813:12:u8g_DrawStr90	24	static
u8g_font.c:830:12:u8g_DrawStr180	24	static
u8g_font.c:847:12:u8g_DrawStr270	24	static
u8g_font.c:864:12:u8g_DrawStrDir	8	static
u8g_font.c:880:12:u8g_DrawStrP	24	static
u8g_font.c:901:12:u8g_DrawStr90P	24	static
u8g_font.c:922:12:u8g_DrawStr180P	24	static
u8g_font.c:943:12:u8g_DrawStr270P	24	static
u8g_font.c:964:12:u8g_DrawStrFontBBX	32	static
u8g_font.c:972:8:u8g_DrawGlyphFontBBX	16	static
u8g_font.c:984:6:u8g_UpdateRefHeight	16	static
u8g_font.c:1015:6:u8g_SetFontRefHeightText	8	static
u8g_font.c:1021:6:u8g_SetFontRefHeightExtendedText	8	static
u8g_font.c:1028:6:u8g_SetFontRefHeightAll	8	static
u8g_font.c:1035:6:u8g_SetFontLineSpacingFactor	8	static
u8g_font.c:1051:6:u8g_SetFontPosBaseline	0	static
u8g_font.c:1063:6:u8g_SetFontPosBottom	0	static
u8g_font.c:1082:6:u8g_SetFontPosTop	0	static
u8g_font.c:1098:6:u8g_SetFontPosCenter	0	static
u8g_font.c:1119:12:u8g_font_calc_str_pixel_width	24	static
u8g_font.c:1181:12:u8g_GetStrPixelWidth	8	static
u8g_font.c:1186:12:u8g_GetStrPixelWidthP	8	static
u8g_font.c:1191:8:u8g_GetStrX	8	static
u8g_font.c:1197:8:u8g_GetStrXP	8	static
u8g_font.c:1206:12:u8g_GetStrWidth	16	static
u8g_font.c:1232:12:u8g_GetStrWidthP	16	static
u8g_font.c:1355:6:u8g_font_box_min	8	static
u8g_font.c:1361:6:u8g_font_box_left_gA	0	static
u8g_font.c:1367:6:u8g_font_box_all_gA	0	static
u8g_font.c:1392:6:u8g_GetStrMinBox	48	static
u8g_font.c:1408:6:u8g_GetStrAMinBox	48	static
u8g_font.c:1427:6:u8g_SetFont	8	static
u8g_font.c:1440:8:u8g_draw_aa_glyph	56	static
u8g_font.c:1486:8:u8g_DrawAAGlyph	24	static
u8g_font.c:1492:12:u8g_DrawAAStr	24	static
